Microchip MPLAB XC8 Compiler V1.32 ()

Linker command line:

-W-3 --edf=C:\isaka\application\compiler\xc\xc8\dat\en_msgs.txt -cs \
  -h+dist/default/production\7segLED_driver.X.production.sym \
  --cmf=dist/default/production\7segLED_driver.X.production.cmf -z \
  -Q16F1827 -oC:\Users\shuh7\AppData\Local\Temp\s7ck.6 \
  -Mdist/default/production/7segLED_driver.X.production.map -E1 -ver=XC8 \
  -ASTACK=02029h-0216fh -pstack=STACK -ACONST=00h-0FFhx16 \
  -ACODE=00h-07FFhx2 -ASTRCODE=00h-0FFFh -AENTRY=00h-0FFhx16 \
  -ASTRING=00h-0FFhx16 -ACOMMON=070h-07Fh -ABANK0=020h-06Fh \
  -ABANK1=0A0h-0EFh -ABANK2=0120h-016Fh -ABANK3=01A0h-01EFh \
  -ABANK4=0220h-024Fh -ABIGRAM=02000h-0216Fh \
  -ARAM=020h-06Fh,0A0h-0EFh,0120h-016Fh,01A0h-01EFh,0220h-024Fh \
  -AABS1=020h-07Fh,0A0h-0EFh,0120h-016Fh,01A0h-01EFh,0220h-024Fh \
  -ASFR0=00h-01Fh -ASFR1=080h-09Fh -ASFR2=0100h-011Fh -ASFR3=0180h-019Fh \
  -ASFR4=0200h-021Fh -ASFR5=0280h-02EFh -ASFR6=0300h-036Fh \
  -ASFR7=0380h-03EFh -ASFR8=0400h-046Fh -ASFR9=0480h-04EFh \
  -ASFR10=0500h-056Fh -ASFR11=0580h-05EFh -ASFR12=0600h-066Fh \
  -ASFR13=0680h-06EFh -ASFR14=0700h-076Fh -ASFR15=0780h-07EFh \
  -ASFR16=0800h-086Fh -ASFR17=0880h-08EFh -ASFR18=0900h-096Fh \
  -ASFR19=0980h-09EFh -ASFR20=0A00h-0A6Fh -ASFR21=0A80h-0AEFh \
  -ASFR22=0B00h-0B6Fh -ASFR23=0B80h-0BEFh -ASFR24=0C00h-0C6Fh \
  -ASFR25=0C80h-0CEFh -ASFR26=0D00h-0D6Fh -ASFR27=0D80h-0DEFh \
  -ASFR28=0E00h-0E6Fh -ASFR29=0E80h-0EEFh -ASFR30=0F00h-0F6Fh \
  -ASFR31=0F80h-0FEFh -preset_vec=00h,intentry=04h,init,end_init \
  -ppowerup=CODE -pcinit=CODE -pfunctab=CODE -ACONFIG=08007h-08008h \
  -pconfig=CONFIG -DCONFIG=2 -AIDLOC=08000h-08003h -pidloc=IDLOC -DIDLOC=2 \
  -AEEDATA=00h-0FFh/0F000h -peeprom_data=EEDATA -DEEDATA=2 -DCODE=2 \
  -DSTRCODE=2 -DSTRING=2 -DCONST=2 -DENTRY=2 -k \
  C:\Users\shuh7\AppData\Local\Temp\s7ck.obj \
  dist/default/production\7segLED_driver.X.production.obj 

Object code version is 3.11

Machine type is 16F1827



                Name                               Link     Load   Length Selector   Space Scale
C:\Users\shuh7\AppData\Local\Temp\s7ck.obj
                end_init                             26       26        2        8       0
                reset_vec                             0        0        2        0       0
                config                             8007     8007        2    1000E       0
dist/default/production\7segLED_driver.X.production.obj
                cinit                                28       28       11        8       0
                intentry                              4        4       22        8       0
                text24                              379      379       10        8       0
                text22                              369      369       10        8       0
                text21                              389      389        B        8       0
                text20                              342      342       16        8       0
                text19                              3E9      3E9        4        8       0
                text18                              358      358       11        8       0
                text17                              3D4      3D4        8        8       0
                text16                              3CC      3CC        8        8       0
                text15                              3C4      3C4        8        8       0
                text14                              3BC      3BC        8        8       0
                text13                              3B4      3B4        8        8       0
                text12                              3AC      3AC        8        8       0
                text11                              3A4      3A4        8        8       0
                text10                              39C      39C        8        8       0
                text9                               13D      13D       99        8       0
                text8                               30F      30F       1A        8       0
                text7                                39       39      104        8       0
                text6                               329      329       19        8       0
                text5                               26C      26C       37        8       0
                text4                               2A3      2A3       2F        8       0
                text3                               2D2      2D2       20        8       0
                text2                               1D6      1D6       96        8       0
                text1                               2F2      2F2       1D        8       0
                maintext                            3DC      3DC        7        8       0
                cstackBANK0                          20       20       20       20       1
                cstackCOMMON                         70       70        9       70       1
                inittext                            3E3      3E3        6        8       0
                dataBANK0                            40       40        8       20       1
                bssBANK0                             48       48        1       20       1
                bssCOMMON                            79       79        1       70       1
                idataBANK0                          394      394        8        8       0

TOTAL           Name                               Link     Load   Length     Space
        CLASS   STACK          

        CLASS   CONST          

        CLASS   CODE           
                end_init                             26       26        2         0
                cinit                                28       28       11         0
                intentry                              4        4       22         0
                reset_vec                             0        0        2         0
                text24                              379      379       10         0
                text22                              369      369       10         0
                text21                              389      389        B         0
                text20                              342      342       16         0
                text19                              3E9      3E9        4         0
                text18                              358      358       11         0
                text17                              3D4      3D4        8         0
                text16                              3CC      3CC        8         0
                text15                              3C4      3C4        8         0
                text14                              3BC      3BC        8         0
                text13                              3B4      3B4        8         0
                text12                              3AC      3AC        8         0
                text11                              3A4      3A4        8         0
                text10                              39C      39C        8         0
                text9                               13D      13D       99         0
                text8                               30F      30F       1A         0
                text7                                39       39      104         0
                text6                               329      329       19         0
                text5                               26C      26C       37         0
                text4                               2A3      2A3       2F         0
                text3                               2D2      2D2       20         0
                text2                               1D6      1D6       96         0
                text1                               2F2      2F2       1D         0
                maintext                            3DC      3DC        7         0
                inittext                            3E3      3E3        6         0
                idataBANK0                          394      394        8         0

        CLASS   STRCODE        

        CLASS   ENTRY          

        CLASS   STRING         

        CLASS   COMMON         
                cstackCOMMON                         70       70        9         1
                bssCOMMON                            79       79        1         1

        CLASS   BANK0          
                cstackBANK0                          20       20       20         1
                dataBANK0                            40       40        8         1
                bssBANK0                             48       48        1         1

        CLASS   BANK1          

        CLASS   BANK2          

        CLASS   BANK3          

        CLASS   BANK4          

        CLASS   BIGRAM         

        CLASS   RAM            

        CLASS   ABS1           
                abs_s1                               7E       7E        2         1

        CLASS   SFR0           

        CLASS   SFR1           

        CLASS   SFR2           

        CLASS   SFR3           

        CLASS   SFR4           

        CLASS   SFR5           

        CLASS   SFR6           

        CLASS   SFR7           

        CLASS   SFR8           

        CLASS   SFR9           

        CLASS   SFR10          

        CLASS   SFR11          

        CLASS   SFR12          

        CLASS   SFR13          

        CLASS   SFR14          

        CLASS   SFR15          

        CLASS   SFR16          

        CLASS   SFR17          

        CLASS   SFR18          

        CLASS   SFR19          

        CLASS   SFR20          

        CLASS   SFR21          

        CLASS   SFR22          

        CLASS   SFR23          

        CLASS   SFR24          

        CLASS   SFR25          

        CLASS   SFR26          

        CLASS   SFR27          

        CLASS   SFR28          

        CLASS   SFR29          

        CLASS   SFR30          

        CLASS   SFR31          

        CLASS   CONFIG         
                config                             8007     8007        2         0

        CLASS   IDLOC          

        CLASS   EEDATA         

        CLASS   BANK31         

        CLASS   BANK30         

        CLASS   BANK29         

        CLASS   BANK28         

        CLASS   BANK27         

        CLASS   BANK26         

        CLASS   BANK25         

        CLASS   BANK24         

        CLASS   BANK23         

        CLASS   BANK22         

        CLASS   BANK21         

        CLASS   BANK20         

        CLASS   BANK19         

        CLASS   BANK18         

        CLASS   BANK17         

        CLASS   BANK16         

        CLASS   BANK15         

        CLASS   BANK14         

        CLASS   BANK13         

        CLASS   BANK12         

        CLASS   BANK11         

        CLASS   BANK10         

        CLASS   BANK9          

        CLASS   BANK8          

        CLASS   BANK7          

        CLASS   BANK6          

        CLASS   BANK5          



SEGMENTS        Name                           Load    Length   Top    Selector   Space  Class     Delta

                reset_vec                      000000  000002  000002         0       0  CODE        2
                intentry                       000004  0003E9  0003ED         8       0  CODE        2
                cstackBANK0                    000020  000029  000049        20       1  BANK0       1
                cstackCOMMON                   000070  00000A  00007A        70       1  COMMON      1
                config                         008007  000002  008009     1000E       0  CONFIG      2


UNUSED ADDRESS RANGES

        Name                Unused          Largest block    Delta
        BANK0            00049-0006F              27           1
        BANK1            000A0-000EF              50           1
        BANK2            00120-0016F              50           1
        BANK3            001A0-001EF              50           1
        BANK4            00220-0024F              30           1
        BIGRAM           02000-0216F             170           1
        CODE             00002-00003               2           2
                         003ED-00FFF             413
        COMMON           0007A-0007D               4           1
        CONST            00002-00003               2           2
                         003ED-00FFF             100
        EEDATA           0F000-0F0FF             100           2
        ENTRY            00002-00003               2           2
                         003ED-00FFF             100
        IDLOC            08000-08003               4           2
        RAM              00049-0006F              27           1
                         000A0-000EF              50
                         00120-0016F              50
                         001A0-001EF              50
                         00220-0024F              30
        SFR0             00000-0001F              20           1
        SFR1             00080-0009F              20           1
        SFR10            00500-0056F              70           1
        SFR11            00580-005EF              70           1
        SFR12            00600-0066F              70           1
        SFR13            00680-006EF              70           1
        SFR14            00700-0076F              70           1
        SFR15            00780-007EF              70           1
        SFR16            00800-0086F              70           1
        SFR17            00880-008EF              70           1
        SFR18            00900-0096F              70           1
        SFR19            00980-009EF              70           1
        SFR2             00100-0011F              20           1
        SFR20            00A00-00A6F              70           1
        SFR21            00A80-00AEF              70           1
        SFR22            00B00-00B6F              70           1
        SFR23            00B80-00BEF              70           1
        SFR24            00C00-00C6F              70           1
        SFR25            00C80-00CEF              70           1
        SFR26            00D00-00D6F              70           1
        SFR27            00D80-00DEF              70           1
        SFR28            00E00-00E6F              70           1
        SFR29            00E80-00EEF              70           1
        SFR3             00180-0019F              20           1
        SFR30            00F00-00F6F              70           1
        SFR31            00F80-00FEF              70           1
        SFR4             00200-0021F              20           1
        SFR5             00280-002EF              70           1
        SFR6             00300-0036F              70           1
        SFR7             00380-003EF              70           1
        SFR8             00400-0046F              70           1
        SFR9             00480-004EF              70           1
        STACK            02029-0216F             147           1
        STRCODE          00002-00003               2           2
                         003ED-00FFF             C13
        STRING           00002-00003               2           2
                         003ED-00FFF             100

                                  Symbol Table

?___lwdiv                 cstackBANK0  00022
?___lwmod                 cstackBANK0  00029
?___wmul                  cstackCOMMON 00074
_ANSELA                   (abs)        0018C
_ANSELB                   (abs)        0018D
_BCL1IE                   (abs)        00493
_BCL1IF                   (abs)        00093
_GIE                      (abs)        0005F
_OSCCON                   (abs)        00099
_PEIE                     (abs)        0005E
_PORTA                    (abs)        0000C
_PORTB                    (abs)        0000D
_PR4                      (abs)        00416
_RA0                      (abs)        00060
_RA1                      (abs)        00061
_RA2                      (abs)        00062
_RA3                      (abs)        00063
_RA6                      (abs)        00066
_RA7                      (abs)        00067
_RB2                      (abs)        0006A
_RB5                      (abs)        0006D
_RB6                      (abs)        0006E
_RB7                      (abs)        0006F
_SSP1ADD                  (abs)        00212
_SSP1BUF                  (abs)        00211
_SSP1CON1                 (abs)        00215
_SSP1CON1bits             (abs)        00215
_SSP1CON2bits             (abs)        00216
_SSP1IE                   (abs)        0048B
_SSP1IF                   (abs)        0008B
_SSP1STAT                 (abs)        00214
_SSP1STATbits             (abs)        00214
_T4CON                    (abs)        00417
_TMR4                     (abs)        00415
_TMR4IE                   (abs)        00499
_TMR4IF                   (abs)        00099
_TMR4ON                   (abs)        020BA
_TRISA                    (abs)        0008C
_TRISB                    (abs)        0008D
__CFG_BOREN$ON            (abs)        00000
__CFG_BORV$HI             (abs)        00000
__CFG_CLKOUTEN$OFF        (abs)        00000
__CFG_CP$OFF              (abs)        00000
__CFG_CPD$OFF             (abs)        00000
__CFG_FCMEN$OFF           (abs)        00000
__CFG_FOSC$INTOSC         (abs)        00000
__CFG_IESO$OFF            (abs)        00000
__CFG_LVP$OFF             (abs)        00000
__CFG_MCLRE$OFF           (abs)        00000
__CFG_PLLEN$OFF           (abs)        00000
__CFG_PWRTE$ON            (abs)        00000
__CFG_STVREN$ON           (abs)        00000
__CFG_WDTE$OFF            (abs)        00000
__CFG_WRT$OFF             (abs)        00000
__Habs1                   abs1         00000
__Hbank0                  bank0        00000
__Hbank1                  bank1        00000
__Hbank10                 bank10       00000
__Hbank11                 bank11       00000
__Hbank12                 bank12       00000
__Hbank13                 bank13       00000
__Hbank14                 bank14       00000
__Hbank15                 bank15       00000
__Hbank16                 bank16       00000
__Hbank17                 bank17       00000
__Hbank18                 bank18       00000
__Hbank19                 bank19       00000
__Hbank2                  bank2        00000
__Hbank20                 bank20       00000
__Hbank21                 bank21       00000
__Hbank22                 bank22       00000
__Hbank23                 bank23       00000
__Hbank24                 bank24       00000
__Hbank25                 bank25       00000
__Hbank26                 bank26       00000
__Hbank27                 bank27       00000
__Hbank28                 bank28       00000
__Hbank29                 bank29       00000
__Hbank3                  bank3        00000
__Hbank30                 bank30       00000
__Hbank31                 bank31       00000
__Hbank4                  bank4        00000
__Hbank5                  bank5        00000
__Hbank6                  bank6        00000
__Hbank7                  bank7        00000
__Hbank8                  bank8        00000
__Hbank9                  bank9        00000
__Hbigram                 bigram       00000
__HbssBANK0               bssBANK0     00000
__HbssCOMMON              bssCOMMON    00000
__Hcinit                  cinit        00039
__Hclrtext                clrtext      00000
__Hcode                   code         00000
__Hcommon                 common       00000
__Hconfig                 config       08009
__HcstackBANK0            cstackBANK0  00000
__HcstackCOMMON           cstackCOMMON 00000
__HdataBANK0              dataBANK0    00000
__Heeprom_data            eeprom_data  00000
__Hend_init               end_init     00028
__Hfunctab                functab      00000
__HidataBANK0             idataBANK0   00000
__Hidloc                  idloc        00000
__Hinit                   init         00026
__Hinittext               inittext     00000
__Hintentry               intentry     00026
__Hmaintext               maintext     00000
__Hpowerup                powerup      00000
__Hram                    ram          00000
__Hreset_vec              reset_vec    00002
__Hsfr0                   sfr0         00000
__Hsfr1                   sfr1         00000
__Hsfr10                  sfr10        00000
__Hsfr11                  sfr11        00000
__Hsfr12                  sfr12        00000
__Hsfr13                  sfr13        00000
__Hsfr14                  sfr14        00000
__Hsfr15                  sfr15        00000
__Hsfr16                  sfr16        00000
__Hsfr17                  sfr17        00000
__Hsfr18                  sfr18        00000
__Hsfr19                  sfr19        00000
__Hsfr2                   sfr2         00000
__Hsfr20                  sfr20        00000
__Hsfr21                  sfr21        00000
__Hsfr22                  sfr22        00000
__Hsfr23                  sfr23        00000
__Hsfr24                  sfr24        00000
__Hsfr25                  sfr25        00000
__Hsfr26                  sfr26        00000
__Hsfr27                  sfr27        00000
__Hsfr28                  sfr28        00000
__Hsfr29                  sfr29        00000
__Hsfr3                   sfr3         00000
__Hsfr30                  sfr30        00000
__Hsfr31                  sfr31        00000
__Hsfr4                   sfr4         00000
__Hsfr5                   sfr5         00000
__Hsfr6                   sfr6         00000
__Hsfr7                   sfr7         00000
__Hsfr8                   sfr8         00000
__Hsfr9                   sfr9         00000
__Hspace_0                (abs)        08009
__Hspace_1                (abs)        0007A
__Hspace_2                (abs)        00000
__Hspace_3                (abs)        00000
__Hstack                  stack        00000
__Hstrings                strings      00000
__Htext                   text         00000
__Labs1                   abs1         00000
__Lbank0                  bank0        00000
__Lbank1                  bank1        00000
__Lbank10                 bank10       00000
__Lbank11                 bank11       00000
__Lbank12                 bank12       00000
__Lbank13                 bank13       00000
__Lbank14                 bank14       00000
__Lbank15                 bank15       00000
__Lbank16                 bank16       00000
__Lbank17                 bank17       00000
__Lbank18                 bank18       00000
__Lbank19                 bank19       00000
__Lbank2                  bank2        00000
__Lbank20                 bank20       00000
__Lbank21                 bank21       00000
__Lbank22                 bank22       00000
__Lbank23                 bank23       00000
__Lbank24                 bank24       00000
__Lbank25                 bank25       00000
__Lbank26                 bank26       00000
__Lbank27                 bank27       00000
__Lbank28                 bank28       00000
__Lbank29                 bank29       00000
__Lbank3                  bank3        00000
__Lbank30                 bank30       00000
__Lbank31                 bank31       00000
__Lbank4                  bank4        00000
__Lbank5                  bank5        00000
__Lbank6                  bank6        00000
__Lbank7                  bank7        00000
__Lbank8                  bank8        00000
__Lbank9                  bank9        00000
__Lbigram                 bigram       00000
__LbssBANK0               bssBANK0     00000
__LbssCOMMON              bssCOMMON    00000
__Lcinit                  cinit        00028
__Lclrtext                clrtext      00000
__Lcode                   code         00000
__Lcommon                 common       00000
__Lconfig                 config       08007
__LcstackBANK0            cstackBANK0  00000
__LcstackCOMMON           cstackCOMMON 00000
__LdataBANK0              dataBANK0    00000
__Leeprom_data            eeprom_data  00000
__Lend_init               end_init     00026
__Lfunctab                functab      00000
__LidataBANK0             idataBANK0   00000
__Lidloc                  idloc        00000
__Linit                   init         00026
__Linittext               inittext     00000
__Lintentry               intentry     00004
__Lmaintext               maintext     00000
__Lpowerup                powerup      00000
__Lram                    ram          00000
__Lreset_vec              reset_vec    00000
__Lsfr0                   sfr0         00000
__Lsfr1                   sfr1         00000
__Lsfr10                  sfr10        00000
__Lsfr11                  sfr11        00000
__Lsfr12                  sfr12        00000
__Lsfr13                  sfr13        00000
__Lsfr14                  sfr14        00000
__Lsfr15                  sfr15        00000
__Lsfr16                  sfr16        00000
__Lsfr17                  sfr17        00000
__Lsfr18                  sfr18        00000
__Lsfr19                  sfr19        00000
__Lsfr2                   sfr2         00000
__Lsfr20                  sfr20        00000
__Lsfr21                  sfr21        00000
__Lsfr22                  sfr22        00000
__Lsfr23                  sfr23        00000
__Lsfr24                  sfr24        00000
__Lsfr25                  sfr25        00000
__Lsfr26                  sfr26        00000
__Lsfr27                  sfr27        00000
__Lsfr28                  sfr28        00000
__Lsfr29                  sfr29        00000
__Lsfr3                   sfr3         00000
__Lsfr30                  sfr30        00000
__Lsfr31                  sfr31        00000
__Lsfr4                   sfr4         00000
__Lsfr5                   sfr5         00000
__Lsfr6                   sfr6         00000
__Lsfr7                   sfr7         00000
__Lsfr8                   sfr8         00000
__Lsfr9                   sfr9         00000
__Lspace_0                (abs)        00000
__Lspace_1                (abs)        00000
__Lspace_2                (abs)        00000
__Lspace_3                (abs)        00000
__Lstack                  stack        00000
__Lstrings                strings      00000
__Ltext                   text         00000
__S0                      (abs)        08009
__S1                      (abs)        0007A
__S2                      (abs)        00000
__S3                      (abs)        00000
___int_sp                 stack        00000
___latbits                (abs)        00001
___lwdiv                  text5        0026C
___lwdiv@counter          cstackBANK0  00026
___lwdiv@dividend         cstackBANK0  00024
___lwdiv@divisor          cstackBANK0  00022
___lwdiv@quotient         cstackBANK0  00027
___lwmod                  text4        002A3
___lwmod@counter          cstackBANK0  0002E
___lwmod@dividend         cstackBANK0  0002B
___lwmod@divisor          cstackBANK0  00029
___sp                     stack        00000
___wmul                   text3        002D2
___wmul@multiplicand      cstackCOMMON 00076
___wmul@multiplier        cstackCOMMON 00074
___wmul@product           cstackBANK0  00020
__end_of___lwdiv          text5        002A3
__end_of___lwmod          text4        002D2
__end_of___wmul           text3        002F2
__end_of__initialization  cinit        00035
__end_of_close2           text19       003ED
__end_of_error2           text6        00342
__end_of_init             text20       00358
__end_of_init_I2C_slave   text22       00379
__end_of_init_Timer4      text21       00394
__end_of_interrupt_I2C    text24       00389
__end_of_interruption     intentry     00026
__end_of_light2           text7        0013D
__end_of_loop             text1        0030F
__end_of_main             maintext     003E3
__end_of_num_digits_conv  text2        0026C
__end_of_open2            text18       00369
__end_of_set_a            text17       003DC
__end_of_set_b            text16       003D4
__end_of_set_c            text15       003CC
__end_of_set_d            text14       003C4
__end_of_set_e            text13       003BC
__end_of_set_f            text12       003B4
__end_of_set_g            text11       003AC
__end_of_set_num          text9        001D6
__end_of_set_p            text10       003A4
__end_of_wait             text8        00329
__initialization          cinit        00028
__pbssBANK0               bssBANK0     00048
__pbssCOMMON              bssCOMMON    00079
__pcstackBANK0            cstackBANK0  00020
__pcstackCOMMON           cstackCOMMON 00070
__pdataBANK0              dataBANK0    00040
__pidataBANK0             idataBANK0   00394
__pintentry               intentry     00004
__pmaintext               maintext     003DC
__ptext1                  text1        002F2
__ptext10                 text10       0039C
__ptext11                 text11       003A4
__ptext12                 text12       003AC
__ptext13                 text13       003B4
__ptext14                 text14       003BC
__ptext15                 text15       003C4
__ptext16                 text16       003CC
__ptext17                 text17       003D4
__ptext18                 text18       00358
__ptext19                 text19       003E9
__ptext2                  text2        001D6
__ptext20                 text20       00342
__ptext21                 text21       00389
__ptext22                 text22       00369
__ptext24                 text24       00379
__ptext3                  text3        002D2
__ptext4                  text4        002A3
__ptext5                  text5        0026C
__ptext6                  text6        00329
__ptext7                  text7        00039
__ptext8                  text8        0030F
__ptext9                  text9        0013D
__size_of___lwdiv         (abs)        00000
__size_of___lwmod         (abs)        00000
__size_of___wmul          (abs)        00000
__size_of_close2          (abs)        00000
__size_of_error2          (abs)        00000
__size_of_init            (abs)        00000
__size_of_init_I2C_slave  (abs)        00000
__size_of_init_Timer4     (abs)        00000
__size_of_interrupt_I2C   (abs)        00000
__size_of_interruption    (abs)        00000
__size_of_light2          (abs)        00000
__size_of_loop            (abs)        00000
__size_of_main            (abs)        00000
__size_of_num_digits_conv (abs)        00000
__size_of_open2           (abs)        00000
__size_of_set_a           (abs)        00000
__size_of_set_b           (abs)        00000
__size_of_set_c           (abs)        00000
__size_of_set_d           (abs)        00000
__size_of_set_e           (abs)        00000
__size_of_set_f           (abs)        00000
__size_of_set_g           (abs)        00000
__size_of_set_num         (abs)        00000
__size_of_set_p           (abs)        00000
__size_of_wait            (abs)        00000
_close2                   text19       003E9
_counter                  bssCOMMON    00079
_error2                   text6        00329
_init                     text20       00342
_init_I2C_slave           text22       00369
_init_Timer4              text21       00389
_interrupt_I2C            text24       00379
_interruption             intentry     00004
_light2                   text7        00039
_loop                     text1        002F2
_main                     maintext     003DC
_num_digits_conv          text2        001D6
_open2                    text18       00358
_received_data            bssBANK0     00048
_set_a                    text17       003D4
_set_b                    text16       003CC
_set_c                    text15       003C4
_set_d                    text14       003BC
_set_e                    text13       003B4
_set_f                    text12       003AC
_set_g                    text11       003A4
_set_num                  text9        0013D
_set_p                    text10       0039C
_wait                     text8        0030F
btemp                     (abs)        0007E
end_of_initialization     cinit        00035
error2@F2797              dataBANK0    00040
error2@F2799              dataBANK0    00044
error2@error_digit        cstackBANK0  0002E
error2@error_dot          cstackBANK0  0002A
init_I2C_slave@addr       cstackCOMMON 00074
init_ram                  inittext     003E3
interrupt_I2C@x           cstackCOMMON 00071
intlevel0                 functab      00000
intlevel1                 functab      00000
intlevel2                 functab      00000
intlevel3                 functab      00000
intlevel4                 functab      00000
intlevel5                 functab      00000
light2@digit              cstackBANK0  00026
light2@dot                cstackBANK0  00023
light2@i                  cstackBANK0  00027
light2@num                cstackBANK0  00024
loop@digit                cstackBANK0  0003C
loop@dot                  cstackBANK0  00038
ltemp                     (abs)        0007E
ltemp0                    (abs)        0007E
ltemp1                    (abs)        00082
ltemp2                    (abs)        00086
ltemp3                    (abs)        00080
num_digits_conv@data      cstackBANK0  00033
num_digits_conv@digit     cstackBANK0  0002F
num_digits_conv@dot       cstackBANK0  00030
num_digits_conv@num       cstackBANK0  00034
open2@digit_select        cstackCOMMON 00074
pic14e$flags              (abs)        0007E
reset_vec                 reset_vec    00000
set_a@on_off              cstackCOMMON 00074
set_b@on_off              cstackCOMMON 00074
set_c@on_off              cstackCOMMON 00074
set_d@on_off              cstackCOMMON 00074
set_e@on_off              cstackCOMMON 00074
set_f@on_off              cstackCOMMON 00074
set_g@on_off              cstackCOMMON 00074
set_num@num               cstackCOMMON 00076
set_p@on_off              cstackCOMMON 00074
stackhi                   (abs)        0216F
stacklo                   (abs)        02029
start                     init         00026
start_initialization      cinit        00028
ttemp                     (abs)        0007E
ttemp0                    (abs)        0007E
ttemp1                    (abs)        00081
ttemp2                    (abs)        00084
ttemp3                    (abs)        00087
ttemp4                    (abs)        0007F
wait@i                    cstackBANK0  00020
wait@wait_time            cstackCOMMON 00074
wtemp                     (abs)        0007E
wtemp0                    (abs)        0007E
wtemp1                    (abs)        00080
wtemp2                    (abs)        00082
wtemp3                    (abs)        00084
wtemp4                    (abs)        00086
wtemp5                    (abs)        00088
wtemp6                    (abs)        0007F


FUNCTION INFORMATION:

 *************** function _main *****************
 Defined at:
		line 59 in file "main.c"
 Parameters:    Size  Location     Type
		None
 Auto vars:     Size  Location     Type
		None
 Return value:  Size  Location     Type
		None               void
 Registers used:
		wreg, fsr1l, fsr1h, status,2, status,0, pclath, cstack
 Tracked objects:
		On entry : 
		On exit  : 
		Unchanged: 
 Data sizes:     COMMON   BANK0   BANK1   BANK2   BANK3   BANK4
      Params:         0       0       0       0       0       0
      Locals:         0       0       0       0       0       0
      Temps:          0       0       0       0       0       0
      Totals:         0       0       0       0       0       0
Total ram usage:        0 bytes
 Hardware stack levels required when called:    7
 This function calls:
		_init
		_loop
 This function is called by:
		Startup code after reset
 This function uses a non-reentrant model


 *************** function _loop *****************
 Defined at:
		line 101 in file "main.c"
 Parameters:    Size  Location     Type
		None
 Auto vars:     Size  Location     Type
  digit           4   28[BANK0 ] int [2]
  dot             4   24[BANK0 ] int [2]
 Return value:  Size  Location     Type
		None               void
 Registers used:
		wreg, fsr1l, fsr1h, status,2, status,0, pclath, cstack
 Tracked objects:
		On entry : 
		On exit  : 
		Unchanged: 
 Data sizes:     COMMON   BANK0   BANK1   BANK2   BANK3   BANK4
      Params:         0       0       0       0       0       0
      Locals:         0       8       0       0       0       0
      Temps:          0       2       0       0       0       0
      Totals:         0      10       0       0       0       0
Total ram usage:       10 bytes
 Hardware stack levels used:    1
 Hardware stack levels required when called:    6
 This function calls:
		_error2
		_light2
		_num_digits_conv
 This function is called by:
		_main
 This function uses a non-reentrant model


 *************** function _num_digits_conv *****************
 Defined at:
		line 113 in file "main.c"
 Parameters:    Size  Location     Type
  data            1    wreg     unsigned char 
  digit           1   15[BANK0 ] PTR int 
		 -> loop@digit(4), 
  dot             1   16[BANK0 ] PTR int 
		 -> loop@dot(4), 
 Auto vars:     Size  Location     Type
  data            1   19[BANK0 ] unsigned char 
  num             2   20[BANK0 ] unsigned int 
 Return value:  Size  Location     Type
		None               void
 Registers used:
		wreg, fsr1l, fsr1h, status,2, status,0, pclath, cstack
 Tracked objects:
		On entry : 
		On exit  : 
		Unchanged: 
 Data sizes:     COMMON   BANK0   BANK1   BANK2   BANK3   BANK4
      Params:         0       2       0       0       0       0
      Locals:         0       3       0       0       0       0
      Temps:          0       2       0       0       0       0
      Totals:         0       7       0       0       0       0
Total ram usage:        7 bytes
 Hardware stack levels used:    1
 Hardware stack levels required when called:    3
 This function calls:
		___lwdiv
		___lwmod
		___wmul
 This function is called by:
		_loop
 This function uses a non-reentrant model


 *************** function ___wmul *****************
 Defined at:
		line 15 in file "C:\isaka\application\compiler\xc\xc8\sources\common\Umul16.c"
 Parameters:    Size  Location     Type
  multiplier      2    4[COMMON] unsigned int 
  multiplicand    2    6[COMMON] unsigned int 
 Auto vars:     Size  Location     Type
  product         2    0[BANK0 ] unsigned int 
 Return value:  Size  Location     Type
                  2    4[COMMON] unsigned int 
 Registers used:
		wreg, status,2, status,0
 Tracked objects:
		On entry : 
		On exit  : 
		Unchanged: 
 Data sizes:     COMMON   BANK0   BANK1   BANK2   BANK3   BANK4
      Params:         4       0       0       0       0       0
      Locals:         0       2       0       0       0       0
      Temps:          0       0       0       0       0       0
      Totals:         4       2       0       0       0       0
Total ram usage:        6 bytes
 Hardware stack levels used:    1
 Hardware stack levels required when called:    2
 This function calls:
		Nothing
 This function is called by:
		_num_digits_conv
 This function uses a non-reentrant model


 *************** function ___lwmod *****************
 Defined at:
		line 6 in file "C:\isaka\application\compiler\xc\xc8\sources\common\lwmod.c"
 Parameters:    Size  Location     Type
  divisor         2    9[BANK0 ] unsigned int 
  dividend        2   11[BANK0 ] unsigned int 
 Auto vars:     Size  Location     Type
  counter         1   14[BANK0 ] unsigned char 
 Return value:  Size  Location     Type
                  2    9[BANK0 ] unsigned int 
 Registers used:
		wreg, status,2, status,0
 Tracked objects:
		On entry : 
		On exit  : 
		Unchanged: 
 Data sizes:     COMMON   BANK0   BANK1   BANK2   BANK3   BANK4
      Params:         0       4       0       0       0       0
      Locals:         0       1       0       0       0       0
      Temps:          0       1       0       0       0       0
      Totals:         0       6       0       0       0       0
Total ram usage:        6 bytes
 Hardware stack levels used:    1
 Hardware stack levels required when called:    2
 This function calls:
		Nothing
 This function is called by:
		_num_digits_conv
 This function uses a non-reentrant model


 *************** function ___lwdiv *****************
 Defined at:
		line 6 in file "C:\isaka\application\compiler\xc\xc8\sources\common\lwdiv.c"
 Parameters:    Size  Location     Type
  divisor         2    2[BANK0 ] unsigned int 
  dividend        2    4[BANK0 ] unsigned int 
 Auto vars:     Size  Location     Type
  quotient        2    7[BANK0 ] unsigned int 
  counter         1    6[BANK0 ] unsigned char 
 Return value:  Size  Location     Type
                  2    2[BANK0 ] unsigned int 
 Registers used:
		wreg, status,2, status,0
 Tracked objects:
		On entry : 
		On exit  : 
		Unchanged: 
 Data sizes:     COMMON   BANK0   BANK1   BANK2   BANK3   BANK4
      Params:         0       4       0       0       0       0
      Locals:         0       3       0       0       0       0
      Temps:          1       0       0       0       0       0
      Totals:         1       7       0       0       0       0
Total ram usage:        8 bytes
 Hardware stack levels used:    1
 Hardware stack levels required when called:    2
 This function calls:
		Nothing
 This function is called by:
		_num_digits_conv
 This function uses a non-reentrant model


 *************** function _error2 *****************
 Defined at:
		line 58 in file "display.c"
 Parameters:    Size  Location     Type
		None
 Auto vars:     Size  Location     Type
  error_digit     4   14[BANK0 ] int [2]
  error_dot       4   10[BANK0 ] int [2]
 Return value:  Size  Location     Type
		None               void
 Registers used:
		wreg, fsr1l, fsr1h, status,2, status,0, pclath, cstack
 Tracked objects:
		On entry : 
		On exit  : 
		Unchanged: 
 Data sizes:     COMMON   BANK0   BANK1   BANK2   BANK3   BANK4
      Params:         0       0       0       0       0       0
      Locals:         0       8       0       0       0       0
      Temps:          0       1       0       0       0       0
      Totals:         0       9       0       0       0       0
Total ram usage:        9 bytes
 Hardware stack levels used:    1
 Hardware stack levels required when called:    5
 This function calls:
		_light2
 This function is called by:
		_loop
 This function uses a non-reentrant model


 *************** function _light2 *****************
 Defined at:
		line 22 in file "display.c"
 Parameters:    Size  Location     Type
  digit           1    wreg     PTR int 
		 -> error2@error_digit(4), loop@digit(4), 
  dot             1    3[BANK0 ] PTR int 
		 -> error2@error_dot(4), loop@dot(4), 
 Auto vars:     Size  Location     Type
  digit           1    6[BANK0 ] PTR int 
		 -> error2@error_digit(4), loop@digit(4), 
  i               2    7[BANK0 ] int 
  num             2    4[BANK0 ] int 
 Return value:  Size  Location     Type
		None               void
 Registers used:
		wreg, fsr1l, fsr1h, status,2, status,0, pclath, cstack
 Tracked objects:
		On entry : 
		On exit  : 
		Unchanged: 
 Data sizes:     COMMON   BANK0   BANK1   BANK2   BANK3   BANK4
      Params:         0       1       0       0       0       0
      Locals:         0       5       0       0       0       0
      Temps:          1       0       0       0       0       0
      Totals:         1       6       0       0       0       0
Total ram usage:        7 bytes
 Hardware stack levels used:    1
 Hardware stack levels required when called:    4
 This function calls:
		_close2
		_open2
		_set_num
		_wait
 This function is called by:
		_loop
		_error2
 This function uses a non-reentrant model


 *************** function _wait *****************
 Defined at:
		line 114 in file "display.c"
 Parameters:    Size  Location     Type
  wait_time       2    4[COMMON] unsigned int 
 Auto vars:     Size  Location     Type
  i               2    0[BANK0 ] int 
 Return value:  Size  Location     Type
		None               void
 Registers used:
		wreg, status,2
 Tracked objects:
		On entry : 
		On exit  : 
		Unchanged: 
 Data sizes:     COMMON   BANK0   BANK1   BANK2   BANK3   BANK4
      Params:         2       0       0       0       0       0
      Locals:         0       2       0       0       0       0
      Temps:          2       0       0       0       0       0
      Totals:         4       2       0       0       0       0
Total ram usage:        6 bytes
 Hardware stack levels used:    1
 Hardware stack levels required when called:    2
 This function calls:
		Nothing
 This function is called by:
		_light2
 This function uses a non-reentrant model


 *************** function _set_num *****************
 Defined at:
		line 68 in file "display.c"
 Parameters:    Size  Location     Type
  num             2    6[COMMON] int 
 Auto vars:     Size  Location     Type
		None
 Return value:  Size  Location     Type
		None               void
 Registers used:
		wreg, status,2, status,0, pclath, cstack
 Tracked objects:
		On entry : 
		On exit  : 
		Unchanged: 
 Data sizes:     COMMON   BANK0   BANK1   BANK2   BANK3   BANK4
      Params:         2       0       0       0       0       0
      Locals:         0       0       0       0       0       0
      Temps:          0       3       0       0       0       0
      Totals:         2       3       0       0       0       0
Total ram usage:        5 bytes
 Hardware stack levels used:    1
 Hardware stack levels required when called:    3
 This function calls:
		_set_a
		_set_b
		_set_c
		_set_d
		_set_e
		_set_f
		_set_g
		_set_p
 This function is called by:
		_light2
 This function uses a non-reentrant model


 *************** function _set_p *****************
 Defined at:
		line 90 in file "display.c"
 Parameters:    Size  Location     Type
  on_off          2    4[COMMON] int 
 Auto vars:     Size  Location     Type
		None
 Return value:  Size  Location     Type
		None               void
 Registers used:
		None
 Tracked objects:
		On entry : 
		On exit  : 
		Unchanged: 
 Data sizes:     COMMON   BANK0   BANK1   BANK2   BANK3   BANK4
      Params:         2       0       0       0       0       0
      Locals:         0       0       0       0       0       0
      Temps:          0       0       0       0       0       0
      Totals:         2       0       0       0       0       0
Total ram usage:        2 bytes
 Hardware stack levels used:    1
 Hardware stack levels required when called:    2
 This function calls:
		Nothing
 This function is called by:
		_set_num
 This function uses a non-reentrant model


 *************** function _set_g *****************
 Defined at:
		line 89 in file "display.c"
 Parameters:    Size  Location     Type
  on_off          2    4[COMMON] int 
 Auto vars:     Size  Location     Type
		None
 Return value:  Size  Location     Type
		None               void
 Registers used:
		None
 Tracked objects:
		On entry : 
		On exit  : 
		Unchanged: 
 Data sizes:     COMMON   BANK0   BANK1   BANK2   BANK3   BANK4
      Params:         2       0       0       0       0       0
      Locals:         0       0       0       0       0       0
      Temps:          0       0       0       0       0       0
      Totals:         2       0       0       0       0       0
Total ram usage:        2 bytes
 Hardware stack levels used:    1
 Hardware stack levels required when called:    2
 This function calls:
		Nothing
 This function is called by:
		_set_num
 This function uses a non-reentrant model


 *************** function _set_f *****************
 Defined at:
		line 88 in file "display.c"
 Parameters:    Size  Location     Type
  on_off          2    4[COMMON] int 
 Auto vars:     Size  Location     Type
		None
 Return value:  Size  Location     Type
		None               void
 Registers used:
		None
 Tracked objects:
		On entry : 
		On exit  : 
		Unchanged: 
 Data sizes:     COMMON   BANK0   BANK1   BANK2   BANK3   BANK4
      Params:         2       0       0       0       0       0
      Locals:         0       0       0       0       0       0
      Temps:          0       0       0       0       0       0
      Totals:         2       0       0       0       0       0
Total ram usage:        2 bytes
 Hardware stack levels used:    1
 Hardware stack levels required when called:    2
 This function calls:
		Nothing
 This function is called by:
		_set_num
 This function uses a non-reentrant model


 *************** function _set_e *****************
 Defined at:
		line 87 in file "display.c"
 Parameters:    Size  Location     Type
  on_off          2    4[COMMON] int 
 Auto vars:     Size  Location     Type
		None
 Return value:  Size  Location     Type
		None               void
 Registers used:
		None
 Tracked objects:
		On entry : 
		On exit  : 
		Unchanged: 
 Data sizes:     COMMON   BANK0   BANK1   BANK2   BANK3   BANK4
      Params:         2       0       0       0       0       0
      Locals:         0       0       0       0       0       0
      Temps:          0       0       0       0       0       0
      Totals:         2       0       0       0       0       0
Total ram usage:        2 bytes
 Hardware stack levels used:    1
 Hardware stack levels required when called:    2
 This function calls:
		Nothing
 This function is called by:
		_set_num
 This function uses a non-reentrant model


 *************** function _set_d *****************
 Defined at:
		line 86 in file "display.c"
 Parameters:    Size  Location     Type
  on_off          2    4[COMMON] int 
 Auto vars:     Size  Location     Type
		None
 Return value:  Size  Location     Type
		None               void
 Registers used:
		None
 Tracked objects:
		On entry : 
		On exit  : 
		Unchanged: 
 Data sizes:     COMMON   BANK0   BANK1   BANK2   BANK3   BANK4
      Params:         2       0       0       0       0       0
      Locals:         0       0       0       0       0       0
      Temps:          0       0       0       0       0       0
      Totals:         2       0       0       0       0       0
Total ram usage:        2 bytes
 Hardware stack levels used:    1
 Hardware stack levels required when called:    2
 This function calls:
		Nothing
 This function is called by:
		_set_num
 This function uses a non-reentrant model


 *************** function _set_c *****************
 Defined at:
		line 85 in file "display.c"
 Parameters:    Size  Location     Type
  on_off          2    4[COMMON] int 
 Auto vars:     Size  Location     Type
		None
 Return value:  Size  Location     Type
		None               void
 Registers used:
		None
 Tracked objects:
		On entry : 
		On exit  : 
		Unchanged: 
 Data sizes:     COMMON   BANK0   BANK1   BANK2   BANK3   BANK4
      Params:         2       0       0       0       0       0
      Locals:         0       0       0       0       0       0
      Temps:          0       0       0       0       0       0
      Totals:         2       0       0       0       0       0
Total ram usage:        2 bytes
 Hardware stack levels used:    1
 Hardware stack levels required when called:    2
 This function calls:
		Nothing
 This function is called by:
		_set_num
 This function uses a non-reentrant model


 *************** function _set_b *****************
 Defined at:
		line 84 in file "display.c"
 Parameters:    Size  Location     Type
  on_off          2    4[COMMON] int 
 Auto vars:     Size  Location     Type
		None
 Return value:  Size  Location     Type
		None               void
 Registers used:
		None
 Tracked objects:
		On entry : 
		On exit  : 
		Unchanged: 
 Data sizes:     COMMON   BANK0   BANK1   BANK2   BANK3   BANK4
      Params:         2       0       0       0       0       0
      Locals:         0       0       0       0       0       0
      Temps:          0       0       0       0       0       0
      Totals:         2       0       0       0       0       0
Total ram usage:        2 bytes
 Hardware stack levels used:    1
 Hardware stack levels required when called:    2
 This function calls:
		Nothing
 This function is called by:
		_set_num
 This function uses a non-reentrant model


 *************** function _set_a *****************
 Defined at:
		line 83 in file "display.c"
 Parameters:    Size  Location     Type
  on_off          2    4[COMMON] int 
 Auto vars:     Size  Location     Type
		None
 Return value:  Size  Location     Type
		None               void
 Registers used:
		None
 Tracked objects:
		On entry : 
		On exit  : 
		Unchanged: 
 Data sizes:     COMMON   BANK0   BANK1   BANK2   BANK3   BANK4
      Params:         2       0       0       0       0       0
      Locals:         0       0       0       0       0       0
      Temps:          0       0       0       0       0       0
      Totals:         2       0       0       0       0       0
Total ram usage:        2 bytes
 Hardware stack levels used:    1
 Hardware stack levels required when called:    2
 This function calls:
		Nothing
 This function is called by:
		_set_num
 This function uses a non-reentrant model


 *************** function _open2 *****************
 Defined at:
		line 96 in file "display.c"
 Parameters:    Size  Location     Type
  digit_select    2    4[COMMON] int 
 Auto vars:     Size  Location     Type
		None
 Return value:  Size  Location     Type
		None               void
 Registers used:
		wreg, status,2, status,0, pclath, cstack
 Tracked objects:
		On entry : 
		On exit  : 
		Unchanged: 
 Data sizes:     COMMON   BANK0   BANK1   BANK2   BANK3   BANK4
      Params:         2       0       0       0       0       0
      Locals:         0       0       0       0       0       0
      Temps:          0       0       0       0       0       0
      Totals:         2       0       0       0       0       0
Total ram usage:        2 bytes
 Hardware stack levels used:    1
 Hardware stack levels required when called:    3
 This function calls:
		_close2
 This function is called by:
		_light2
 This function uses a non-reentrant model


 *************** function _close2 *****************
 Defined at:
		line 105 in file "display.c"
 Parameters:    Size  Location     Type
		None
 Auto vars:     Size  Location     Type
		None
 Return value:  Size  Location     Type
		None               void
 Registers used:
		None
 Tracked objects:
		On entry : 
		On exit  : 
		Unchanged: 
 Data sizes:     COMMON   BANK0   BANK1   BANK2   BANK3   BANK4
      Params:         0       0       0       0       0       0
      Locals:         0       0       0       0       0       0
      Temps:          0       0       0       0       0       0
      Totals:         0       0       0       0       0       0
Total ram usage:        0 bytes
 Hardware stack levels used:    1
 Hardware stack levels required when called:    2
 This function calls:
		Nothing
 This function is called by:
		_light2
		_open2
 This function uses a non-reentrant model


 *************** function _init *****************
 Defined at:
		line 68 in file "main.c"
 Parameters:    Size  Location     Type
		None
 Auto vars:     Size  Location     Type
		None
 Return value:  Size  Location     Type
		None               void
 Registers used:
		wreg, status,2, status,0, pclath, cstack
 Tracked objects:
		On entry : 
		On exit  : 
		Unchanged: 
 Data sizes:     COMMON   BANK0   BANK1   BANK2   BANK3   BANK4
      Params:         0       0       0       0       0       0
      Locals:         0       0       0       0       0       0
      Temps:          0       0       0       0       0       0
      Totals:         0       0       0       0       0       0
Total ram usage:        0 bytes
 Hardware stack levels used:    1
 Hardware stack levels required when called:    3
 This function calls:
		_init_I2C_slave
		_init_Timer4
 This function is called by:
		_main
 This function uses a non-reentrant model


 *************** function _init_Timer4 *****************
 Defined at:
		line 82 in file "main.c"
 Parameters:    Size  Location     Type
		None
 Auto vars:     Size  Location     Type
		None
 Return value:  Size  Location     Type
		None               void
 Registers used:
		wreg, status,2
 Tracked objects:
		On entry : 
		On exit  : 
		Unchanged: 
 Data sizes:     COMMON   BANK0   BANK1   BANK2   BANK3   BANK4
      Params:         0       0       0       0       0       0
      Locals:         0       0       0       0       0       0
      Temps:          0       0       0       0       0       0
      Totals:         0       0       0       0       0       0
Total ram usage:        0 bytes
 Hardware stack levels used:    1
 Hardware stack levels required when called:    2
 This function calls:
		Nothing
 This function is called by:
		_init
 This function uses a non-reentrant model


 *************** function _init_I2C_slave *****************
 Defined at:
		line 90 in file "main.c"
 Parameters:    Size  Location     Type
  addr            1    wreg     unsigned char 
 Auto vars:     Size  Location     Type
  addr            1    4[COMMON] unsigned char 
 Return value:  Size  Location     Type
		None               void
 Registers used:
		wreg, status,2, status,0
 Tracked objects:
		On entry : 
		On exit  : 
		Unchanged: 
 Data sizes:     COMMON   BANK0   BANK1   BANK2   BANK3   BANK4
      Params:         0       0       0       0       0       0
      Locals:         1       0       0       0       0       0
      Temps:          0       0       0       0       0       0
      Totals:         1       0       0       0       0       0
Total ram usage:        1 bytes
 Hardware stack levels used:    1
 Hardware stack levels required when called:    2
 This function calls:
		Nothing
 This function is called by:
		_init
 This function uses a non-reentrant model


 *************** function _interruption *****************
 Defined at:
		line 44 in file "main.c"
 Parameters:    Size  Location     Type
		None
 Auto vars:     Size  Location     Type
		None
 Return value:  Size  Location     Type
		None               void
 Registers used:
		wreg, status,2, status,0, pclath, cstack
 Tracked objects:
		On entry : 
		On exit  : 
		Unchanged: 
 Data sizes:     COMMON   BANK0   BANK1   BANK2   BANK3   BANK4
      Params:         0       0       0       0       0       0
      Locals:         0       0       0       0       0       0
      Temps:          2       0       0       0       0       0
      Totals:         2       0       0       0       0       0
Total ram usage:        2 bytes
 Hardware stack levels used:    1
 Hardware stack levels required when called:    1
 This function calls:
		_interrupt_I2C
 This function is called by:
		Interrupt level 1
 This function uses a non-reentrant model


 *************** function _interrupt_I2C *****************
 Defined at:
		line 30 in file "main.c"
 Parameters:    Size  Location     Type
		None
 Auto vars:     Size  Location     Type
  x               1    1[COMMON] unsigned char 
 Return value:  Size  Location     Type
		None               void
 Registers used:
		wreg
 Tracked objects:
		On entry : 
		On exit  : 
		Unchanged: 
 Data sizes:     COMMON   BANK0   BANK1   BANK2   BANK3   BANK4
      Params:         0       0       0       0       0       0
      Locals:         1       0       0       0       0       0
      Temps:          1       0       0       0       0       0
      Totals:         2       0       0       0       0       0
Total ram usage:        2 bytes
 Hardware stack levels used:    1
 This function calls:
		Nothing
 This function is called by:
		_interruption
 This function uses a non-reentrant model



MODULE INFORMATION

Module		Function		Class		Link	Load	Size
C:\isaka\application\compiler\xc\xc8\sources\common\Umul16.c
		___wmul        		CODE           	02D2	0000	32

C:\isaka\application\compiler\xc\xc8\sources\common\Umul16.c estimated size: 32

C:\isaka\application\compiler\xc\xc8\sources\common\lwmod.c
		___lwmod       		CODE           	02A3	0000	47

C:\isaka\application\compiler\xc\xc8\sources\common\lwmod.c estimated size: 47

shared
		__initializatio		CODE           	0028	0000	13

shared estimated size: 13

C:\isaka\application\compiler\xc\xc8\sources\common\lwdiv.c
		___lwdiv       		CODE           	026C	0000	55

C:\isaka\application\compiler\xc\xc8\sources\common\lwdiv.c estimated size: 55

display.c
		_set_e         		CODE           	03B4	0000	8
		_light2        		CODE           	0039	0000	260
		_open2         		CODE           	0358	0000	17
		_set_f         		CODE           	03AC	0000	8
		_set_a         		CODE           	03D4	0000	8
		_set_g         		CODE           	03A4	0000	8
		_set_b         		CODE           	03CC	0000	8
		_set_c         		CODE           	03C4	0000	8
		_close2        		CODE           	03E9	0000	4
		_set_num       		CODE           	013D	0000	153
		_set_d         		CODE           	03BC	0000	8
		_error2        		CODE           	0329	0000	25
		_set_p         		CODE           	039C	0000	8
		_wait          		CODE           	030F	0000	26

display.c estimated size: 549

main.c
		_loop          		CODE           	02F2	0000	29
		_init          		CODE           	0342	0000	22
		_init_I2C_slave		CODE           	0369	0000	16
		_main          		CODE           	03DC	0000	7
		_num_digits_con		CODE           	01D6	0000	150
		_init_Timer4   		CODE           	0389	0000	11
		_interruption  		CODE           	0004	0000	34
		_interrupt_I2C 		CODE           	0379	0000	16

main.c estimated size: 285

