Microchip MPLAB XC8 Compiler V1.37 ()

Linker command line:

-W-3 --edf=C:\Program Files (x86)\Microchip\xc8\v1.37\dat\en_msgs.txt -cs \
  -h+dist/16F1827/production\step_down_converter.X.production.sym \
  --cmf=dist/16F1827/production\step_down_converter.X.production.cmf -z \
  -Q16F1827 -oC:\Users\shu\AppData\Local\Temp\seec.2 \
  -Mdist/16F1827/production/step_down_converter.X.production.map -E1 \
  -ver=XC8 -ASTACK=0204Eh-020c7h -pstack=STACK -ACODE=00h-07FFhx2 \
  -ASTRCODE=00h-0FFFh -ASTRING=00h-0FFhx16 -ACONST=00h-0FFhx16 \
  -AENTRY=00h-0FFhx16 -ACOMMON=070h-07Fh -ABANK0=020h-06Fh \
  -ABANK1=0A0h-0EFh -ABANK2=0120h-016Fh -ABANK3=01A0h-01EFh \
  -ABANK4=0220h-024Fh -ABIGRAM=02000h-0216Fh \
  -ARAM=020h-06Fh,0A0h-0EFh,0120h-016Fh,01A0h-01EFh,0220h-024Fh \
  -AABS1=020h-07Fh,0A0h-0EFh,0120h-016Fh,01A0h-01EFh,0220h-024Fh \
  -ASFR0=00h-01Fh -ASFR1=080h-09Fh -ASFR2=0100h-011Fh -ASFR3=0180h-019Fh \
  -ASFR4=0200h-021Fh -ASFR5=0280h-02EFh -ASFR6=0300h-036Fh \
  -ASFR7=0380h-03EFh -ASFR8=0400h-046Fh -ASFR9=0480h-04EFh \
  -ASFR10=0500h-056Fh -ASFR11=0580h-05EFh -ASFR12=0600h-066Fh \
  -ASFR13=0680h-06EFh -ASFR14=0700h-076Fh -ASFR15=0780h-07EFh \
  -ASFR16=0800h-086Fh -ASFR17=0880h-08EFh -ASFR18=0900h-096Fh \
  -ASFR19=0980h-09EFh -ASFR20=0A00h-0A6Fh -ASFR21=0A80h-0AEFh \
  -ASFR22=0B00h-0B6Fh -ASFR23=0B80h-0BEFh -ASFR24=0C00h-0C6Fh \
  -ASFR25=0C80h-0CEFh -ASFR26=0D00h-0D6Fh -ASFR27=0D80h-0DEFh \
  -ASFR28=0E00h-0E6Fh -ASFR29=0E80h-0EEFh -ASFR30=0F00h-0F6Fh \
  -ASFR31=0F80h-0FEFh -preset_vec=00h,intentry,init,end_init -ppowerup=CODE \
  -pcinit=CODE -pfunctab=CODE -ACONFIG=08007h-08008h -pconfig=CONFIG \
  -DCONFIG=2 -AIDLOC=08000h-08003h -pidloc=IDLOC -DIDLOC=2 \
  -AEEDATA=00h-0FFh/0F000h -peeprom_data=EEDATA -DEEDATA=2 -DCODE=2 \
  -DSTRCODE=2 -DSTRING=2 -DCONST=2 -DENTRY=2 -k \
  C:\Users\shu\AppData\Local\Temp\seec.obj \
  dist/16F1827/production\step_down_converter.X.production.obj 

Object code version is 3.11

Machine type is 16F1827



                Name                               Link     Load   Length Selector   Space Scale
C:\Users\shu\AppData\Local\Temp\seec.obj
                end_init                              2        2        2        0       0
                reset_vec                             0        0        2        0       0
                config                             8007     8007        2    1000E       0
dist/16F1827/production\step_down_converter.X.production.obj
                cinit                               7F0      7F0       10      FE0       0
                text25                              180      180       18      300       0
                text24                              20C      20C       24      418       0
                text23                              340      340       64      680       0
                text22                              1CB      1CB       20      396       0
                text21                              4D3      4D3       A9      9A6       0
                text20                              57C      57C       B4      AF8       0
                text19                              230      230       35      460       0
                text18                              2A0      2A0       46      540       0
                text17                              265      265       3B      4CA       0
                text16                              3A4      3A4       87      748       0
                text15                              1B0      1B0       1B      360       0
                text14                              113      113        5      226       0
                text13                              1EB      1EB       21      3D6       0
                text12                              11F      11F        8      23E       0
                text11                              127      127        8      24E       0
                text10                              12F      12F        8      25E       0
                text9                               137      137        8      26E       0
                text8                               13F      13F        8      27E       0
                text7                               147      147        8      28E       0
                text6                               14F      14F        8      29E       0
                text5                               157      157        8      2AE       0
                text4                               2E6      2E6       5A      5CC       0
                text3                               198      198       18      330       0
                text2                               630      630      1C0      C60       0
                text1                               16B      16B       15      2D6       0
                maintext                            118      118        7      230       0
                cstackBANK0                          20       20       4E       20       1
                cstackCOMMON                         70       70        E       70       1
                inittext                            15F      15F        C      2BE       0
                idataBIGRAM                         42B      42B       A8      856       0

TOTAL           Name                               Link     Load   Length     Space
        CLASS   STACK          

        CLASS   CODE           
                end_init                              2        2        2         0
                cinit                               7F0      7F0       10         0
                reset_vec                             0        0        2         0
                text25                              180      180       18         0
                text24                              20C      20C       24         0
                text23                              340      340       64         0
                text22                              1CB      1CB       20         0
                text21                              4D3      4D3       A9         0
                text20                              57C      57C       B4         0
                text19                              230      230       35         0
                text18                              2A0      2A0       46         0
                text17                              265      265       3B         0
                text16                              3A4      3A4       87         0
                text15                              1B0      1B0       1B         0
                text14                              113      113        5         0
                text13                              1EB      1EB       21         0
                text12                              11F      11F        8         0
                text11                              127      127        8         0
                text10                              12F      12F        8         0
                text9                               137      137        8         0
                text8                               13F      13F        8         0
                text7                               147      147        8         0
                text6                               14F      14F        8         0
                text5                               157      157        8         0
                text4                               2E6      2E6       5A         0
                text3                               198      198       18         0
                text2                               630      630      1C0         0
                text1                               16B      16B       15         0
                maintext                            118      118        7         0
                inittext                            15F      15F        C         0
                idataBIGRAM                         42B      42B       A8         0

        CLASS   STRCODE        

        CLASS   STRING         

        CLASS   CONST          

        CLASS   ENTRY          

        CLASS   COMMON         
                cstackCOMMON                         70       70        E         1

        CLASS   BANK0          
                cstackBANK0                          20       20       4E         1

        CLASS   BANK1          

        CLASS   BANK2          

        CLASS   BANK3          

        CLASS   BANK4          

        CLASS   BIGRAM         

        CLASS   RAM            

        CLASS   ABS1           
                abs_s1                               7E       7E        2         1
                abs_s1                              148      148       28         1
                abs_s1                              1A0      1A0       50         1
                abs_s1                              220      220       30         1
                abs_s1                             20C8     20C8        0         1

        CLASS   SFR0           

        CLASS   SFR1           

        CLASS   SFR2           

        CLASS   SFR3           

        CLASS   SFR4           

        CLASS   SFR5           

        CLASS   SFR6           

        CLASS   SFR7           

        CLASS   SFR8           

        CLASS   SFR9           

        CLASS   SFR10          

        CLASS   SFR11          

        CLASS   SFR12          

        CLASS   SFR13          

        CLASS   SFR14          

        CLASS   SFR15          

        CLASS   SFR16          

        CLASS   SFR17          

        CLASS   SFR18          

        CLASS   SFR19          

        CLASS   SFR20          

        CLASS   SFR21          

        CLASS   SFR22          

        CLASS   SFR23          

        CLASS   SFR24          

        CLASS   SFR25          

        CLASS   SFR26          

        CLASS   SFR27          

        CLASS   SFR28          

        CLASS   SFR29          

        CLASS   SFR30          

        CLASS   SFR31          

        CLASS   CONFIG         
                config                             8007     8007        2         0

        CLASS   IDLOC          

        CLASS   EEDATA         

        CLASS   BANK31         

        CLASS   BANK30         

        CLASS   BANK29         

        CLASS   BANK28         

        CLASS   BANK27         

        CLASS   BANK26         

        CLASS   BANK25         

        CLASS   BANK24         

        CLASS   BANK23         

        CLASS   BANK22         

        CLASS   BANK21         

        CLASS   BANK20         

        CLASS   BANK19         

        CLASS   BANK18         

        CLASS   BANK17         

        CLASS   BANK16         

        CLASS   BANK15         

        CLASS   BANK14         

        CLASS   BANK13         

        CLASS   BANK12         

        CLASS   BANK11         

        CLASS   BANK10         

        CLASS   BANK9          

        CLASS   BANK8          

        CLASS   BANK7          

        CLASS   BANK6          

        CLASS   BANK5          



SEGMENTS        Name                           Load    Length   Top    Selector   Space  Class     Delta

                reset_vec                      000000  000004  000004         0       0  CODE        2
                cstackBANK0                    000020  00004E  00006E        20       1  BANK0       1
                cstackCOMMON                   000070  00000E  00007E        70       1  COMMON      1
                text14                         000113  000005  000118       226       0  CODE        2
                maintext                       000118  000007  00011F       230       0  CODE        2
                text12                         00011F  000008  000127       23E       0  CODE        2
                text11                         000127  000008  00012F       24E       0  CODE        2
                text10                         00012F  000008  000137       25E       0  CODE        2
                text9                          000137  000008  00013F       26E       0  CODE        2
                text8                          00013F  000008  000147       27E       0  CODE        2
                text7                          000147  000008  00014F       28E       0  CODE        2
                text6                          00014F  000008  000157       29E       0  CODE        2
                text5                          000157  000008  00015F       2AE       0  CODE        2
                inittext                       00015F  00000C  00016B       2BE       0  CODE        2
                text1                          00016B  000015  000180       2D6       0  CODE        2
                text25                         000180  000018  000198       300       0  CODE        2
                text3                          000198  000018  0001B0       330       0  CODE        2
                text15                         0001B0  00001B  0001CB       360       0  CODE        2
                text22                         0001CB  000020  0001EB       396       0  CODE        2
                text13                         0001EB  000021  00020C       3D6       0  CODE        2
                text24                         00020C  000024  000230       418       0  CODE        2
                text19                         000230  000035  000265       460       0  CODE        2
                text17                         000265  00003B  0002A0       4CA       0  CODE        2
                text18                         0002A0  000046  0002E6       540       0  CODE        2
                text4                          0002E6  00005A  000340       5CC       0  CODE        2
                text23                         000340  000064  0003A4       680       0  CODE        2
                text16                         0003A4  000087  00042B       748       0  CODE        2
                idataBIGRAM                    00042B  0000A8  0004D3       856       0  CODE        2
                text21                         0004D3  0000A9  00057C       9A6       0  CODE        2
                text20                         00057C  0000B4  000630       AF8       0  CODE        2
                text2                          000630  0001C0  0007F0       C60       0  CODE        2
                cinit                          0007F0  000010  000800       FE0       0  CODE        2
                config                         008007  000002  008009     1000E       0  CONFIG      2


UNUSED ADDRESS RANGES

        Name                Unused          Largest block    Delta
        BANK0            0006E-0006F               2           1
        BANK1            000A0-000EF              50           1
        BANK2            00120-00147              28           1
        BIGRAM           02000-0216F             170           1
        CODE             00004-00112             10F           2
                         00800-00FFF             800
        CONST            00004-00112              FC           2
                         00800-00FFF             100
        EEDATA           0F000-0F0FF             100           2
        ENTRY            00004-00112              FC           2
                         00800-00FFF             100
        IDLOC            08000-08003               4           2
        RAM              0006E-0006F               2           1
                         000A0-000EF              50
                         00120-00147              28
        SFR0             00000-0001F              20           1
        SFR1             00080-0009F              20           1
        SFR10            00500-0056F              70           1
        SFR11            00580-005EF              70           1
        SFR12            00600-0066F              70           1
        SFR13            00680-006EF              70           1
        SFR14            00700-0076F              70           1
        SFR15            00780-007EF              70           1
        SFR16            00800-0086F              70           1
        SFR17            00880-008EF              70           1
        SFR18            00900-0096F              70           1
        SFR19            00980-009EF              70           1
        SFR2             00100-0011F              20           1
        SFR20            00A00-00A6F              70           1
        SFR21            00A80-00AEF              70           1
        SFR22            00B00-00B6F              70           1
        SFR23            00B80-00BEF              70           1
        SFR24            00C00-00C6F              70           1
        SFR25            00C80-00CEF              70           1
        SFR26            00D00-00D6F              70           1
        SFR27            00D80-00DEF              70           1
        SFR28            00E00-00E6F              70           1
        SFR29            00E80-00EEF              70           1
        SFR3             00180-0019F              20           1
        SFR30            00F00-00F6F              70           1
        SFR31            00F80-00FEF              70           1
        SFR4             00200-0021F              20           1
        SFR5             00280-002EF              70           1
        SFR6             00300-0036F              70           1
        SFR7             00380-003EF              70           1
        SFR8             00400-0046F              70           1
        SFR9             00480-004EF              70           1
        STACK            0204E-020C7              7A           1
        STRCODE          00004-00112             10F           2
                         00800-00FFF             800
        STRING           00004-00112              FC           2
                         00800-00FFF             100

                                  Symbol Table

?___awmod                cstackBANK0  0004E
?___awtoft               cstackCOMMON 00078
?___ftdiv                cstackBANK0  00030
?___ftmul                cstackBANK0  00020
?___ftpack               cstackCOMMON 00070
?___fttol                cstackBANK0  00040
?___wmul                 cstackCOMMON 00070
?_adconv                 cstackCOMMON 00070
?_daconv                 cstackBANK0  00040
_ADCON0                  (abs)        0009D
_ADCON1                  (abs)        0009E
_ADRESH                  (abs)        0009C
_ADRESL                  (abs)        0009B
_ANSELA                  (abs)        0018C
_ANSELB                  (abs)        0018D
_GO_nDONE                (abs)        004E9
_OSCCON                  (abs)        00099
_PORTA                   (abs)        0000C
_PORTB                   (abs)        0000D
_RA0                     (abs)        00060
_RA1                     (abs)        00061
_RA2                     (abs)        00062
_RA3                     (abs)        00063
_RA6                     (abs)        00066
_RA7                     (abs)        00067
_RB4                     (abs)        0006C
_RB5                     (abs)        0006D
_RB6                     (abs)        0006E
_RB7                     (abs)        0006F
_TRISA                   (abs)        0008C
_TRISB                   (abs)        0008D
__CFG_BOREN$ON           (abs)        00000
__CFG_BORV$HI            (abs)        00000
__CFG_CLKOUTEN$OFF       (abs)        00000
__CFG_CP$OFF             (abs)        00000
__CFG_CPD$OFF            (abs)        00000
__CFG_FCMEN$OFF          (abs)        00000
__CFG_FOSC$INTOSC        (abs)        00000
__CFG_IESO$OFF           (abs)        00000
__CFG_LVP$OFF            (abs)        00000
__CFG_MCLRE$OFF          (abs)        00000
__CFG_PLLEN$OFF          (abs)        00000
__CFG_PWRTE$ON           (abs)        00000
__CFG_STVREN$ON          (abs)        00000
__CFG_WDTE$OFF           (abs)        00000
__CFG_WRT$OFF            (abs)        00000
__Habs1                  abs1         00000
__Hbank0                 bank0        00000
__Hbank1                 bank1        00000
__Hbank10                bank10       00000
__Hbank11                bank11       00000
__Hbank12                bank12       00000
__Hbank13                bank13       00000
__Hbank14                bank14       00000
__Hbank15                bank15       00000
__Hbank16                bank16       00000
__Hbank17                bank17       00000
__Hbank18                bank18       00000
__Hbank19                bank19       00000
__Hbank2                 bank2        00000
__Hbank20                bank20       00000
__Hbank21                bank21       00000
__Hbank22                bank22       00000
__Hbank23                bank23       00000
__Hbank24                bank24       00000
__Hbank25                bank25       00000
__Hbank26                bank26       00000
__Hbank27                bank27       00000
__Hbank28                bank28       00000
__Hbank29                bank29       00000
__Hbank3                 bank3        00000
__Hbank30                bank30       00000
__Hbank31                bank31       00000
__Hbank4                 bank4        00000
__Hbank5                 bank5        00000
__Hbank6                 bank6        00000
__Hbank7                 bank7        00000
__Hbank8                 bank8        00000
__Hbank9                 bank9        00000
__Hbigram                bigram       00000
__Hcinit                 cinit        00800
__Hclrtext               clrtext      00000
__Hcode                  code         00000
__Hcommon                common       00000
__Hconfig                config       08009
__HcstackBANK0           cstackBANK0  00000
__HcstackCOMMON          cstackCOMMON 00000
__Heeprom_data           eeprom_data  00000
__Hend_init              end_init     00004
__Hfunctab               functab      00000
__HidataBIGRAM           idataBIGRAM  00000
__Hidloc                 idloc        00000
__Hinit                  init         00002
__Hinittext              inittext     00000
__Hintentry              intentry     00002
__Hmaintext              maintext     00000
__Hpowerup               powerup      00000
__Hram                   ram          00000
__Hreset_vec             reset_vec    00002
__Hsfr0                  sfr0         00000
__Hsfr1                  sfr1         00000
__Hsfr10                 sfr10        00000
__Hsfr11                 sfr11        00000
__Hsfr12                 sfr12        00000
__Hsfr13                 sfr13        00000
__Hsfr14                 sfr14        00000
__Hsfr15                 sfr15        00000
__Hsfr16                 sfr16        00000
__Hsfr17                 sfr17        00000
__Hsfr18                 sfr18        00000
__Hsfr19                 sfr19        00000
__Hsfr2                  sfr2         00000
__Hsfr20                 sfr20        00000
__Hsfr21                 sfr21        00000
__Hsfr22                 sfr22        00000
__Hsfr23                 sfr23        00000
__Hsfr24                 sfr24        00000
__Hsfr25                 sfr25        00000
__Hsfr26                 sfr26        00000
__Hsfr27                 sfr27        00000
__Hsfr28                 sfr28        00000
__Hsfr29                 sfr29        00000
__Hsfr3                  sfr3         00000
__Hsfr30                 sfr30        00000
__Hsfr31                 sfr31        00000
__Hsfr4                  sfr4         00000
__Hsfr5                  sfr5         00000
__Hsfr6                  sfr6         00000
__Hsfr7                  sfr7         00000
__Hsfr8                  sfr8         00000
__Hsfr9                  sfr9         00000
__Hspace_0               (abs)        08009
__Hspace_1               (abs)        0007E
__Hspace_2               (abs)        00000
__Hspace_3               (abs)        00000
__Hstack                 stack        00000
__Hstrings               strings      00000
__Htext                  text         00000
__Labs1                  abs1         00000
__Lbank0                 bank0        00000
__Lbank1                 bank1        00000
__Lbank10                bank10       00000
__Lbank11                bank11       00000
__Lbank12                bank12       00000
__Lbank13                bank13       00000
__Lbank14                bank14       00000
__Lbank15                bank15       00000
__Lbank16                bank16       00000
__Lbank17                bank17       00000
__Lbank18                bank18       00000
__Lbank19                bank19       00000
__Lbank2                 bank2        00000
__Lbank20                bank20       00000
__Lbank21                bank21       00000
__Lbank22                bank22       00000
__Lbank23                bank23       00000
__Lbank24                bank24       00000
__Lbank25                bank25       00000
__Lbank26                bank26       00000
__Lbank27                bank27       00000
__Lbank28                bank28       00000
__Lbank29                bank29       00000
__Lbank3                 bank3        00000
__Lbank30                bank30       00000
__Lbank31                bank31       00000
__Lbank4                 bank4        00000
__Lbank5                 bank5        00000
__Lbank6                 bank6        00000
__Lbank7                 bank7        00000
__Lbank8                 bank8        00000
__Lbank9                 bank9        00000
__Lbigram                bigram       00000
__Lcinit                 cinit        007F0
__Lclrtext               clrtext      00000
__Lcode                  code         00000
__Lcommon                common       00000
__Lconfig                config       08007
__LcstackBANK0           cstackBANK0  00000
__LcstackCOMMON          cstackCOMMON 00000
__Leeprom_data           eeprom_data  00000
__Lend_init              end_init     00002
__Lfunctab               functab      00000
__LidataBIGRAM           idataBIGRAM  00000
__Lidloc                 idloc        00000
__Linit                  init         00002
__Linittext              inittext     00000
__Lintentry              intentry     00002
__Lmaintext              maintext     00000
__Lpowerup               powerup      00000
__Lram                   ram          00000
__Lreset_vec             reset_vec    00000
__Lsfr0                  sfr0         00000
__Lsfr1                  sfr1         00000
__Lsfr10                 sfr10        00000
__Lsfr11                 sfr11        00000
__Lsfr12                 sfr12        00000
__Lsfr13                 sfr13        00000
__Lsfr14                 sfr14        00000
__Lsfr15                 sfr15        00000
__Lsfr16                 sfr16        00000
__Lsfr17                 sfr17        00000
__Lsfr18                 sfr18        00000
__Lsfr19                 sfr19        00000
__Lsfr2                  sfr2         00000
__Lsfr20                 sfr20        00000
__Lsfr21                 sfr21        00000
__Lsfr22                 sfr22        00000
__Lsfr23                 sfr23        00000
__Lsfr24                 sfr24        00000
__Lsfr25                 sfr25        00000
__Lsfr26                 sfr26        00000
__Lsfr27                 sfr27        00000
__Lsfr28                 sfr28        00000
__Lsfr29                 sfr29        00000
__Lsfr3                  sfr3         00000
__Lsfr30                 sfr30        00000
__Lsfr31                 sfr31        00000
__Lsfr4                  sfr4         00000
__Lsfr5                  sfr5         00000
__Lsfr6                  sfr6         00000
__Lsfr7                  sfr7         00000
__Lsfr8                  sfr8         00000
__Lsfr9                  sfr9         00000
__Lspace_0               (abs)        00000
__Lspace_1               (abs)        00000
__Lspace_2               (abs)        00000
__Lspace_3               (abs)        00000
__Lstack                 stack        00000
__Lstrings               strings      00000
__Ltext                  text         00000
__S0                     (abs)        08009
__S1                     (abs)        0007E
__S2                     (abs)        00000
__S3                     (abs)        00000
___awmod                 text18       002A0
___awmod@counter         cstackBANK0  00053
___awmod@dividend        cstackBANK0  00050
___awmod@divisor         cstackBANK0  0004E
___awmod@sign            cstackBANK0  00054
___awtoft                text22       001CB
___awtoft@c              cstackCOMMON 00078
___awtoft@sign           cstackCOMMON 0007D
___ftdiv                 text21       004D3
___ftdiv@cntr            cstackBANK0  0003A
___ftdiv@exp             cstackBANK0  0003E
___ftdiv@f1              cstackBANK0  00033
___ftdiv@f2              cstackBANK0  00030
___ftdiv@f3              cstackBANK0  0003B
___ftdiv@sign            cstackBANK0  0003F
___ftge                  text17       00265
___ftge@ff1              cstackCOMMON 00070
___ftge@ff2              cstackCOMMON 00073
___ftmul                 text20       0057C
___ftmul@cntr            cstackBANK0  0002E
___ftmul@exp             cstackBANK0  0002A
___ftmul@f1              cstackBANK0  00020
___ftmul@f2              cstackBANK0  00023
___ftmul@f3_as_product   cstackBANK0  0002B
___ftmul@sign            cstackBANK0  0002F
___ftpack                text23       00340
___ftpack@arg            cstackCOMMON 00070
___ftpack@exp            cstackCOMMON 00073
___ftpack@sign           cstackCOMMON 00074
___fttol                 text16       003A4
___fttol@exp1            cstackBANK0  0004D
___fttol@f1              cstackBANK0  00040
___fttol@lval            cstackBANK0  00049
___fttol@sign1           cstackBANK0  00048
___int_sp                stack        00000
___latbits               (abs)        00001
___sp                    stack        00000
___wmul                  text15       001B0
___wmul@multiplicand     cstackCOMMON 00072
___wmul@multiplier       cstackCOMMON 00070
___wmul@product          cstackCOMMON 00074
__end_of___awmod         text18       002E6
__end_of___awtoft        text22       001EB
__end_of___ftdiv         text21       0057C
__end_of___ftge          text17       002A0
__end_of___ftmul         text20       00630
__end_of___ftpack        text23       003A4
__end_of___fttol         text16       0042B
__end_of___wmul          text15       001CB
__end_of__initialization cinit        007FD
__end_of_adconv          text24       00230
__end_of_close           text14       00118
__end_of_daconv          text19       00265
__end_of_disp            text2        007F0
__end_of_disp_a          text12       00127
__end_of_disp_b          text11       0012F
__end_of_disp_c          text10       00137
__end_of_disp_d          text9        0013F
__end_of_disp_dp         text8        00147
__end_of_disp_e          text7        0014F
__end_of_disp_f          text6        00157
__end_of_disp_g          text5        0015F
__end_of_init            text25       00198
__end_of_loop            text1        00180
__end_of_main            maintext     0011F
__end_of_open            text13       0020C
__end_of_set_disp        text4        00340
__end_of_wait            text3        001B0
__initialization         cinit        007F0
__pcstackBANK0           cstackBANK0  00020
__pcstackCOMMON          cstackCOMMON 00070
__pdataBIGRAM            (abs)        020C8
__pidataBIGRAM           idataBIGRAM  0042B
__pmaintext              maintext     00118
__ptext1                 text1        0016B
__ptext10                text10       0012F
__ptext11                text11       00127
__ptext12                text12       0011F
__ptext13                text13       001EB
__ptext14                text14       00113
__ptext15                text15       001B0
__ptext16                text16       003A4
__ptext17                text17       00265
__ptext18                text18       002A0
__ptext19                text19       00230
__ptext2                 text2        00630
__ptext20                text20       0057C
__ptext21                text21       004D3
__ptext22                text22       001CB
__ptext23                text23       00340
__ptext24                text24       0020C
__ptext25                text25       00180
__ptext3                 text3        00198
__ptext4                 text4        002E6
__ptext5                 text5        00157
__ptext6                 text6        0014F
__ptext7                 text7        00147
__ptext8                 text8        0013F
__ptext9                 text9        00137
__size_of___awmod        (abs)        00000
__size_of___awtoft       (abs)        00000
__size_of___ftdiv        (abs)        00000
__size_of___ftge         (abs)        00000
__size_of___ftmul        (abs)        00000
__size_of___ftpack       (abs)        00000
__size_of___fttol        (abs)        00000
__size_of___wmul         (abs)        00000
__size_of_adconv         (abs)        00000
__size_of_close          (abs)        00000
__size_of_daconv         (abs)        00000
__size_of_disp           (abs)        00000
__size_of_disp_a         (abs)        00000
__size_of_disp_b         (abs)        00000
__size_of_disp_c         (abs)        00000
__size_of_disp_d         (abs)        00000
__size_of_disp_dp        (abs)        00000
__size_of_disp_e         (abs)        00000
__size_of_disp_f         (abs)        00000
__size_of_disp_g         (abs)        00000
__size_of_init           (abs)        00000
__size_of_loop           (abs)        00000
__size_of_main           (abs)        00000
__size_of_open           (abs)        00000
__size_of_set_disp       (abs)        00000
__size_of_wait           (abs)        00000
_adconv                  text24       0020C
_close                   text14       00113
_daconv                  text19       00230
_disp                    text2        00630
_disp_a                  text12       0011F
_disp_b                  text11       00127
_disp_c                  text10       0012F
_disp_d                  text9        00137
_disp_dp                 text8        0013F
_disp_e                  text7        00147
_disp_f                  text6        0014F
_disp_g                  text5        00157
_init                    text25       00180
_led_disp                (abs)        020C8
_loop                    text1        0016B
_main                    maintext     00118
_open                    text13       001EB
_set_disp                text4        002E6
_wait                    text3        00198
adconv@temp              cstackCOMMON 00079
btemp                    (abs)        0007E
daconv@analog            cstackBANK0  00043
daconv@digital           cstackBANK0  00040
disp@digits              cstackBANK0  00064
disp@dp                  cstackBANK0  0005E
disp@dp_index            cstackBANK0  00062
disp@i                   cstackBANK0  0006C
disp@num                 cstackBANK0  00055
disp@over                cstackBANK0  00060
disp_a@sw                cstackCOMMON 00070
disp_b@sw                cstackCOMMON 00070
disp_c@sw                cstackCOMMON 00070
disp_d@sw                cstackCOMMON 00070
disp_dp@sw               cstackCOMMON 00070
disp_e@sw                cstackCOMMON 00070
disp_f@sw                cstackCOMMON 00070
disp_g@sw                cstackCOMMON 00070
end_of_initialization    cinit        007FD
init_ram                 inittext     0015F
intlevel0                functab      00000
intlevel1                functab      00000
intlevel2                functab      00000
intlevel3                functab      00000
intlevel4                functab      00000
intlevel5                functab      00000
ltemp                    (abs)        0007E
ltemp0                   (abs)        0007E
ltemp1                   (abs)        00082
ltemp2                   (abs)        00086
ltemp3                   (abs)        00080
open@select              cstackCOMMON 00070
reset_vec                reset_vec    00000
set_disp@disp            cstackCOMMON 00076
set_disp@dp              cstackCOMMON 00078
stackhi                  (abs)        020C7
stacklo                  (abs)        0204E
start                    init         00002
start_initialization     cinit        007F0
ttemp                    (abs)        0007E
ttemp0                   (abs)        0007E
ttemp1                   (abs)        00081
ttemp2                   (abs)        00084
ttemp3                   (abs)        00087
ttemp4                   (abs)        0007F
wait@i                   cstackCOMMON 00074
wait@wait_time           cstackCOMMON 00070
wtemp                    (abs)        0007E
wtemp0                   (abs)        0007E
wtemp1                   (abs)        00080
wtemp2                   (abs)        00082
wtemp3                   (abs)        00084
wtemp4                   (abs)        00086
wtemp5                   (abs)        00088
wtemp6                   (abs)        0007F


FUNCTION INFORMATION:

 *************** function _main *****************
 Defined at:
		line 66 in file "main.c"
 Parameters:    Size  Location     Type
		None
 Auto vars:     Size  Location     Type
		None
 Return value:  Size  Location     Type
                  1    wreg      void 
 Registers used:
		wreg, fsr0l, fsr0h, fsr1l, fsr1h, status,2, status,0, pclath, cstack
 Tracked objects:
		On entry : 
		On exit  : 
		Unchanged: 
 Data sizes:     COMMON   BANK0   BANK1   BANK2   BANK3   BANK4
      Params:         0       0       0       0       0       0
      Locals:         0       0       0       0       0       0
      Temps:          0       0       0       0       0       0
      Totals:         0       0       0       0       0       0
Total ram usage:        0 bytes
 Hardware stack levels required when called:    4
 This function calls:
		_init
		_loop
 This function is called by:
		Startup code after reset
 This function uses a non-reentrant model


 *************** function _loop *****************
 Defined at:
		line 90 in file "main.c"
 Parameters:    Size  Location     Type
		None
 Auto vars:     Size  Location     Type
		None
 Return value:  Size  Location     Type
                  1    wreg      void 
 Registers used:
		wreg, fsr0l, fsr0h, fsr1l, fsr1h, status,2, status,0, pclath, cstack
 Tracked objects:
		On entry : 
		On exit  : 
		Unchanged: 
 Data sizes:     COMMON   BANK0   BANK1   BANK2   BANK3   BANK4
      Params:         0       0       0       0       0       0
      Locals:         0       0       0       0       0       0
      Temps:          0       0       0       0       0       0
      Totals:         0       0       0       0       0       0
Total ram usage:        0 bytes
 Hardware stack levels used:    1
 Hardware stack levels required when called:    3
 This function calls:
		_adconv
		_daconv
		_disp
 This function is called by:
		_main
 This function uses a non-reentrant model


 *************** function _disp *****************
 Defined at:
		line 101 in file "main.c"
 Parameters:    Size  Location     Type
  num             3   53[BANK0 ] void 
 Auto vars:     Size  Location     Type
  digits          8   68[BANK0 ] int [4]
  i               2   76[BANK0 ] int 
  dp_index        2   66[BANK0 ] int 
  over            2   64[BANK0 ] int 
  dp              2   62[BANK0 ] int 
 Return value:  Size  Location     Type
                  1    wreg      void 
 Registers used:
		wreg, fsr0l, fsr0h, fsr1l, fsr1h, status,2, status,0, pclath, cstack
 Tracked objects:
		On entry : 
		On exit  : 
		Unchanged: 
 Data sizes:     COMMON   BANK0   BANK1   BANK2   BANK3   BANK4
      Params:         0       3       0       0       0       0
      Locals:         0      16       0       0       0       0
      Temps:          0       6       0       0       0       0
      Totals:         0      25       0       0       0       0
Total ram usage:       25 bytes
 Hardware stack levels used:    1
 Hardware stack levels required when called:    2
 This function calls:
		___awmod
		___ftdiv
		___ftge
		___ftmul
		___fttol
		___wmul
		_close
		_open
		_set_disp
		_wait
 This function is called by:
		_loop
 This function uses a non-reentrant model


 *************** function _wait *****************
 Defined at:
		line 94 in file "main.c"
 Parameters:    Size  Location     Type
  wait_time       2    0[COMMON] unsigned int 
 Auto vars:     Size  Location     Type
  i               2    4[COMMON] int 
 Return value:  Size  Location     Type
                  1    wreg      void 
 Registers used:
		wreg, status,2
 Tracked objects:
		On entry : 
		On exit  : 
		Unchanged: 
 Data sizes:     COMMON   BANK0   BANK1   BANK2   BANK3   BANK4
      Params:         2       0       0       0       0       0
      Locals:         2       0       0       0       0       0
      Temps:          2       0       0       0       0       0
      Totals:         6       0       0       0       0       0
Total ram usage:        6 bytes
 Hardware stack levels used:    1
 This function calls:
		Nothing
 This function is called by:
		_disp
 This function uses a non-reentrant model


 *************** function _set_disp *****************
 Defined at:
		line 143 in file "main.c"
 Parameters:    Size  Location     Type
  disp            2    6[COMMON] PTR int 
		 -> led_disp(168), 
  dp              2    8[COMMON] int 
 Auto vars:     Size  Location     Type
		None
 Return value:  Size  Location     Type
                  1    wreg      void 
 Registers used:
		wreg, fsr1l, fsr1h, status,2, status,0, pclath, cstack
 Tracked objects:
		On entry : 
		On exit  : 
		Unchanged: 
 Data sizes:     COMMON   BANK0   BANK1   BANK2   BANK3   BANK4
      Params:         4       0       0       0       0       0
      Locals:         0       0       0       0       0       0
      Temps:          0       0       0       0       0       0
      Totals:         4       0       0       0       0       0
Total ram usage:        4 bytes
 Hardware stack levels used:    1
 Hardware stack levels required when called:    1
 This function calls:
		_disp_a
		_disp_b
		_disp_c
		_disp_d
		_disp_dp
		_disp_e
		_disp_f
		_disp_g
 This function is called by:
		_disp
 This function uses a non-reentrant model


 *************** function _disp_g *****************
 Defined at:
		line 160 in file "main.c"
 Parameters:    Size  Location     Type
  sw              2    0[COMMON] int 
 Auto vars:     Size  Location     Type
		None
 Return value:  Size  Location     Type
                  1    wreg      void 
 Registers used:
		None
 Tracked objects:
		On entry : 
		On exit  : 
		Unchanged: 
 Data sizes:     COMMON   BANK0   BANK1   BANK2   BANK3   BANK4
      Params:         2       0       0       0       0       0
      Locals:         0       0       0       0       0       0
      Temps:          0       0       0       0       0       0
      Totals:         2       0       0       0       0       0
Total ram usage:        2 bytes
 Hardware stack levels used:    1
 This function calls:
		Nothing
 This function is called by:
		_set_disp
 This function uses a non-reentrant model


 *************** function _disp_f *****************
 Defined at:
		line 159 in file "main.c"
 Parameters:    Size  Location     Type
  sw              2    0[COMMON] int 
 Auto vars:     Size  Location     Type
		None
 Return value:  Size  Location     Type
                  1    wreg      void 
 Registers used:
		None
 Tracked objects:
		On entry : 
		On exit  : 
		Unchanged: 
 Data sizes:     COMMON   BANK0   BANK1   BANK2   BANK3   BANK4
      Params:         2       0       0       0       0       0
      Locals:         0       0       0       0       0       0
      Temps:          0       0       0       0       0       0
      Totals:         2       0       0       0       0       0
Total ram usage:        2 bytes
 Hardware stack levels used:    1
 This function calls:
		Nothing
 This function is called by:
		_set_disp
 This function uses a non-reentrant model


 *************** function _disp_e *****************
 Defined at:
		line 158 in file "main.c"
 Parameters:    Size  Location     Type
  sw              2    0[COMMON] int 
 Auto vars:     Size  Location     Type
		None
 Return value:  Size  Location     Type
                  1    wreg      void 
 Registers used:
		None
 Tracked objects:
		On entry : 
		On exit  : 
		Unchanged: 
 Data sizes:     COMMON   BANK0   BANK1   BANK2   BANK3   BANK4
      Params:         2       0       0       0       0       0
      Locals:         0       0       0       0       0       0
      Temps:          0       0       0       0       0       0
      Totals:         2       0       0       0       0       0
Total ram usage:        2 bytes
 Hardware stack levels used:    1
 This function calls:
		Nothing
 This function is called by:
		_set_disp
 This function uses a non-reentrant model


 *************** function _disp_dp *****************
 Defined at:
		line 161 in file "main.c"
 Parameters:    Size  Location     Type
  sw              2    0[COMMON] int 
 Auto vars:     Size  Location     Type
		None
 Return value:  Size  Location     Type
                  1    wreg      void 
 Registers used:
		None
 Tracked objects:
		On entry : 
		On exit  : 
		Unchanged: 
 Data sizes:     COMMON   BANK0   BANK1   BANK2   BANK3   BANK4
      Params:         2       0       0       0       0       0
      Locals:         0       0       0       0       0       0
      Temps:          0       0       0       0       0       0
      Totals:         2       0       0       0       0       0
Total ram usage:        2 bytes
 Hardware stack levels used:    1
 This function calls:
		Nothing
 This function is called by:
		_set_disp
 This function uses a non-reentrant model


 *************** function _disp_d *****************
 Defined at:
		line 157 in file "main.c"
 Parameters:    Size  Location     Type
  sw              2    0[COMMON] int 
 Auto vars:     Size  Location     Type
		None
 Return value:  Size  Location     Type
                  1    wreg      void 
 Registers used:
		None
 Tracked objects:
		On entry : 
		On exit  : 
		Unchanged: 
 Data sizes:     COMMON   BANK0   BANK1   BANK2   BANK3   BANK4
      Params:         2       0       0       0       0       0
      Locals:         0       0       0       0       0       0
      Temps:          0       0       0       0       0       0
      Totals:         2       0       0       0       0       0
Total ram usage:        2 bytes
 Hardware stack levels used:    1
 This function calls:
		Nothing
 This function is called by:
		_set_disp
 This function uses a non-reentrant model


 *************** function _disp_c *****************
 Defined at:
		line 156 in file "main.c"
 Parameters:    Size  Location     Type
  sw              2    0[COMMON] int 
 Auto vars:     Size  Location     Type
		None
 Return value:  Size  Location     Type
                  1    wreg      void 
 Registers used:
		None
 Tracked objects:
		On entry : 
		On exit  : 
		Unchanged: 
 Data sizes:     COMMON   BANK0   BANK1   BANK2   BANK3   BANK4
      Params:         2       0       0       0       0       0
      Locals:         0       0       0       0       0       0
      Temps:          0       0       0       0       0       0
      Totals:         2       0       0       0       0       0
Total ram usage:        2 bytes
 Hardware stack levels used:    1
 This function calls:
		Nothing
 This function is called by:
		_set_disp
 This function uses a non-reentrant model


 *************** function _disp_b *****************
 Defined at:
		line 155 in file "main.c"
 Parameters:    Size  Location     Type
  sw              2    0[COMMON] int 
 Auto vars:     Size  Location     Type
		None
 Return value:  Size  Location     Type
                  1    wreg      void 
 Registers used:
		None
 Tracked objects:
		On entry : 
		On exit  : 
		Unchanged: 
 Data sizes:     COMMON   BANK0   BANK1   BANK2   BANK3   BANK4
      Params:         2       0       0       0       0       0
      Locals:         0       0       0       0       0       0
      Temps:          0       0       0       0       0       0
      Totals:         2       0       0       0       0       0
Total ram usage:        2 bytes
 Hardware stack levels used:    1
 This function calls:
		Nothing
 This function is called by:
		_set_disp
 This function uses a non-reentrant model


 *************** function _disp_a *****************
 Defined at:
		line 154 in file "main.c"
 Parameters:    Size  Location     Type
  sw              2    0[COMMON] int 
 Auto vars:     Size  Location     Type
		None
 Return value:  Size  Location     Type
                  1    wreg      void 
 Registers used:
		None
 Tracked objects:
		On entry : 
		On exit  : 
		Unchanged: 
 Data sizes:     COMMON   BANK0   BANK1   BANK2   BANK3   BANK4
      Params:         2       0       0       0       0       0
      Locals:         0       0       0       0       0       0
      Temps:          0       0       0       0       0       0
      Totals:         2       0       0       0       0       0
Total ram usage:        2 bytes
 Hardware stack levels used:    1
 This function calls:
		Nothing
 This function is called by:
		_set_disp
 This function uses a non-reentrant model


 *************** function _open *****************
 Defined at:
		line 162 in file "main.c"
 Parameters:    Size  Location     Type
  select          2    0[COMMON] int 
 Auto vars:     Size  Location     Type
		None
 Return value:  Size  Location     Type
                  1    wreg      void 
 Registers used:
		wreg, fsr0l, fsr0h, status,2, status,0, pclath, cstack
 Tracked objects:
		On entry : 
		On exit  : 
		Unchanged: 
 Data sizes:     COMMON   BANK0   BANK1   BANK2   BANK3   BANK4
      Params:         2       0       0       0       0       0
      Locals:         0       0       0       0       0       0
      Temps:          0       0       0       0       0       0
      Totals:         2       0       0       0       0       0
Total ram usage:        2 bytes
 Hardware stack levels used:    1
 Hardware stack levels required when called:    1
 This function calls:
		_close
 This function is called by:
		_disp
 This function uses a non-reentrant model


 *************** function _close *****************
 Defined at:
		line 181 in file "main.c"
 Parameters:    Size  Location     Type
		None
 Auto vars:     Size  Location     Type
		None
 Return value:  Size  Location     Type
                  1    wreg      void 
 Registers used:
		None
 Tracked objects:
		On entry : 
		On exit  : 
		Unchanged: 
 Data sizes:     COMMON   BANK0   BANK1   BANK2   BANK3   BANK4
      Params:         0       0       0       0       0       0
      Locals:         0       0       0       0       0       0
      Temps:          0       0       0       0       0       0
      Totals:         0       0       0       0       0       0
Total ram usage:        0 bytes
 Hardware stack levels used:    1
 This function calls:
		Nothing
 This function is called by:
		_disp
		_open
 This function uses a non-reentrant model


 *************** function ___wmul *****************
 Defined at:
		line 15 in file "C:\Program Files (x86)\Microchip\xc8\v1.37\sources\common\Umul16.c"
 Parameters:    Size  Location     Type
  multiplier      2    0[COMMON] unsigned int 
  multiplicand    2    2[COMMON] unsigned int 
 Auto vars:     Size  Location     Type
  product         2    4[COMMON] unsigned int 
 Return value:  Size  Location     Type
                  2    0[COMMON] unsigned int 
 Registers used:
		wreg, status,2, status,0
 Tracked objects:
		On entry : 
		On exit  : 
		Unchanged: 
 Data sizes:     COMMON   BANK0   BANK1   BANK2   BANK3   BANK4
      Params:         4       0       0       0       0       0
      Locals:         2       0       0       0       0       0
      Temps:          0       0       0       0       0       0
      Totals:         6       0       0       0       0       0
Total ram usage:        6 bytes
 Hardware stack levels used:    1
 This function calls:
		Nothing
 This function is called by:
		_disp
 This function uses a non-reentrant model


 *************** function ___fttol *****************
 Defined at:
		line 44 in file "C:\Program Files (x86)\Microchip\xc8\v1.37\sources\common\fttol.c"
 Parameters:    Size  Location     Type
  f1              3   32[BANK0 ] float 
 Auto vars:     Size  Location     Type
  lval            4   41[BANK0 ] unsigned long 
  exp1            1   45[BANK0 ] unsigned char 
  sign1           1   40[BANK0 ] unsigned char 
 Return value:  Size  Location     Type
                  4   32[BANK0 ] long 
 Registers used:
		wreg, status,2, status,0
 Tracked objects:
		On entry : 
		On exit  : 
		Unchanged: 
 Data sizes:     COMMON   BANK0   BANK1   BANK2   BANK3   BANK4
      Params:         0       4       0       0       0       0
      Locals:         0       6       0       0       0       0
      Temps:          0       4       0       0       0       0
      Totals:         0      14       0       0       0       0
Total ram usage:       14 bytes
 Hardware stack levels used:    1
 This function calls:
		Nothing
 This function is called by:
		_disp
 This function uses a non-reentrant model


 *************** function ___ftge *****************
 Defined at:
		line 4 in file "C:\Program Files (x86)\Microchip\xc8\v1.37\sources\common\ftge.c"
 Parameters:    Size  Location     Type
  ff1             3    0[COMMON] float 
  ff2             3    3[COMMON] float 
 Auto vars:     Size  Location     Type
		None
 Return value:  Size  Location     Type
		None               void
 Registers used:
		wreg, status,2, status,0
 Tracked objects:
		On entry : 
		On exit  : 
		Unchanged: 
 Data sizes:     COMMON   BANK0   BANK1   BANK2   BANK3   BANK4
      Params:         6       0       0       0       0       0
      Locals:         0       0       0       0       0       0
      Temps:          3       0       0       0       0       0
      Totals:         9       0       0       0       0       0
Total ram usage:        9 bytes
 Hardware stack levels used:    1
 This function calls:
		Nothing
 This function is called by:
		_disp
 This function uses a non-reentrant model


 *************** function ___awmod *****************
 Defined at:
		line 6 in file "C:\Program Files (x86)\Microchip\xc8\v1.37\sources\common\awmod.c"
 Parameters:    Size  Location     Type
  divisor         2   46[BANK0 ] int 
  dividend        2   48[BANK0 ] int 
 Auto vars:     Size  Location     Type
  sign            1   52[BANK0 ] unsigned char 
  counter         1   51[BANK0 ] unsigned char 
 Return value:  Size  Location     Type
                  2   46[BANK0 ] int 
 Registers used:
		wreg, status,2, status,0
 Tracked objects:
		On entry : 
		On exit  : 
		Unchanged: 
 Data sizes:     COMMON   BANK0   BANK1   BANK2   BANK3   BANK4
      Params:         0       4       0       0       0       0
      Locals:         0       2       0       0       0       0
      Temps:          0       1       0       0       0       0
      Totals:         0       7       0       0       0       0
Total ram usage:        7 bytes
 Hardware stack levels used:    1
 This function calls:
		Nothing
 This function is called by:
		_disp
 This function uses a non-reentrant model


 *************** function _daconv *****************
 Defined at:
		line 200 in file "main.c"
 Parameters:    Size  Location     Type
  digital         2   32[BANK0 ] int 
 Auto vars:     Size  Location     Type
  analog          3   35[BANK0 ] int 
 Return value:  Size  Location     Type
                  3   32[BANK0 ] int 
 Registers used:
		wreg, status,2, status,0, pclath, cstack
 Tracked objects:
		On entry : 
		On exit  : 
		Unchanged: 
 Data sizes:     COMMON   BANK0   BANK1   BANK2   BANK3   BANK4
      Params:         0       3       0       0       0       0
      Locals:         0       3       0       0       0       0
      Temps:          0       0       0       0       0       0
      Totals:         0       6       0       0       0       0
Total ram usage:        6 bytes
 Hardware stack levels used:    1
 Hardware stack levels required when called:    2
 This function calls:
		___awtoft
		___ftdiv
		___ftmul
 This function is called by:
		_loop
 This function uses a non-reentrant model


 *************** function ___ftmul *****************
 Defined at:
		line 62 in file "C:\Program Files (x86)\Microchip\xc8\v1.37\sources\common\ftmul.c"
 Parameters:    Size  Location     Type
  f1              3    0[BANK0 ] float 
  f2              3    3[BANK0 ] float 
 Auto vars:     Size  Location     Type
  f3_as_produc    3   11[BANK0 ] unsigned um
  sign            1   15[BANK0 ] unsigned char 
  cntr            1   14[BANK0 ] unsigned char 
  exp             1   10[BANK0 ] unsigned char 
 Return value:  Size  Location     Type
                  3    0[BANK0 ] float 
 Registers used:
		wreg, status,2, status,0, pclath, cstack
 Tracked objects:
		On entry : 
		On exit  : 
		Unchanged: 
 Data sizes:     COMMON   BANK0   BANK1   BANK2   BANK3   BANK4
      Params:         0       6       0       0       0       0
      Locals:         0       6       0       0       0       0
      Temps:          0       4       0       0       0       0
      Totals:         0      16       0       0       0       0
Total ram usage:       16 bytes
 Hardware stack levels used:    1
 Hardware stack levels required when called:    1
 This function calls:
		___ftpack
 This function is called by:
		_disp
		_daconv
 This function uses a non-reentrant model


 *************** function ___ftdiv *****************
 Defined at:
		line 56 in file "C:\Program Files (x86)\Microchip\xc8\v1.37\sources\common\ftdiv.c"
 Parameters:    Size  Location     Type
  f2              3   16[BANK0 ] float 
  f1              3   19[BANK0 ] float 
 Auto vars:     Size  Location     Type
  f3              3   27[BANK0 ] float 
  sign            1   31[BANK0 ] unsigned char 
  exp             1   30[BANK0 ] unsigned char 
  cntr            1   26[BANK0 ] unsigned char 
 Return value:  Size  Location     Type
                  3   16[BANK0 ] float 
 Registers used:
		wreg, status,2, status,0, pclath, cstack
 Tracked objects:
		On entry : 
		On exit  : 
		Unchanged: 
 Data sizes:     COMMON   BANK0   BANK1   BANK2   BANK3   BANK4
      Params:         0       6       0       0       0       0
      Locals:         0       6       0       0       0       0
      Temps:          0       4       0       0       0       0
      Totals:         0      16       0       0       0       0
Total ram usage:       16 bytes
 Hardware stack levels used:    1
 Hardware stack levels required when called:    1
 This function calls:
		___ftpack
 This function is called by:
		_disp
		_daconv
 This function uses a non-reentrant model


 *************** function ___awtoft *****************
 Defined at:
		line 32 in file "C:\Program Files (x86)\Microchip\xc8\v1.37\sources\common\awtoft.c"
 Parameters:    Size  Location     Type
  c               2    8[COMMON] int 
 Auto vars:     Size  Location     Type
  sign            1   13[COMMON] unsigned char 
 Return value:  Size  Location     Type
                  3    8[COMMON] float 
 Registers used:
		wreg, status,2, status,0, pclath, cstack
 Tracked objects:
		On entry : 
		On exit  : 
		Unchanged: 
 Data sizes:     COMMON   BANK0   BANK1   BANK2   BANK3   BANK4
      Params:         3       0       0       0       0       0
      Locals:         1       0       0       0       0       0
      Temps:          2       0       0       0       0       0
      Totals:         6       0       0       0       0       0
Total ram usage:        6 bytes
 Hardware stack levels used:    1
 Hardware stack levels required when called:    1
 This function calls:
		___ftpack
 This function is called by:
		_daconv
 This function uses a non-reentrant model


 *************** function ___ftpack *****************
 Defined at:
		line 62 in file "C:\Program Files (x86)\Microchip\xc8\v1.37\sources\common\float.c"
 Parameters:    Size  Location     Type
  arg             3    0[COMMON] unsigned um
  exp             1    3[COMMON] unsigned char 
  sign            1    4[COMMON] unsigned char 
 Auto vars:     Size  Location     Type
		None
 Return value:  Size  Location     Type
                  3    0[COMMON] float 
 Registers used:
		wreg, status,2, status,0
 Tracked objects:
		On entry : 
		On exit  : 
		Unchanged: 
 Data sizes:     COMMON   BANK0   BANK1   BANK2   BANK3   BANK4
      Params:         5       0       0       0       0       0
      Locals:         0       0       0       0       0       0
      Temps:          3       0       0       0       0       0
      Totals:         8       0       0       0       0       0
Total ram usage:        8 bytes
 Hardware stack levels used:    1
 This function calls:
		Nothing
 This function is called by:
		___awtoft
		___ftdiv
		___ftmul
 This function uses a non-reentrant model


 *************** function _adconv *****************
 Defined at:
		line 188 in file "main.c"
 Parameters:    Size  Location     Type
		None
 Auto vars:     Size  Location     Type
  temp            2    9[COMMON] int 
 Return value:  Size  Location     Type
                  2    0[COMMON] int 
 Registers used:
		wreg
 Tracked objects:
		On entry : 
		On exit  : 
		Unchanged: 
 Data sizes:     COMMON   BANK0   BANK1   BANK2   BANK3   BANK4
      Params:         2       0       0       0       0       0
      Locals:         2       0       0       0       0       0
      Temps:          7       0       0       0       0       0
      Totals:        11       0       0       0       0       0
Total ram usage:       11 bytes
 Hardware stack levels used:    1
 This function calls:
		Nothing
 This function is called by:
		_loop
 This function uses a non-reentrant model


 *************** function _init *****************
 Defined at:
		line 76 in file "main.c"
 Parameters:    Size  Location     Type
		None
 Auto vars:     Size  Location     Type
		None
 Return value:  Size  Location     Type
                  1    wreg      void 
 Registers used:
		wreg, status,2
 Tracked objects:
		On entry : 
		On exit  : 
		Unchanged: 
 Data sizes:     COMMON   BANK0   BANK1   BANK2   BANK3   BANK4
      Params:         0       0       0       0       0       0
      Locals:         0       0       0       0       0       0
      Temps:          1       0       0       0       0       0
      Totals:         1       0       0       0       0       0
Total ram usage:        1 bytes
 Hardware stack levels used:    1
 This function calls:
		Nothing
 This function is called by:
		_main
 This function uses a non-reentrant model



MODULE INFORMATION

Module		Function		Class		Link	Load	Size
C:\Program Files (x86)\Microchip\xc8\v1.37\sources\common\ftdiv.c
		___ftdiv       		CODE           	04D3	0000	170

C:\Program Files (x86)\Microchip\xc8\v1.37\sources\common\ftdiv.c estimated size: 170

C:\Program Files (x86)\Microchip\xc8\v1.37\sources\common\ftge.c
		___ftge        		CODE           	0265	0000	60

C:\Program Files (x86)\Microchip\xc8\v1.37\sources\common\ftge.c estimated size: 60

C:\Program Files (x86)\Microchip\xc8\v1.37\sources\common\fttol.c
		___fttol       		CODE           	03A4	0000	136

C:\Program Files (x86)\Microchip\xc8\v1.37\sources\common\fttol.c estimated size: 136

C:\Program Files (x86)\Microchip\xc8\v1.37\sources\common\Umul16.c
		___wmul        		CODE           	01B0	0000	28

C:\Program Files (x86)\Microchip\xc8\v1.37\sources\common\Umul16.c estimated size: 28

shared
		__initialization		CODE           	07F0	0000	14

shared estimated size: 14

C:\Program Files (x86)\Microchip\xc8\v1.37\sources\common\awtoft.c
		___awtoft      		CODE           	01CB	0000	33

C:\Program Files (x86)\Microchip\xc8\v1.37\sources\common\awtoft.c estimated size: 33

C:\Program Files (x86)\Microchip\xc8\v1.37\sources\common\float.c
		___ftpack      		CODE           	0340	0000	101

C:\Program Files (x86)\Microchip\xc8\v1.37\sources\common\float.c estimated size: 101

main.c
		_loop          		CODE           	016B	0000	22
		_disp_b        		CODE           	0127	0000	9
		_init          		CODE           	0180	0000	25
		_disp_e        		CODE           	0147	0000	9
		_set_disp      		CODE           	02E6	0000	91
		_main          		CODE           	0118	0000	8
		_disp_c        		CODE           	012F	0000	9
		_disp_f        		CODE           	014F	0000	9
		_open          		CODE           	01EB	0000	34
		_close         		CODE           	0113	0000	6
		_daconv        		CODE           	0230	0000	54
		_adconv        		CODE           	020C	0000	37
		_disp_a        		CODE           	011F	0000	9
		_disp_d        		CODE           	0137	0000	9
		_disp_g        		CODE           	0157	0000	9
		_disp_dp       		CODE           	013F	0000	9
		_wait          		CODE           	0198	0000	25
		_disp          		CODE           	0630	0000	449

main.c estimated size: 823

C:\Program Files (x86)\Microchip\xc8\v1.37\sources\common\ftmul.c
		___ftmul       		CODE           	057C	0000	181

C:\Program Files (x86)\Microchip\xc8\v1.37\sources\common\ftmul.c estimated size: 181

C:\Program Files (x86)\Microchip\xc8\v1.37\sources\common\awmod.c
		___awmod       		CODE           	02A0	0000	71

C:\Program Files (x86)\Microchip\xc8\v1.37\sources\common\awmod.c estimated size: 71

