Microchip MPLAB XC8 Compiler V1.38 ()

Linker command line:

-W-3 --edf=C:\Program Files (x86)\Microchip\xc8\v1.38\dat\en_msgs.txt -cs \
  -h+dist/default/production\7segLED_driver.X.production.sym \
  --cmf=dist/default/production\7segLED_driver.X.production.cmf -z \
  -Q16F1827 -oC:\Users\yuki\AppData\Local\Temp\s4r8.2 \
  -Mdist/default/production/7segLED_driver.X.production.map -E1 -ver=XC8 \
  -ASTACK=02029h-0216fh -pstack=STACK -ACODE=00h-07FFhx2 \
  -ASTRCODE=00h-0FFFh -ASTRING=00h-0FFhx16 -ACONST=00h-0FFhx16 \
  -AENTRY=00h-0FFhx16 -ACOMMON=070h-07Fh -ABANK0=020h-06Fh \
  -ABANK1=0A0h-0EFh -ABANK2=0120h-016Fh -ABANK3=01A0h-01EFh \
  -ABANK4=0220h-024Fh -ABIGRAM=02000h-0216Fh \
  -ARAM=020h-06Fh,0A0h-0EFh,0120h-016Fh,01A0h-01EFh,0220h-024Fh \
  -AABS1=020h-07Fh,0A0h-0EFh,0120h-016Fh,01A0h-01EFh,0220h-024Fh \
  -ASFR0=00h-01Fh -ASFR1=080h-09Fh -ASFR2=0100h-011Fh -ASFR3=0180h-019Fh \
  -ASFR4=0200h-021Fh -ASFR5=0280h-02EFh -ASFR6=0300h-036Fh \
  -ASFR7=0380h-03EFh -ASFR8=0400h-046Fh -ASFR9=0480h-04EFh \
  -ASFR10=0500h-056Fh -ASFR11=0580h-05EFh -ASFR12=0600h-066Fh \
  -ASFR13=0680h-06EFh -ASFR14=0700h-076Fh -ASFR15=0780h-07EFh \
  -ASFR16=0800h-086Fh -ASFR17=0880h-08EFh -ASFR18=0900h-096Fh \
  -ASFR19=0980h-09EFh -ASFR20=0A00h-0A6Fh -ASFR21=0A80h-0AEFh \
  -ASFR22=0B00h-0B6Fh -ASFR23=0B80h-0BEFh -ASFR24=0C00h-0C6Fh \
  -ASFR25=0C80h-0CEFh -ASFR26=0D00h-0D6Fh -ASFR27=0D80h-0DEFh \
  -ASFR28=0E00h-0E6Fh -ASFR29=0E80h-0EEFh -ASFR30=0F00h-0F6Fh \
  -ASFR31=0F80h-0FEFh -preset_vec=00h,intentry=04h,init,end_init \
  -ppowerup=CODE -pcinit=CODE -pfunctab=CODE -ACONFIG=08007h-08008h \
  -pconfig=CONFIG -DCONFIG=2 -AIDLOC=08000h-08003h -pidloc=IDLOC -DIDLOC=2 \
  -AEEDATA=00h-0FFh/0F000h -peeprom_data=EEDATA -DEEDATA=2 -DCODE=2 \
  -DSTRCODE=2 -DSTRING=2 -DCONST=2 -DENTRY=2 -k \
  C:\Users\yuki\AppData\Local\Temp\s4r8.obj \
  dist/default/production\7segLED_driver.X.production.obj 

Object code version is 3.11

Machine type is 16F1827



                Name                               Link     Load   Length Selector   Space Scale
C:\Users\yuki\AppData\Local\Temp\s4r8.obj
                end_init                             26       26        2        8       0
                reset_vec                             0        0        2        0       0
                config                             8007     8007        2    1000E       0
dist/default/production\7segLED_driver.X.production.obj
                cinit                                28       28       11        8       0
                intentry                              4        4       22        8       0
                text24                              34E      34E       10        8       0
                text22                              33E      33E       10        8       0
                text21                              32E      32E       10        8       0
                text20                              36C      36C        B        8       0
                text19                              3C5      3C5        4        8       0
                text18                              31E      31E       10        8       0
                text17                              3B7      3B7        8        8       0
                text16                              3AF      3AF        8        8       0
                text15                              3A7      3A7        8        8       0
                text14                              39F      39F        8        8       0
                text13                              397      397        8        8       0
                text12                              38F      38F        8        8       0
                text11                              387      387        8        8       0
                text10                              37F      37F        8        8       0
                text9                               12D      12D       99        8       0
                text8                               2EB      2EB       1A        8       0
                text7                                39       39       F4        8       0
                text6                               305      305       19        8       0
                text5                               24E      24E       35        8       0
                text4                               283      283       2D        8       0
                text3                               2B0      2B0       1E        8       0
                text2                               1C6      1C6       88        8       0
                text1                               2CE      2CE       1D        8       0
                maintext                            35E      35E        E        8       0
                cstackBANK0                          20       20       20       20       1
                cstackCOMMON                         70       70        9       70       1
                inittext                            3BF      3BF        6        8       0
                dataBANK0                            40       40        8       20       1
                bssBANK0                             48       48        1       20       1
                bssCOMMON                            79       79        1       70       1
                idataBANK0                          377      377        8        8       0

TOTAL           Name                               Link     Load   Length     Space
        CLASS   STACK          

        CLASS   CODE           
                end_init                             26       26        2         0
                cinit                                28       28       11         0
                intentry                              4        4       22         0
                reset_vec                             0        0        2         0
                text24                              34E      34E       10         0
                text22                              33E      33E       10         0
                text21                              32E      32E       10         0
                text20                              36C      36C        B         0
                text19                              3C5      3C5        4         0
                text18                              31E      31E       10         0
                text17                              3B7      3B7        8         0
                text16                              3AF      3AF        8         0
                text15                              3A7      3A7        8         0
                text14                              39F      39F        8         0
                text13                              397      397        8         0
                text12                              38F      38F        8         0
                text11                              387      387        8         0
                text10                              37F      37F        8         0
                text9                               12D      12D       99         0
                text8                               2EB      2EB       1A         0
                text7                                39       39       F4         0
                text6                               305      305       19         0
                text5                               24E      24E       35         0
                text4                               283      283       2D         0
                text3                               2B0      2B0       1E         0
                text2                               1C6      1C6       88         0
                text1                               2CE      2CE       1D         0
                maintext                            35E      35E        E         0
                inittext                            3BF      3BF        6         0
                idataBANK0                          377      377        8         0

        CLASS   STRCODE        

        CLASS   STRING         

        CLASS   CONST          

        CLASS   ENTRY          

        CLASS   COMMON         
                cstackCOMMON                         70       70        9         1
                bssCOMMON                            79       79        1         1

        CLASS   BANK0          
                cstackBANK0                          20       20       20         1
                dataBANK0                            40       40        8         1
                bssBANK0                             48       48        1         1

        CLASS   BANK1          

        CLASS   BANK2          

        CLASS   BANK3          

        CLASS   BANK4          

        CLASS   BIGRAM         

        CLASS   RAM            

        CLASS   ABS1           
                abs_s1                               7E       7E        2         1

        CLASS   SFR0           

        CLASS   SFR1           

        CLASS   SFR2           

        CLASS   SFR3           

        CLASS   SFR4           

        CLASS   SFR5           

        CLASS   SFR6           

        CLASS   SFR7           

        CLASS   SFR8           

        CLASS   SFR9           

        CLASS   SFR10          

        CLASS   SFR11          

        CLASS   SFR12          

        CLASS   SFR13          

        CLASS   SFR14          

        CLASS   SFR15          

        CLASS   SFR16          

        CLASS   SFR17          

        CLASS   SFR18          

        CLASS   SFR19          

        CLASS   SFR20          

        CLASS   SFR21          

        CLASS   SFR22          

        CLASS   SFR23          

        CLASS   SFR24          

        CLASS   SFR25          

        CLASS   SFR26          

        CLASS   SFR27          

        CLASS   SFR28          

        CLASS   SFR29          

        CLASS   SFR30          

        CLASS   SFR31          

        CLASS   CONFIG         
                config                             8007     8007        2         0

        CLASS   IDLOC          

        CLASS   EEDATA         

        CLASS   BANK31         

        CLASS   BANK30         

        CLASS   BANK29         

        CLASS   BANK28         

        CLASS   BANK27         

        CLASS   BANK26         

        CLASS   BANK25         

        CLASS   BANK24         

        CLASS   BANK23         

        CLASS   BANK22         

        CLASS   BANK21         

        CLASS   BANK20         

        CLASS   BANK19         

        CLASS   BANK18         

        CLASS   BANK17         

        CLASS   BANK16         

        CLASS   BANK15         

        CLASS   BANK14         

        CLASS   BANK13         

        CLASS   BANK12         

        CLASS   BANK11         

        CLASS   BANK10         

        CLASS   BANK9          

        CLASS   BANK8          

        CLASS   BANK7          

        CLASS   BANK6          

        CLASS   BANK5          



SEGMENTS        Name                           Load    Length   Top    Selector   Space  Class     Delta

                reset_vec                      000000  000002  000002         0       0  CODE        2
                intentry                       000004  0003C5  0003C9         8       0  CODE        2
                cstackBANK0                    000020  000029  000049        20       1  BANK0       1
                cstackCOMMON                   000070  00000A  00007A        70       1  COMMON      1
                config                         008007  000002  008009     1000E       0  CONFIG      2


UNUSED ADDRESS RANGES

        Name                Unused          Largest block    Delta
        BANK0            00049-0006F              27           1
        BANK1            000A0-000EF              50           1
        BANK2            00120-0016F              50           1
        BANK3            001A0-001EF              50           1
        BANK4            00220-0024F              30           1
        BIGRAM           02000-0216F             170           1
        CODE             00002-00003               2           2
                         003C9-00FFF             437
        COMMON           0007A-0007D               4           1
        CONST            00002-00003               2           2
                         003C9-00FFF             100
        EEDATA           0F000-0F0FF             100           2
        ENTRY            00002-00003               2           2
                         003C9-00FFF             100
        IDLOC            08000-08003               4           2
        RAM              00049-0006F              27           1
                         000A0-000EF              50
                         00120-0016F              50
                         001A0-001EF              50
                         00220-0024F              30
        SFR0             00000-0001F              20           1
        SFR1             00080-0009F              20           1
        SFR10            00500-0056F              70           1
        SFR11            00580-005EF              70           1
        SFR12            00600-0066F              70           1
        SFR13            00680-006EF              70           1
        SFR14            00700-0076F              70           1
        SFR15            00780-007EF              70           1
        SFR16            00800-0086F              70           1
        SFR17            00880-008EF              70           1
        SFR18            00900-0096F              70           1
        SFR19            00980-009EF              70           1
        SFR2             00100-0011F              20           1
        SFR20            00A00-00A6F              70           1
        SFR21            00A80-00AEF              70           1
        SFR22            00B00-00B6F              70           1
        SFR23            00B80-00BEF              70           1
        SFR24            00C00-00C6F              70           1
        SFR25            00C80-00CEF              70           1
        SFR26            00D00-00D6F              70           1
        SFR27            00D80-00DEF              70           1
        SFR28            00E00-00E6F              70           1
        SFR29            00E80-00EEF              70           1
        SFR3             00180-0019F              20           1
        SFR30            00F00-00F6F              70           1
        SFR31            00F80-00FEF              70           1
        SFR4             00200-0021F              20           1
        SFR5             00280-002EF              70           1
        SFR6             00300-0036F              70           1
        SFR7             00380-003EF              70           1
        SFR8             00400-0046F              70           1
        SFR9             00480-004EF              70           1
        STACK            02029-0216F             147           1
        STRCODE          00002-00003               2           2
                         003C9-00FFF             C37
        STRING           00002-00003               2           2
                         003C9-00FFF             100

                                  Symbol Table

?___lwdiv                 cstackBANK0  00022
?___lwmod                 cstackBANK0  00029
?___wmul                  cstackCOMMON 00074
_ANSELA                   (abs)        0018C
_ANSELB                   (abs)        0018D
_BCL1IE                   (abs)        00493
_BCL1IF                   (abs)        00093
_GIE                      (abs)        0005F
_OSCCON                   (abs)        00099
_PEIE                     (abs)        0005E
_PORTA                    (abs)        0000C
_PORTB                    (abs)        0000D
_PR4                      (abs)        00416
_RA0                      (abs)        00060
_RA1                      (abs)        00061
_RA2                      (abs)        00062
_RA3                      (abs)        00063
_RA6                      (abs)        00066
_RA7                      (abs)        00067
_RB2                      (abs)        0006A
_RB5                      (abs)        0006D
_RB6                      (abs)        0006E
_RB7                      (abs)        0006F
_SSP1ADD                  (abs)        00212
_SSP1BUF                  (abs)        00211
_SSP1CON1                 (abs)        00215
_SSP1CON1bits             (abs)        00215
_SSP1CON2bits             (abs)        00216
_SSP1IE                   (abs)        0048B
_SSP1IF                   (abs)        0008B
_SSP1STAT                 (abs)        00214
_SSP1STATbits             (abs)        00214
_T4CON                    (abs)        00417
_TMR4                     (abs)        00415
_TMR4IE                   (abs)        00499
_TMR4IF                   (abs)        00099
_TMR4ON                   (abs)        020BA
_TRISA                    (abs)        0008C
_TRISB                    (abs)        0008D
__CFG_BOREN$ON            (abs)        00000
__CFG_BORV$HI             (abs)        00000
__CFG_CLKOUTEN$OFF        (abs)        00000
__CFG_CP$OFF              (abs)        00000
__CFG_CPD$OFF             (abs)        00000
__CFG_FCMEN$OFF           (abs)        00000
__CFG_FOSC$INTOSC         (abs)        00000
__CFG_IESO$OFF            (abs)        00000
__CFG_LVP$OFF             (abs)        00000
__CFG_MCLRE$OFF           (abs)        00000
__CFG_PLLEN$OFF           (abs)        00000
__CFG_PWRTE$ON            (abs)        00000
__CFG_STVREN$ON           (abs)        00000
__CFG_WDTE$OFF            (abs)        00000
__CFG_WRT$OFF             (abs)        00000
__Habs1                   abs1         00000
__Hbank0                  bank0        00000
__Hbank1                  bank1        00000
__Hbank10                 bank10       00000
__Hbank11                 bank11       00000
__Hbank12                 bank12       00000
__Hbank13                 bank13       00000
__Hbank14                 bank14       00000
__Hbank15                 bank15       00000
__Hbank16                 bank16       00000
__Hbank17                 bank17       00000
__Hbank18                 bank18       00000
__Hbank19                 bank19       00000
__Hbank2                  bank2        00000
__Hbank20                 bank20       00000
__Hbank21                 bank21       00000
__Hbank22                 bank22       00000
__Hbank23                 bank23       00000
__Hbank24                 bank24       00000
__Hbank25                 bank25       00000
__Hbank26                 bank26       00000
__Hbank27                 bank27       00000
__Hbank28                 bank28       00000
__Hbank29                 bank29       00000
__Hbank3                  bank3        00000
__Hbank30                 bank30       00000
__Hbank31                 bank31       00000
__Hbank4                  bank4        00000
__Hbank5                  bank5        00000
__Hbank6                  bank6        00000
__Hbank7                  bank7        00000
__Hbank8                  bank8        00000
__Hbank9                  bank9        00000
__Hbigram                 bigram       00000
__HbssBANK0               bssBANK0     00000
__HbssCOMMON              bssCOMMON    00000
__Hcinit                  cinit        00039
__Hclrtext                clrtext      00000
__Hcode                   code         00000
__Hcommon                 common       00000
__Hconfig                 config       08009
__HcstackBANK0            cstackBANK0  00000
__HcstackCOMMON           cstackCOMMON 00000
__HdataBANK0              dataBANK0    00000
__Heeprom_data            eeprom_data  00000
__Hend_init               end_init     00028
__Hfunctab                functab      00000
__HidataBANK0             idataBANK0   00000
__Hidloc                  idloc        00000
__Hinit                   init         00026
__Hinittext               inittext     00000
__Hintentry               intentry     00026
__Hmaintext               maintext     00000
__Hpowerup                powerup      00000
__Hram                    ram          00000
__Hreset_vec              reset_vec    00002
__Hsfr0                   sfr0         00000
__Hsfr1                   sfr1         00000
__Hsfr10                  sfr10        00000
__Hsfr11                  sfr11        00000
__Hsfr12                  sfr12        00000
__Hsfr13                  sfr13        00000
__Hsfr14                  sfr14        00000
__Hsfr15                  sfr15        00000
__Hsfr16                  sfr16        00000
__Hsfr17                  sfr17        00000
__Hsfr18                  sfr18        00000
__Hsfr19                  sfr19        00000
__Hsfr2                   sfr2         00000
__Hsfr20                  sfr20        00000
__Hsfr21                  sfr21        00000
__Hsfr22                  sfr22        00000
__Hsfr23                  sfr23        00000
__Hsfr24                  sfr24        00000
__Hsfr25                  sfr25        00000
__Hsfr26                  sfr26        00000
__Hsfr27                  sfr27        00000
__Hsfr28                  sfr28        00000
__Hsfr29                  sfr29        00000
__Hsfr3                   sfr3         00000
__Hsfr30                  sfr30        00000
__Hsfr31                  sfr31        00000
__Hsfr4                   sfr4         00000
__Hsfr5                   sfr5         00000
__Hsfr6                   sfr6         00000
__Hsfr7                   sfr7         00000
__Hsfr8                   sfr8         00000
__Hsfr9                   sfr9         00000
__Hspace_0                (abs)        08009
__Hspace_1                (abs)        0007A
__Hspace_2                (abs)        00000
__Hspace_3                (abs)        00000
__Hstack                  stack        00000
__Hstrings                strings      00000
__Htext                   text         00000
__Labs1                   abs1         00000
__Lbank0                  bank0        00000
__Lbank1                  bank1        00000
__Lbank10                 bank10       00000
__Lbank11                 bank11       00000
__Lbank12                 bank12       00000
__Lbank13                 bank13       00000
__Lbank14                 bank14       00000
__Lbank15                 bank15       00000
__Lbank16                 bank16       00000
__Lbank17                 bank17       00000
__Lbank18                 bank18       00000
__Lbank19                 bank19       00000
__Lbank2                  bank2        00000
__Lbank20                 bank20       00000
__Lbank21                 bank21       00000
__Lbank22                 bank22       00000
__Lbank23                 bank23       00000
__Lbank24                 bank24       00000
__Lbank25                 bank25       00000
__Lbank26                 bank26       00000
__Lbank27                 bank27       00000
__Lbank28                 bank28       00000
__Lbank29                 bank29       00000
__Lbank3                  bank3        00000
__Lbank30                 bank30       00000
__Lbank31                 bank31       00000
__Lbank4                  bank4        00000
__Lbank5                  bank5        00000
__Lbank6                  bank6        00000
__Lbank7                  bank7        00000
__Lbank8                  bank8        00000
__Lbank9                  bank9        00000
__Lbigram                 bigram       00000
__LbssBANK0               bssBANK0     00000
__LbssCOMMON              bssCOMMON    00000
__Lcinit                  cinit        00028
__Lclrtext                clrtext      00000
__Lcode                   code         00000
__Lcommon                 common       00000
__Lconfig                 config       08007
__LcstackBANK0            cstackBANK0  00000
__LcstackCOMMON           cstackCOMMON 00000
__LdataBANK0              dataBANK0    00000
__Leeprom_data            eeprom_data  00000
__Lend_init               end_init     00026
__Lfunctab                functab      00000
__LidataBANK0             idataBANK0   00000
__Lidloc                  idloc        00000
__Linit                   init         00026
__Linittext               inittext     00000
__Lintentry               intentry     00004
__Lmaintext               maintext     00000
__Lpowerup                powerup      00000
__Lram                    ram          00000
__Lreset_vec              reset_vec    00000
__Lsfr0                   sfr0         00000
__Lsfr1                   sfr1         00000
__Lsfr10                  sfr10        00000
__Lsfr11                  sfr11        00000
__Lsfr12                  sfr12        00000
__Lsfr13                  sfr13        00000
__Lsfr14                  sfr14        00000
__Lsfr15                  sfr15        00000
__Lsfr16                  sfr16        00000
__Lsfr17                  sfr17        00000
__Lsfr18                  sfr18        00000
__Lsfr19                  sfr19        00000
__Lsfr2                   sfr2         00000
__Lsfr20                  sfr20        00000
__Lsfr21                  sfr21        00000
__Lsfr22                  sfr22        00000
__Lsfr23                  sfr23        00000
__Lsfr24                  sfr24        00000
__Lsfr25                  sfr25        00000
__Lsfr26                  sfr26        00000
__Lsfr27                  sfr27        00000
__Lsfr28                  sfr28        00000
__Lsfr29                  sfr29        00000
__Lsfr3                   sfr3         00000
__Lsfr30                  sfr30        00000
__Lsfr31                  sfr31        00000
__Lsfr4                   sfr4         00000
__Lsfr5                   sfr5         00000
__Lsfr6                   sfr6         00000
__Lsfr7                   sfr7         00000
__Lsfr8                   sfr8         00000
__Lsfr9                   sfr9         00000
__Lspace_0                (abs)        00000
__Lspace_1                (abs)        00000
__Lspace_2                (abs)        00000
__Lspace_3                (abs)        00000
__Lstack                  stack        00000
__Lstrings                strings      00000
__Ltext                   text         00000
__S0                      (abs)        08009
__S1                      (abs)        0007A
__S2                      (abs)        00000
__S3                      (abs)        00000
___int_sp                 stack        00000
___latbits                (abs)        00001
___lwdiv                  text5        0024E
___lwdiv@counter          cstackBANK0  00026
___lwdiv@dividend         cstackBANK0  00024
___lwdiv@divisor          cstackBANK0  00022
___lwdiv@quotient         cstackBANK0  00027
___lwmod                  text4        00283
___lwmod@counter          cstackBANK0  0002E
___lwmod@dividend         cstackBANK0  0002B
___lwmod@divisor          cstackBANK0  00029
___sp                     stack        00000
___wmul                   text3        002B0
___wmul@multiplicand      cstackCOMMON 00076
___wmul@multiplier        cstackCOMMON 00074
___wmul@product           cstackBANK0  00020
__end_of___lwdiv          text5        00283
__end_of___lwmod          text4        002B0
__end_of___wmul           text3        002CE
__end_of__initialization  cinit        00035
__end_of_close2           text19       003C9
__end_of_error2           text6        0031E
__end_of_init             text22       0034E
__end_of_init_I2C_slave   text21       0033E
__end_of_init_Timer4      text20       00377
__end_of_interrupt_I2C    text24       0035E
__end_of_interruption     intentry     00026
__end_of_light2           text7        0012D
__end_of_loop             text1        002EB
__end_of_main             maintext     0036C
__end_of_num_digits_conv  text2        0024E
__end_of_open2            text18       0032E
__end_of_set_a            text17       003BF
__end_of_set_b            text16       003B7
__end_of_set_c            text15       003AF
__end_of_set_d            text14       003A7
__end_of_set_e            text13       0039F
__end_of_set_f            text12       00397
__end_of_set_g            text11       0038F
__end_of_set_num          text9        001C6
__end_of_set_p            text10       00387
__end_of_wait             text8        00305
__initialization          cinit        00028
__pbssBANK0               bssBANK0     00048
__pbssCOMMON              bssCOMMON    00079
__pcstackBANK0            cstackBANK0  00020
__pcstackCOMMON           cstackCOMMON 00070
__pdataBANK0              dataBANK0    00040
__pidataBANK0             idataBANK0   00377
__pintentry               intentry     00004
__pmaintext               maintext     0035E
__ptext1                  text1        002CE
__ptext10                 text10       0037F
__ptext11                 text11       00387
__ptext12                 text12       0038F
__ptext13                 text13       00397
__ptext14                 text14       0039F
__ptext15                 text15       003A7
__ptext16                 text16       003AF
__ptext17                 text17       003B7
__ptext18                 text18       0031E
__ptext19                 text19       003C5
__ptext2                  text2        001C6
__ptext20                 text20       0036C
__ptext21                 text21       0032E
__ptext22                 text22       0033E
__ptext24                 text24       0034E
__ptext3                  text3        002B0
__ptext4                  text4        00283
__ptext5                  text5        0024E
__ptext6                  text6        00305
__ptext7                  text7        00039
__ptext8                  text8        002EB
__ptext9                  text9        0012D
__size_of___lwdiv         (abs)        00000
__size_of___lwmod         (abs)        00000
__size_of___wmul          (abs)        00000
__size_of_close2          (abs)        00000
__size_of_error2          (abs)        00000
__size_of_init            (abs)        00000
__size_of_init_I2C_slave  (abs)        00000
__size_of_init_Timer4     (abs)        00000
__size_of_interrupt_I2C   (abs)        00000
__size_of_interruption    (abs)        00000
__size_of_light2          (abs)        00000
__size_of_loop            (abs)        00000
__size_of_main            (abs)        00000
__size_of_num_digits_conv (abs)        00000
__size_of_open2           (abs)        00000
__size_of_set_a           (abs)        00000
__size_of_set_b           (abs)        00000
__size_of_set_c           (abs)        00000
__size_of_set_d           (abs)        00000
__size_of_set_e           (abs)        00000
__size_of_set_f           (abs)        00000
__size_of_set_g           (abs)        00000
__size_of_set_num         (abs)        00000
__size_of_set_p           (abs)        00000
__size_of_wait            (abs)        00000
_close2                   text19       003C5
_counter                  bssCOMMON    00079
_error2                   text6        00305
_init                     text22       0033E
_init_I2C_slave           text21       0032E
_init_Timer4              text20       0036C
_interrupt_I2C            text24       0034E
_interruption             intentry     00004
_light2                   text7        00039
_loop                     text1        002CE
_main                     maintext     0035E
_num_digits_conv          text2        001C6
_open2                    text18       0031E
_received_data            bssBANK0     00048
_set_a                    text17       003B7
_set_b                    text16       003AF
_set_c                    text15       003A7
_set_d                    text14       0039F
_set_e                    text13       00397
_set_f                    text12       0038F
_set_g                    text11       00387
_set_num                  text9        0012D
_set_p                    text10       0037F
_wait                     text8        002EB
btemp                     (abs)        0007E
end_of_initialization     cinit        00035
error2@F2802              dataBANK0    00040
error2@F2804              dataBANK0    00044
error2@error_digit        cstackBANK0  00030
error2@error_dot          cstackBANK0  0002C
init_I2C_slave@addr       cstackCOMMON 00074
init_ram                  inittext     003BF
int$flags                 (abs)        0007E
interrupt_I2C@x           cstackCOMMON 00071
intlevel0                 functab      00000
intlevel1                 functab      00000
intlevel2                 functab      00000
intlevel3                 functab      00000
intlevel4                 functab      00000
intlevel5                 functab      00000
light2@digit              cstackBANK0  00029
light2@dot                cstackBANK0  00023
light2@i                  cstackBANK0  0002A
light2@num                cstackBANK0  00027
loop@digit                cstackBANK0  0003C
loop@dot                  cstackBANK0  00038
ltemp                     (abs)        0007E
ltemp0                    (abs)        0007E
ltemp1                    (abs)        00082
ltemp2                    (abs)        00086
ltemp3                    (abs)        00080
num_digits_conv@data      cstackBANK0  00033
num_digits_conv@digit     cstackBANK0  0002F
num_digits_conv@dot       cstackBANK0  00030
num_digits_conv@num       cstackBANK0  00034
open2@digit_select        cstackCOMMON 00074
reset_vec                 reset_vec    00000
set_a@on_off              cstackCOMMON 00074
set_b@on_off              cstackCOMMON 00074
set_c@on_off              cstackCOMMON 00074
set_d@on_off              cstackCOMMON 00074
set_e@on_off              cstackCOMMON 00074
set_f@on_off              cstackCOMMON 00074
set_g@on_off              cstackCOMMON 00074
set_num@num               cstackCOMMON 00076
set_p@on_off              cstackCOMMON 00074
stackhi                   (abs)        0216F
stacklo                   (abs)        02029
start                     init         00026
start_initialization      cinit        00028
ttemp                     (abs)        0007E
ttemp0                    (abs)        0007E
ttemp1                    (abs)        00081
ttemp2                    (abs)        00084
ttemp3                    (abs)        00087
ttemp4                    (abs)        0007F
wait@i                    cstackBANK0  00020
wait@wait_time            cstackCOMMON 00074
wtemp                     (abs)        0007E
wtemp0                    (abs)        0007E
wtemp1                    (abs)        00080
wtemp2                    (abs)        00082
wtemp3                    (abs)        00084
wtemp4                    (abs)        00086
wtemp5                    (abs)        00088
wtemp6                    (abs)        0007F


FUNCTION INFORMATION:

 *************** function _main *****************
 Defined at:
		line 59 in file "main.c"
 Parameters:    Size  Location     Type
		None
 Auto vars:     Size  Location     Type
		None
 Return value:  Size  Location     Type
                  1    wreg      void 
 Registers used:
		wreg, fsr1l, fsr1h, status,2, status,0, pclath, cstack
 Tracked objects:
		On entry : 
		On exit  : 
		Unchanged: 
 Data sizes:     COMMON   BANK0   BANK1   BANK2   BANK3   BANK4
      Params:         0       0       0       0       0       0
      Locals:         0       0       0       0       0       0
      Temps:          0       0       0       0       0       0
      Totals:         0       0       0       0       0       0
Total ram usage:        0 bytes
 Hardware stack levels required when called:    7
 This function calls:
		_init
		_init_I2C_slave
		_init_Timer4
		_loop
 This function is called by:
		Startup code after reset
 This function uses a non-reentrant model


 *************** function _loop *****************
 Defined at:
		line 101 in file "main.c"
 Parameters:    Size  Location     Type
		None
 Auto vars:     Size  Location     Type
  digit           4   28[BANK0 ] int [2]
  dot             4   24[BANK0 ] int [2]
 Return value:  Size  Location     Type
                  1    wreg      void 
 Registers used:
		wreg, fsr1l, fsr1h, status,2, status,0, pclath, cstack
 Tracked objects:
		On entry : 
		On exit  : 
		Unchanged: 
 Data sizes:     COMMON   BANK0   BANK1   BANK2   BANK3   BANK4
      Params:         0       0       0       0       0       0
      Locals:         0       8       0       0       0       0
      Temps:          0       2       0       0       0       0
      Totals:         0      10       0       0       0       0
Total ram usage:       10 bytes
 Hardware stack levels used:    1
 Hardware stack levels required when called:    6
 This function calls:
		_error2
		_light2
		_num_digits_conv
 This function is called by:
		_main
 This function uses a non-reentrant model


 *************** function _num_digits_conv *****************
 Defined at:
		line 113 in file "main.c"
 Parameters:    Size  Location     Type
  data            1    wreg     unsigned char 
  digit           1   15[BANK0 ] PTR int 
		 -> loop@digit(4), 
  dot             1   16[BANK0 ] PTR int 
		 -> loop@dot(4), 
 Auto vars:     Size  Location     Type
  data            1   19[BANK0 ] unsigned char 
  num             2   20[BANK0 ] unsigned int 
 Return value:  Size  Location     Type
                  1    wreg      void 
 Registers used:
		wreg, fsr1l, fsr1h, status,2, status,0, pclath, cstack
 Tracked objects:
		On entry : 
		On exit  : 
		Unchanged: 
 Data sizes:     COMMON   BANK0   BANK1   BANK2   BANK3   BANK4
      Params:         0       2       0       0       0       0
      Locals:         0       3       0       0       0       0
      Temps:          0       2       0       0       0       0
      Totals:         0       7       0       0       0       0
Total ram usage:        7 bytes
 Hardware stack levels used:    1
 Hardware stack levels required when called:    3
 This function calls:
		___lwdiv
		___lwmod
		___wmul
 This function is called by:
		_loop
 This function uses a non-reentrant model


 *************** function ___wmul *****************
 Defined at:
		line 15 in file "C:\Program Files (x86)\Microchip\xc8\v1.38\sources\common\Umul16.c"
 Parameters:    Size  Location     Type
  multiplier      2    4[COMMON] unsigned int 
  multiplicand    2    6[COMMON] unsigned int 
 Auto vars:     Size  Location     Type
  product         2    0[BANK0 ] unsigned int 
 Return value:  Size  Location     Type
                  2    4[COMMON] unsigned int 
 Registers used:
		wreg, status,2, status,0
 Tracked objects:
		On entry : 
		On exit  : 
		Unchanged: 
 Data sizes:     COMMON   BANK0   BANK1   BANK2   BANK3   BANK4
      Params:         4       0       0       0       0       0
      Locals:         0       2       0       0       0       0
      Temps:          0       0       0       0       0       0
      Totals:         4       2       0       0       0       0
Total ram usage:        6 bytes
 Hardware stack levels used:    1
 Hardware stack levels required when called:    2
 This function calls:
		Nothing
 This function is called by:
		_num_digits_conv
 This function uses a non-reentrant model


 *************** function ___lwmod *****************
 Defined at:
		line 6 in file "C:\Program Files (x86)\Microchip\xc8\v1.38\sources\common\lwmod.c"
 Parameters:    Size  Location     Type
  divisor         2    9[BANK0 ] unsigned int 
  dividend        2   11[BANK0 ] unsigned int 
 Auto vars:     Size  Location     Type
  counter         1   14[BANK0 ] unsigned char 
 Return value:  Size  Location     Type
                  2    9[BANK0 ] unsigned int 
 Registers used:
		wreg, status,2, status,0
 Tracked objects:
		On entry : 
		On exit  : 
		Unchanged: 
 Data sizes:     COMMON   BANK0   BANK1   BANK2   BANK3   BANK4
      Params:         0       4       0       0       0       0
      Locals:         0       1       0       0       0       0
      Temps:          0       1       0       0       0       0
      Totals:         0       6       0       0       0       0
Total ram usage:        6 bytes
 Hardware stack levels used:    1
 Hardware stack levels required when called:    2
 This function calls:
		Nothing
 This function is called by:
		_num_digits_conv
 This function uses a non-reentrant model


 *************** function ___lwdiv *****************
 Defined at:
		line 6 in file "C:\Program Files (x86)\Microchip\xc8\v1.38\sources\common\lwdiv.c"
 Parameters:    Size  Location     Type
  divisor         2    2[BANK0 ] unsigned int 
  dividend        2    4[BANK0 ] unsigned int 
 Auto vars:     Size  Location     Type
  quotient        2    7[BANK0 ] unsigned int 
  counter         1    6[BANK0 ] unsigned char 
 Return value:  Size  Location     Type
                  2    2[BANK0 ] unsigned int 
 Registers used:
		wreg, status,2, status,0
 Tracked objects:
		On entry : 
		On exit  : 
		Unchanged: 
 Data sizes:     COMMON   BANK0   BANK1   BANK2   BANK3   BANK4
      Params:         0       4       0       0       0       0
      Locals:         0       3       0       0       0       0
      Temps:          1       0       0       0       0       0
      Totals:         1       7       0       0       0       0
Total ram usage:        8 bytes
 Hardware stack levels used:    1
 Hardware stack levels required when called:    2
 This function calls:
		Nothing
 This function is called by:
		_num_digits_conv
 This function uses a non-reentrant model


 *************** function _error2 *****************
 Defined at:
		line 58 in file "display.c"
 Parameters:    Size  Location     Type
		None
 Auto vars:     Size  Location     Type
  error_digit     4   16[BANK0 ] int [2]
  error_dot       4   12[BANK0 ] int [2]
 Return value:  Size  Location     Type
                  1    wreg      void 
 Registers used:
		wreg, fsr1l, fsr1h, status,2, status,0, pclath, cstack
 Tracked objects:
		On entry : 
		On exit  : 
		Unchanged: 
 Data sizes:     COMMON   BANK0   BANK1   BANK2   BANK3   BANK4
      Params:         0       0       0       0       0       0
      Locals:         0       8       0       0       0       0
      Temps:          1       0       0       0       0       0
      Totals:         1       8       0       0       0       0
Total ram usage:        9 bytes
 Hardware stack levels used:    1
 Hardware stack levels required when called:    5
 This function calls:
		_light2
 This function is called by:
		_loop
 This function uses a non-reentrant model


 *************** function _light2 *****************
 Defined at:
		line 22 in file "display.c"
 Parameters:    Size  Location     Type
  digit           1    wreg     PTR int 
		 -> error2@error_digit(4), loop@digit(4), 
  dot             1    3[BANK0 ] PTR int 
		 -> error2@error_dot(4), loop@dot(4), 
 Auto vars:     Size  Location     Type
  digit           1    9[BANK0 ] PTR int 
		 -> error2@error_digit(4), loop@digit(4), 
  i               2   10[BANK0 ] int 
  num             2    7[BANK0 ] int 
 Return value:  Size  Location     Type
                  1    wreg      void 
 Registers used:
		wreg, fsr1l, fsr1h, status,2, status,0, pclath, cstack
 Tracked objects:
		On entry : 
		On exit  : 
		Unchanged: 
 Data sizes:     COMMON   BANK0   BANK1   BANK2   BANK3   BANK4
      Params:         0       1       0       0       0       0
      Locals:         0       5       0       0       0       0
      Temps:          0       3       0       0       0       0
      Totals:         0       9       0       0       0       0
Total ram usage:        9 bytes
 Hardware stack levels used:    1
 Hardware stack levels required when called:    4
 This function calls:
		_close2
		_open2
		_set_num
		_wait
 This function is called by:
		_loop
		_error2
 This function uses a non-reentrant model


 *************** function _wait *****************
 Defined at:
		line 114 in file "display.c"
 Parameters:    Size  Location     Type
  wait_time       2    4[COMMON] unsigned int 
 Auto vars:     Size  Location     Type
  i               2    0[BANK0 ] int 
 Return value:  Size  Location     Type
                  1    wreg      void 
 Registers used:
		wreg, status,2
 Tracked objects:
		On entry : 
		On exit  : 
		Unchanged: 
 Data sizes:     COMMON   BANK0   BANK1   BANK2   BANK3   BANK4
      Params:         2       0       0       0       0       0
      Locals:         0       2       0       0       0       0
      Temps:          2       0       0       0       0       0
      Totals:         4       2       0       0       0       0
Total ram usage:        6 bytes
 Hardware stack levels used:    1
 Hardware stack levels required when called:    2
 This function calls:
		Nothing
 This function is called by:
		_light2
 This function uses a non-reentrant model


 *************** function _set_num *****************
 Defined at:
		line 68 in file "display.c"
 Parameters:    Size  Location     Type
  num             2    6[COMMON] int 
 Auto vars:     Size  Location     Type
		None
 Return value:  Size  Location     Type
                  1    wreg      void 
 Registers used:
		wreg, status,2, status,0, pclath, cstack
 Tracked objects:
		On entry : 
		On exit  : 
		Unchanged: 
 Data sizes:     COMMON   BANK0   BANK1   BANK2   BANK3   BANK4
      Params:         2       0       0       0       0       0
      Locals:         0       0       0       0       0       0
      Temps:          0       3       0       0       0       0
      Totals:         2       3       0       0       0       0
Total ram usage:        5 bytes
 Hardware stack levels used:    1
 Hardware stack levels required when called:    3
 This function calls:
		_set_a
		_set_b
		_set_c
		_set_d
		_set_e
		_set_f
		_set_g
		_set_p
 This function is called by:
		_light2
 This function uses a non-reentrant model


 *************** function _set_p *****************
 Defined at:
		line 90 in file "display.c"
 Parameters:    Size  Location     Type
  on_off          2    4[COMMON] int 
 Auto vars:     Size  Location     Type
		None
 Return value:  Size  Location     Type
                  1    wreg      void 
 Registers used:
		None
 Tracked objects:
		On entry : 
		On exit  : 
		Unchanged: 
 Data sizes:     COMMON   BANK0   BANK1   BANK2   BANK3   BANK4
      Params:         2       0       0       0       0       0
      Locals:         0       0       0       0       0       0
      Temps:          0       0       0       0       0       0
      Totals:         2       0       0       0       0       0
Total ram usage:        2 bytes
 Hardware stack levels used:    1
 Hardware stack levels required when called:    2
 This function calls:
		Nothing
 This function is called by:
		_set_num
 This function uses a non-reentrant model


 *************** function _set_g *****************
 Defined at:
		line 89 in file "display.c"
 Parameters:    Size  Location     Type
  on_off          2    4[COMMON] int 
 Auto vars:     Size  Location     Type
		None
 Return value:  Size  Location     Type
                  1    wreg      void 
 Registers used:
		None
 Tracked objects:
		On entry : 
		On exit  : 
		Unchanged: 
 Data sizes:     COMMON   BANK0   BANK1   BANK2   BANK3   BANK4
      Params:         2       0       0       0       0       0
      Locals:         0       0       0       0       0       0
      Temps:          0       0       0       0       0       0
      Totals:         2       0       0       0       0       0
Total ram usage:        2 bytes
 Hardware stack levels used:    1
 Hardware stack levels required when called:    2
 This function calls:
		Nothing
 This function is called by:
		_set_num
 This function uses a non-reentrant model


 *************** function _set_f *****************
 Defined at:
		line 88 in file "display.c"
 Parameters:    Size  Location     Type
  on_off          2    4[COMMON] int 
 Auto vars:     Size  Location     Type
		None
 Return value:  Size  Location     Type
                  1    wreg      void 
 Registers used:
		None
 Tracked objects:
		On entry : 
		On exit  : 
		Unchanged: 
 Data sizes:     COMMON   BANK0   BANK1   BANK2   BANK3   BANK4
      Params:         2       0       0       0       0       0
      Locals:         0       0       0       0       0       0
      Temps:          0       0       0       0       0       0
      Totals:         2       0       0       0       0       0
Total ram usage:        2 bytes
 Hardware stack levels used:    1
 Hardware stack levels required when called:    2
 This function calls:
		Nothing
 This function is called by:
		_set_num
 This function uses a non-reentrant model


 *************** function _set_e *****************
 Defined at:
		line 87 in file "display.c"
 Parameters:    Size  Location     Type
  on_off          2    4[COMMON] int 
 Auto vars:     Size  Location     Type
		None
 Return value:  Size  Location     Type
                  1    wreg      void 
 Registers used:
		None
 Tracked objects:
		On entry : 
		On exit  : 
		Unchanged: 
 Data sizes:     COMMON   BANK0   BANK1   BANK2   BANK3   BANK4
      Params:         2       0       0       0       0       0
      Locals:         0       0       0       0       0       0
      Temps:          0       0       0       0       0       0
      Totals:         2       0       0       0       0       0
Total ram usage:        2 bytes
 Hardware stack levels used:    1
 Hardware stack levels required when called:    2
 This function calls:
		Nothing
 This function is called by:
		_set_num
 This function uses a non-reentrant model


 *************** function _set_d *****************
 Defined at:
		line 86 in file "display.c"
 Parameters:    Size  Location     Type
  on_off          2    4[COMMON] int 
 Auto vars:     Size  Location     Type
		None
 Return value:  Size  Location     Type
                  1    wreg      void 
 Registers used:
		None
 Tracked objects:
		On entry : 
		On exit  : 
		Unchanged: 
 Data sizes:     COMMON   BANK0   BANK1   BANK2   BANK3   BANK4
      Params:         2       0       0       0       0       0
      Locals:         0       0       0       0       0       0
      Temps:          0       0       0       0       0       0
      Totals:         2       0       0       0       0       0
Total ram usage:        2 bytes
 Hardware stack levels used:    1
 Hardware stack levels required when called:    2
 This function calls:
		Nothing
 This function is called by:
		_set_num
 This function uses a non-reentrant model


 *************** function _set_c *****************
 Defined at:
		line 85 in file "display.c"
 Parameters:    Size  Location     Type
  on_off          2    4[COMMON] int 
 Auto vars:     Size  Location     Type
		None
 Return value:  Size  Location     Type
                  1    wreg      void 
 Registers used:
		None
 Tracked objects:
		On entry : 
		On exit  : 
		Unchanged: 
 Data sizes:     COMMON   BANK0   BANK1   BANK2   BANK3   BANK4
      Params:         2       0       0       0       0       0
      Locals:         0       0       0       0       0       0
      Temps:          0       0       0       0       0       0
      Totals:         2       0       0       0       0       0
Total ram usage:        2 bytes
 Hardware stack levels used:    1
 Hardware stack levels required when called:    2
 This function calls:
		Nothing
 This function is called by:
		_set_num
 This function uses a non-reentrant model


 *************** function _set_b *****************
 Defined at:
		line 84 in file "display.c"
 Parameters:    Size  Location     Type
  on_off          2    4[COMMON] int 
 Auto vars:     Size  Location     Type
		None
 Return value:  Size  Location     Type
                  1    wreg      void 
 Registers used:
		None
 Tracked objects:
		On entry : 
		On exit  : 
		Unchanged: 
 Data sizes:     COMMON   BANK0   BANK1   BANK2   BANK3   BANK4
      Params:         2       0       0       0       0       0
      Locals:         0       0       0       0       0       0
      Temps:          0       0       0       0       0       0
      Totals:         2       0       0       0       0       0
Total ram usage:        2 bytes
 Hardware stack levels used:    1
 Hardware stack levels required when called:    2
 This function calls:
		Nothing
 This function is called by:
		_set_num
 This function uses a non-reentrant model


 *************** function _set_a *****************
 Defined at:
		line 83 in file "display.c"
 Parameters:    Size  Location     Type
  on_off          2    4[COMMON] int 
 Auto vars:     Size  Location     Type
		None
 Return value:  Size  Location     Type
                  1    wreg      void 
 Registers used:
		None
 Tracked objects:
		On entry : 
		On exit  : 
		Unchanged: 
 Data sizes:     COMMON   BANK0   BANK1   BANK2   BANK3   BANK4
      Params:         2       0       0       0       0       0
      Locals:         0       0       0       0       0       0
      Temps:          0       0       0       0       0       0
      Totals:         2       0       0       0       0       0
Total ram usage:        2 bytes
 Hardware stack levels used:    1
 Hardware stack levels required when called:    2
 This function calls:
		Nothing
 This function is called by:
		_set_num
 This function uses a non-reentrant model


 *************** function _open2 *****************
 Defined at:
		line 96 in file "display.c"
 Parameters:    Size  Location     Type
  digit_select    2    4[COMMON] int 
 Auto vars:     Size  Location     Type
		None
 Return value:  Size  Location     Type
                  1    wreg      void 
 Registers used:
		wreg, status,2, status,0, pclath, cstack
 Tracked objects:
		On entry : 
		On exit  : 
		Unchanged: 
 Data sizes:     COMMON   BANK0   BANK1   BANK2   BANK3   BANK4
      Params:         2       0       0       0       0       0
      Locals:         0       0       0       0       0       0
      Temps:          0       0       0       0       0       0
      Totals:         2       0       0       0       0       0
Total ram usage:        2 bytes
 Hardware stack levels used:    1
 Hardware stack levels required when called:    3
 This function calls:
		_close2
 This function is called by:
		_light2
 This function uses a non-reentrant model


 *************** function _close2 *****************
 Defined at:
		line 105 in file "display.c"
 Parameters:    Size  Location     Type
		None
 Auto vars:     Size  Location     Type
		None
 Return value:  Size  Location     Type
                  1    wreg      void 
 Registers used:
		None
 Tracked objects:
		On entry : 
		On exit  : 
		Unchanged: 
 Data sizes:     COMMON   BANK0   BANK1   BANK2   BANK3   BANK4
      Params:         0       0       0       0       0       0
      Locals:         0       0       0       0       0       0
      Temps:          0       0       0       0       0       0
      Totals:         0       0       0       0       0       0
Total ram usage:        0 bytes
 Hardware stack levels used:    1
 Hardware stack levels required when called:    2
 This function calls:
		Nothing
 This function is called by:
		_light2
		_open2
 This function uses a non-reentrant model


 *************** function _init_Timer4 *****************
 Defined at:
		line 82 in file "main.c"
 Parameters:    Size  Location     Type
		None
 Auto vars:     Size  Location     Type
		None
 Return value:  Size  Location     Type
                  1    wreg      void 
 Registers used:
		wreg, status,2
 Tracked objects:
		On entry : 
		On exit  : 
		Unchanged: 
 Data sizes:     COMMON   BANK0   BANK1   BANK2   BANK3   BANK4
      Params:         0       0       0       0       0       0
      Locals:         0       0       0       0       0       0
      Temps:          0       0       0       0       0       0
      Totals:         0       0       0       0       0       0
Total ram usage:        0 bytes
 Hardware stack levels used:    1
 Hardware stack levels required when called:    2
 This function calls:
		Nothing
 This function is called by:
		_main
 This function uses a non-reentrant model


 *************** function _init_I2C_slave *****************
 Defined at:
		line 90 in file "main.c"
 Parameters:    Size  Location     Type
  addr            1    wreg     unsigned char 
 Auto vars:     Size  Location     Type
  addr            1    4[COMMON] unsigned char 
 Return value:  Size  Location     Type
                  1    wreg      void 
 Registers used:
		wreg, status,2, status,0
 Tracked objects:
		On entry : 
		On exit  : 
		Unchanged: 
 Data sizes:     COMMON   BANK0   BANK1   BANK2   BANK3   BANK4
      Params:         0       0       0       0       0       0
      Locals:         1       0       0       0       0       0
      Temps:          0       0       0       0       0       0
      Totals:         1       0       0       0       0       0
Total ram usage:        1 bytes
 Hardware stack levels used:    1
 Hardware stack levels required when called:    2
 This function calls:
		Nothing
 This function is called by:
		_main
 This function uses a non-reentrant model


 *************** function _init *****************
 Defined at:
		line 70 in file "main.c"
 Parameters:    Size  Location     Type
		None
 Auto vars:     Size  Location     Type
		None
 Return value:  Size  Location     Type
                  1    wreg      void 
 Registers used:
		wreg, status,2
 Tracked objects:
		On entry : 
		On exit  : 
		Unchanged: 
 Data sizes:     COMMON   BANK0   BANK1   BANK2   BANK3   BANK4
      Params:         0       0       0       0       0       0
      Locals:         0       0       0       0       0       0
      Temps:          0       0       0       0       0       0
      Totals:         0       0       0       0       0       0
Total ram usage:        0 bytes
 Hardware stack levels used:    1
 Hardware stack levels required when called:    2
 This function calls:
		Nothing
 This function is called by:
		_main
 This function uses a non-reentrant model


 *************** function _interruption *****************
 Defined at:
		line 44 in file "main.c"
 Parameters:    Size  Location     Type
		None
 Auto vars:     Size  Location     Type
		None
 Return value:  Size  Location     Type
                  1    wreg      void 
 Registers used:
		wreg, status,2, status,0, pclath, cstack
 Tracked objects:
		On entry : 
		On exit  : 
		Unchanged: 
 Data sizes:     COMMON   BANK0   BANK1   BANK2   BANK3   BANK4
      Params:         0       0       0       0       0       0
      Locals:         0       0       0       0       0       0
      Temps:          2       0       0       0       0       0
      Totals:         2       0       0       0       0       0
Total ram usage:        2 bytes
 Hardware stack levels used:    1
 Hardware stack levels required when called:    1
 This function calls:
		_interrupt_I2C
 This function is called by:
		Interrupt level 1
 This function uses a non-reentrant model


 *************** function _interrupt_I2C *****************
 Defined at:
		line 30 in file "main.c"
 Parameters:    Size  Location     Type
		None
 Auto vars:     Size  Location     Type
  x               1    1[COMMON] unsigned char 
 Return value:  Size  Location     Type
                  1    wreg      void 
 Registers used:
		wreg
 Tracked objects:
		On entry : 
		On exit  : 
		Unchanged: 
 Data sizes:     COMMON   BANK0   BANK1   BANK2   BANK3   BANK4
      Params:         0       0       0       0       0       0
      Locals:         1       0       0       0       0       0
      Temps:          1       0       0       0       0       0
      Totals:         2       0       0       0       0       0
Total ram usage:        2 bytes
 Hardware stack levels used:    1
 This function calls:
		Nothing
 This function is called by:
		_interruption
 This function uses a non-reentrant model



MODULE INFORMATION

Module		Function		Class		Link	Load	Size
C:\Program Files (x86)\Microchip\xc8\v1.38\sources\common\lwmod.c
		___lwmod       		CODE           	0283	0000	46

C:\Program Files (x86)\Microchip\xc8\v1.38\sources\common\lwmod.c estimated size: 46

C:\Program Files (x86)\Microchip\xc8\v1.38\sources\common\Umul16.c
		___wmul        		CODE           	02B0	0000	31

C:\Program Files (x86)\Microchip\xc8\v1.38\sources\common\Umul16.c estimated size: 31

C:\Program Files (x86)\Microchip\xc8\v1.38\sources\common\lwdiv.c
		___lwdiv       		CODE           	024E	0000	54

C:\Program Files (x86)\Microchip\xc8\v1.38\sources\common\lwdiv.c estimated size: 54

shared
		__initialization		CODE           	0028	0000	14

shared estimated size: 14

display.c
		_set_e         		CODE           	0397	0000	9
		_light2        		CODE           	0039	0000	245
		_open2         		CODE           	031E	0000	17
		_set_f         		CODE           	038F	0000	9
		_set_a         		CODE           	03B7	0000	9
		_set_g         		CODE           	0387	0000	9
		_set_b         		CODE           	03AF	0000	9
		_set_c         		CODE           	03A7	0000	9
		_close2        		CODE           	03C5	0000	5
		_set_num       		CODE           	012D	0000	154
		_set_d         		CODE           	039F	0000	9
		_error2        		CODE           	0305	0000	26
		_set_p         		CODE           	037F	0000	9
		_wait          		CODE           	02EB	0000	27

display.c estimated size: 546

main.c
		_loop          		CODE           	02CE	0000	30
		_init          		CODE           	033E	0000	17
		_init_I2C_slave		CODE           	032E	0000	17
		_main          		CODE           	035E	0000	15
		_num_digits_conv		CODE           	01C6	0000	137
		_init_Timer4   		CODE           	036C	0000	12
		_interruption  		CODE           	0004	0000	35
		_interrupt_I2C 		CODE           	034E	0000	17

main.c estimated size: 280

