Microchip MPLAB XC8 Compiler V1.32 ()

Linker command line:

--edf=C:\isaka\application\compiler\xc\xc8\dat\en_msgs.txt -cs \
  -h+dist/default/production\PIC_Controller.X.production.sym \
  --cmf=dist/default/production\PIC_Controller.X.production.cmf -z \
  -Q16F1827 -oC:\Users\shuh7\AppData\Local\Temp\stg.6 \
  -Mdist/default/production/PIC_Controller.X.production.map -E1 -ver=XC8 \
  -ASTACK=0205Ah-0216fh -pstack=STACK -ACONST=00h-0FFhx16 \
  -ACODE=00h-07FFhx2 -ASTRCODE=00h-0FFFh -AENTRY=00h-0FFhx16 \
  -ASTRING=00h-0FFhx16 -ACOMMON=070h-07Fh -ABANK0=020h-06Fh \
  -ABANK1=0A0h-0EFh -ABANK2=0120h-016Fh -ABANK3=01A0h-01EFh \
  -ABANK4=0220h-024Fh -ABIGRAM=02000h-0216Fh \
  -ARAM=020h-06Fh,0A0h-0EFh,0120h-016Fh,01A0h-01EFh,0220h-024Fh \
  -AABS1=020h-07Fh,0A0h-0EFh,0120h-016Fh,01A0h-01EFh,0220h-024Fh \
  -ASFR0=00h-01Fh -ASFR1=080h-09Fh -ASFR2=0100h-011Fh -ASFR3=0180h-019Fh \
  -ASFR4=0200h-021Fh -ASFR5=0280h-02EFh -ASFR6=0300h-036Fh \
  -ASFR7=0380h-03EFh -ASFR8=0400h-046Fh -ASFR9=0480h-04EFh \
  -ASFR10=0500h-056Fh -ASFR11=0580h-05EFh -ASFR12=0600h-066Fh \
  -ASFR13=0680h-06EFh -ASFR14=0700h-076Fh -ASFR15=0780h-07EFh \
  -ASFR16=0800h-086Fh -ASFR17=0880h-08EFh -ASFR18=0900h-096Fh \
  -ASFR19=0980h-09EFh -ASFR20=0A00h-0A6Fh -ASFR21=0A80h-0AEFh \
  -ASFR22=0B00h-0B6Fh -ASFR23=0B80h-0BEFh -ASFR24=0C00h-0C6Fh \
  -ASFR25=0C80h-0CEFh -ASFR26=0D00h-0D6Fh -ASFR27=0D80h-0DEFh \
  -ASFR28=0E00h-0E6Fh -ASFR29=0E80h-0EEFh -ASFR30=0F00h-0F6Fh \
  -ASFR31=0F80h-0FEFh -preset_vec=00h,intentry=04h,init,end_init \
  -ppowerup=CODE -pcinit=CODE -pfunctab=CODE -ACONFIG=08007h-08008h \
  -pconfig=CONFIG -DCONFIG=2 -AIDLOC=08000h-08003h -pidloc=IDLOC -DIDLOC=2 \
  -AEEDATA=00h-0FFh/0F000h -peeprom_data=EEDATA -DEEDATA=2 -DCODE=2 \
  -DSTRCODE=2 -DSTRING=2 -DCONST=2 -DENTRY=2 -k \
  C:\Users\shuh7\AppData\Local\Temp\stg.obj \
  dist/default/production\PIC_Controller.X.production.obj 

Object code version is 3.11

Machine type is 16F1827



                Name                               Link     Load   Length Selector   Space Scale
C:\Users\shuh7\AppData\Local\Temp\stg.obj
                end_init                             13       13        2        8       0
                reset_vec                             0        0        2        0       0
                config                             8007     8007        2    1000E       0
dist/default/production\PIC_Controller.X.production.obj
                cinit                                15       15        D        8       0
                intentry                              4        4        F        8       0
                text26                              473      473       21        8       0
                text25                              518      518        A        8       0
                text24                              340      340       3F        8       0
                text23                              52A      52A        8        8       0
                text22                              37F      37F       3C        8       0
                text21                              23A      23A       60        8       0
                text20                              494      494       20        8       0
                text19                               22       22       B4        8       0
                text18                               D6       D6       87        8       0
                text17                              1D7      1D7       63        8       0
                text16                              3BB      3BB       31        8       0
                text15                              15D      15D       7A        8       0
                text14                              3EC      3EC       2F        8       0
                text13                              29A      29A       59        8       0
                text12                              448      448       2B        8       0
                text11                              4DE      4DE       11        8       0
                text10                              4B4      4B4       17        8       0
                text9                               522      522        8        8       0
                text8                               2F3      2F3       4D        8       0
                text6                               50D      50D        B        8       0
                text5                               4EF      4EF       10        8       0
                text4                               4CB      4CB       13        8       0
                text3                               4FF      4FF        E        8       0
                text2                               41B      41B       2D        8       0
                text1                               539      539        1        8       0
                maintext                            532      532        7        8       0
                cstackBANK0                          20       20       3E       20       1
                cstackCOMMON                         70       70        E       70       1
                cstackBANK1                          A0       A0        A       A0       1
                bssBANK0                             5E       5E        9       20       1

TOTAL           Name                               Link     Load   Length     Space
        CLASS   STACK          

        CLASS   CONST          

        CLASS   CODE           
                end_init                             13       13        2         0
                cinit                                15       15        D         0
                intentry                              4        4        F         0
                reset_vec                             0        0        2         0
                text26                              473      473       21         0
                text25                              518      518        A         0
                text24                              340      340       3F         0
                text23                              52A      52A        8         0
                text22                              37F      37F       3C         0
                text21                              23A      23A       60         0
                text20                              494      494       20         0
                text19                               22       22       B4         0
                text18                               D6       D6       87         0
                text17                              1D7      1D7       63         0
                text16                              3BB      3BB       31         0
                text15                              15D      15D       7A         0
                text14                              3EC      3EC       2F         0
                text13                              29A      29A       59         0
                text12                              448      448       2B         0
                text11                              4DE      4DE       11         0
                text10                              4B4      4B4       17         0
                text9                               522      522        8         0
                text8                               2F3      2F3       4D         0
                text6                               50D      50D        B         0
                text5                               4EF      4EF       10         0
                text4                               4CB      4CB       13         0
                text3                               4FF      4FF        E         0
                text2                               41B      41B       2D         0
                text1                               539      539        1         0
                maintext                            532      532        7         0

        CLASS   STRCODE        

        CLASS   ENTRY          

        CLASS   STRING         

        CLASS   COMMON         
                cstackCOMMON                         70       70        E         1

        CLASS   BANK0          
                cstackBANK0                          20       20       3E         1
                bssBANK0                             5E       5E        9         1

        CLASS   BANK1          
                cstackBANK1                          A0       A0        A         1

        CLASS   BANK2          

        CLASS   BANK3          

        CLASS   BANK4          

        CLASS   BIGRAM         

        CLASS   RAM            

        CLASS   ABS1           
                abs_s1                               7E       7E        2         1

        CLASS   SFR0           

        CLASS   SFR1           

        CLASS   SFR2           

        CLASS   SFR3           

        CLASS   SFR4           

        CLASS   SFR5           

        CLASS   SFR6           

        CLASS   SFR7           

        CLASS   SFR8           

        CLASS   SFR9           

        CLASS   SFR10          

        CLASS   SFR11          

        CLASS   SFR12          

        CLASS   SFR13          

        CLASS   SFR14          

        CLASS   SFR15          

        CLASS   SFR16          

        CLASS   SFR17          

        CLASS   SFR18          

        CLASS   SFR19          

        CLASS   SFR20          

        CLASS   SFR21          

        CLASS   SFR22          

        CLASS   SFR23          

        CLASS   SFR24          

        CLASS   SFR25          

        CLASS   SFR26          

        CLASS   SFR27          

        CLASS   SFR28          

        CLASS   SFR29          

        CLASS   SFR30          

        CLASS   SFR31          

        CLASS   CONFIG         
                config                             8007     8007        2         0

        CLASS   IDLOC          

        CLASS   EEDATA         

        CLASS   BANK31         

        CLASS   BANK30         

        CLASS   BANK29         

        CLASS   BANK28         

        CLASS   BANK27         

        CLASS   BANK26         

        CLASS   BANK25         

        CLASS   BANK24         

        CLASS   BANK23         

        CLASS   BANK22         

        CLASS   BANK21         

        CLASS   BANK20         

        CLASS   BANK19         

        CLASS   BANK18         

        CLASS   BANK17         

        CLASS   BANK16         

        CLASS   BANK15         

        CLASS   BANK14         

        CLASS   BANK13         

        CLASS   BANK12         

        CLASS   BANK11         

        CLASS   BANK10         

        CLASS   BANK9          

        CLASS   BANK8          

        CLASS   BANK7          

        CLASS   BANK6          

        CLASS   BANK5          



SEGMENTS        Name                           Load    Length   Top    Selector   Space  Class     Delta

                reset_vec                      000000  000002  000002         0       0  CODE        2
                intentry                       000004  000536  00053A         8       0  CODE        2
                cstackBANK0                    000020  000047  000067        20       1  BANK0       1
                cstackCOMMON                   000070  00000E  00007E        70       1  COMMON      1
                cstackBANK1                    0000A0  00000A  0000AA        A0       1  BANK1       1
                config                         008007  000002  008009     1000E       0  CONFIG      2


UNUSED ADDRESS RANGES

        Name                Unused          Largest block    Delta
        BANK0            00067-0006F               9           1
        BANK1            000AA-000EF              46           1
        BANK2            00120-0016F              50           1
        BANK3            001A0-001EF              50           1
        BANK4            00220-0024F              30           1
        BIGRAM           02000-0216F             170           1
        CODE             00002-00003               2           2
                         0053A-00FFF             2C6
        CONST            00002-00003               2           2
                         0053A-00FFF             100
        EEDATA           0F000-0F0FF             100           2
        ENTRY            00002-00003               2           2
                         0053A-00FFF             100
        IDLOC            08000-08003               4           2
        RAM              00067-0006F               9           1
                         000AA-000EF              46
                         00120-0016F              50
                         001A0-001EF              50
                         00220-0024F              30
        SFR0             00000-0001F              20           1
        SFR1             00080-0009F              20           1
        SFR10            00500-0056F              70           1
        SFR11            00580-005EF              70           1
        SFR12            00600-0066F              70           1
        SFR13            00680-006EF              70           1
        SFR14            00700-0076F              70           1
        SFR15            00780-007EF              70           1
        SFR16            00800-0086F              70           1
        SFR17            00880-008EF              70           1
        SFR18            00900-0096F              70           1
        SFR19            00980-009EF              70           1
        SFR2             00100-0011F              20           1
        SFR20            00A00-00A6F              70           1
        SFR21            00A80-00AEF              70           1
        SFR22            00B00-00B6F              70           1
        SFR23            00B80-00BEF              70           1
        SFR24            00C00-00C6F              70           1
        SFR25            00C80-00CEF              70           1
        SFR26            00D00-00D6F              70           1
        SFR27            00D80-00DEF              70           1
        SFR28            00E00-00E6F              70           1
        SFR29            00E80-00EEF              70           1
        SFR3             00180-0019F              20           1
        SFR30            00F00-00F6F              70           1
        SFR31            00F80-00FEF              70           1
        SFR4             00200-0021F              20           1
        SFR5             00280-002EF              70           1
        SFR6             00300-0036F              70           1
        SFR7             00380-003EF              70           1
        SFR8             00400-0046F              70           1
        SFR9             00480-004EF              70           1
        STACK            0205A-0216F             116           1
        STRCODE          00002-00003               2           2
                         0053A-00FFF             AC6
        STRING           00002-00003               2           2
                         0053A-00FFF             100

                                  Symbol Table

?_I2C_ack_check                   cstackCOMMON 00070
?_I_calc                          cstackBANK0  0003E
?_P_calc                          cstackBANK0  0003E
?___awtoft                        cstackCOMMON 00078
?___ftmul                         cstackBANK0  00020
?___ftpack                        cstackCOMMON 00070
?___fttol                         cstackBANK0  00030
?___lmul                          cstackCOMMON 00070
?_adconv                          cstackCOMMON 00070
?_current_conversion              cstackCOMMON 0007C
?_get_current_limit               cstackCOMMON 00070
D_calc@previous                   bssBANK0     0005E
I2C_ack_check@i                   cstackCOMMON 00072
I2C_send_data@addr                cstackCOMMON 00078
I2C_send_data@data                cstackCOMMON 00074
I2C_send_data@i                   cstackCOMMON 00079
I2C_send_data@length              cstackCOMMON 00075
I2C_slave_interrupt@data_ptr      bssBANK0     00066
I_calc@res                        cstackBANK0  0003E
I_calc@sum                        bssBANK0     00060
I_calc@temp                       cstackBANK0  00041
P_calc@res                        cstackBANK0  0003E
P_calc@temp                       cstackBANK0  00040
_ADCON0                           (abs)        0009D
_ADCON1                           (abs)        0009E
_ADRESH                           (abs)        0009C
_ADRESL                           (abs)        0009B
_ANSELA                           (abs)        0018C
_ANSELB                           (abs)        0018D
_BCL1IE                           (abs)        00493
_BCL1IF                           (abs)        00093
_CCP3CON                          (abs)        00313
_CCP3CONbits                      (abs)        00313
_CCPR3H                           (abs)        00312
_CCPR3L                           (abs)        00311
_CCPTMRS                          (abs)        0029E
_GIE                              (abs)        0005F
_GO_nDONE                         (abs)        004E9
_I2C_ack_check                    text26       00473
_I2C_idle_check                   text25       00518
_I2C_send_data                    text24       00340
_I_calc                           text17       001D7
_I_calc$143                       cstackBANK0  00043
_I_calc$144                       cstackBANK0  00045
_OSCCON                           (abs)        00099
_PEIE                             (abs)        0005E
_PORTA                            (abs)        0000C
_PORTB                            (abs)        0000D
_PR2                              (abs)        0001B
_PR4                              (abs)        00416
_P_calc                           text16       003BB
_RB3                              (abs)        0006B
_SSP1ADD                          (abs)        00212
_SSP1BUF                          (abs)        00211
_SSP1CON1                         (abs)        00215
_SSP1CON2                         (abs)        00216
_SSP1CON2bits                     (abs)        00216
_SSP1IE                           (abs)        0048B
_SSP1IF                           (abs)        0008B
_SSP1STAT                         (abs)        00214
_SSP1STATbits                     (abs)        00214
_T2CON                            (abs)        0001C
_T4CON                            (abs)        00417
_TMR2                             (abs)        0001A
_TMR2IE                           (abs)        00489
_TMR2IF                           (abs)        00089
_TMR2ON                           (abs)        000E2
_TMR4                             (abs)        00415
_TMR4IE                           (abs)        00499
_TMR4IF                           (abs)        00099
_TMR4ON                           (abs)        020BA
_TRISA                            (abs)        0008C
_TRISB                            (abs)        0008D
__CFG_BOREN$ON                    (abs)        00000
__CFG_BORV$HI                     (abs)        00000
__CFG_CLKOUTEN$OFF                (abs)        00000
__CFG_CP$OFF                      (abs)        00000
__CFG_CPD$OFF                     (abs)        00000
__CFG_FCMEN$OFF                   (abs)        00000
__CFG_FOSC$INTOSC                 (abs)        00000
__CFG_IESO$OFF                    (abs)        00000
__CFG_LVP$OFF                     (abs)        00000
__CFG_MCLRE$OFF                   (abs)        00000
__CFG_PLLEN$OFF                   (abs)        00000
__CFG_PWRTE$ON                    (abs)        00000
__CFG_STVREN$ON                   (abs)        00000
__CFG_WDTE$OFF                    (abs)        00000
__CFG_WRT$OFF                     (abs)        00000
__Habs1                           abs1         00000
__Hbank0                          bank0        00000
__Hbank1                          bank1        00000
__Hbank10                         bank10       00000
__Hbank11                         bank11       00000
__Hbank12                         bank12       00000
__Hbank13                         bank13       00000
__Hbank14                         bank14       00000
__Hbank15                         bank15       00000
__Hbank16                         bank16       00000
__Hbank17                         bank17       00000
__Hbank18                         bank18       00000
__Hbank19                         bank19       00000
__Hbank2                          bank2        00000
__Hbank20                         bank20       00000
__Hbank21                         bank21       00000
__Hbank22                         bank22       00000
__Hbank23                         bank23       00000
__Hbank24                         bank24       00000
__Hbank25                         bank25       00000
__Hbank26                         bank26       00000
__Hbank27                         bank27       00000
__Hbank28                         bank28       00000
__Hbank29                         bank29       00000
__Hbank3                          bank3        00000
__Hbank30                         bank30       00000
__Hbank31                         bank31       00000
__Hbank4                          bank4        00000
__Hbank5                          bank5        00000
__Hbank6                          bank6        00000
__Hbank7                          bank7        00000
__Hbank8                          bank8        00000
__Hbank9                          bank9        00000
__Hbigram                         bigram       00000
__HbssBANK0                       bssBANK0     00000
__Hcinit                          cinit        00022
__Hclrtext                        clrtext      00000
__Hcode                           code         00000
__Hcommon                         common       00000
__Hconfig                         config       08009
__HcstackBANK0                    cstackBANK0  00000
__HcstackBANK1                    cstackBANK1  00000
__HcstackCOMMON                   cstackCOMMON 00000
__Heeprom_data                    eeprom_data  00000
__Hend_init                       end_init     00015
__Hfunctab                        functab      00000
__Hidloc                          idloc        00000
__Hinit                           init         00013
__Hintentry                       intentry     00013
__Hmaintext                       maintext     00000
__Hpowerup                        powerup      00000
__Hram                            ram          00000
__Hreset_vec                      reset_vec    00002
__Hsfr0                           sfr0         00000
__Hsfr1                           sfr1         00000
__Hsfr10                          sfr10        00000
__Hsfr11                          sfr11        00000
__Hsfr12                          sfr12        00000
__Hsfr13                          sfr13        00000
__Hsfr14                          sfr14        00000
__Hsfr15                          sfr15        00000
__Hsfr16                          sfr16        00000
__Hsfr17                          sfr17        00000
__Hsfr18                          sfr18        00000
__Hsfr19                          sfr19        00000
__Hsfr2                           sfr2         00000
__Hsfr20                          sfr20        00000
__Hsfr21                          sfr21        00000
__Hsfr22                          sfr22        00000
__Hsfr23                          sfr23        00000
__Hsfr24                          sfr24        00000
__Hsfr25                          sfr25        00000
__Hsfr26                          sfr26        00000
__Hsfr27                          sfr27        00000
__Hsfr28                          sfr28        00000
__Hsfr29                          sfr29        00000
__Hsfr3                           sfr3         00000
__Hsfr30                          sfr30        00000
__Hsfr31                          sfr31        00000
__Hsfr4                           sfr4         00000
__Hsfr5                           sfr5         00000
__Hsfr6                           sfr6         00000
__Hsfr7                           sfr7         00000
__Hsfr8                           sfr8         00000
__Hsfr9                           sfr9         00000
__Hspace_0                        (abs)        08009
__Hspace_1                        (abs)        000AA
__Hspace_2                        (abs)        00000
__Hspace_3                        (abs)        00000
__Hstack                          stack        00000
__Hstrings                        strings      00000
__Htext                           text         00000
__Labs1                           abs1         00000
__Lbank0                          bank0        00000
__Lbank1                          bank1        00000
__Lbank10                         bank10       00000
__Lbank11                         bank11       00000
__Lbank12                         bank12       00000
__Lbank13                         bank13       00000
__Lbank14                         bank14       00000
__Lbank15                         bank15       00000
__Lbank16                         bank16       00000
__Lbank17                         bank17       00000
__Lbank18                         bank18       00000
__Lbank19                         bank19       00000
__Lbank2                          bank2        00000
__Lbank20                         bank20       00000
__Lbank21                         bank21       00000
__Lbank22                         bank22       00000
__Lbank23                         bank23       00000
__Lbank24                         bank24       00000
__Lbank25                         bank25       00000
__Lbank26                         bank26       00000
__Lbank27                         bank27       00000
__Lbank28                         bank28       00000
__Lbank29                         bank29       00000
__Lbank3                          bank3        00000
__Lbank30                         bank30       00000
__Lbank31                         bank31       00000
__Lbank4                          bank4        00000
__Lbank5                          bank5        00000
__Lbank6                          bank6        00000
__Lbank7                          bank7        00000
__Lbank8                          bank8        00000
__Lbank9                          bank9        00000
__Lbigram                         bigram       00000
__LbssBANK0                       bssBANK0     00000
__Lcinit                          cinit        00015
__Lclrtext                        clrtext      00000
__Lcode                           code         00000
__Lcommon                         common       00000
__Lconfig                         config       08007
__LcstackBANK0                    cstackBANK0  00000
__LcstackBANK1                    cstackBANK1  00000
__LcstackCOMMON                   cstackCOMMON 00000
__Leeprom_data                    eeprom_data  00000
__Lend_init                       end_init     00013
__Lfunctab                        functab      00000
__Lidloc                          idloc        00000
__Linit                           init         00013
__Lintentry                       intentry     00004
__Lmaintext                       maintext     00000
__Lpowerup                        powerup      00000
__Lram                            ram          00000
__Lreset_vec                      reset_vec    00000
__Lsfr0                           sfr0         00000
__Lsfr1                           sfr1         00000
__Lsfr10                          sfr10        00000
__Lsfr11                          sfr11        00000
__Lsfr12                          sfr12        00000
__Lsfr13                          sfr13        00000
__Lsfr14                          sfr14        00000
__Lsfr15                          sfr15        00000
__Lsfr16                          sfr16        00000
__Lsfr17                          sfr17        00000
__Lsfr18                          sfr18        00000
__Lsfr19                          sfr19        00000
__Lsfr2                           sfr2         00000
__Lsfr20                          sfr20        00000
__Lsfr21                          sfr21        00000
__Lsfr22                          sfr22        00000
__Lsfr23                          sfr23        00000
__Lsfr24                          sfr24        00000
__Lsfr25                          sfr25        00000
__Lsfr26                          sfr26        00000
__Lsfr27                          sfr27        00000
__Lsfr28                          sfr28        00000
__Lsfr29                          sfr29        00000
__Lsfr3                           sfr3         00000
__Lsfr30                          sfr30        00000
__Lsfr31                          sfr31        00000
__Lsfr4                           sfr4         00000
__Lsfr5                           sfr5         00000
__Lsfr6                           sfr6         00000
__Lsfr7                           sfr7         00000
__Lsfr8                           sfr8         00000
__Lsfr9                           sfr9         00000
__Lspace_0                        (abs)        00000
__Lspace_1                        (abs)        00000
__Lspace_2                        (abs)        00000
__Lspace_3                        (abs)        00000
__Lstack                          stack        00000
__Lstrings                        strings      00000
__Ltext                           text         00000
__S0                              (abs)        08009
__S1                              (abs)        000AA
__S2                              (abs)        00000
__S3                              (abs)        00000
___awtoft                         text20       00494
___awtoft@c                       cstackCOMMON 00078
___awtoft@sign                    cstackCOMMON 0007D
___ftmul                          text19       00022
___ftmul@cntr                     cstackBANK0  0002E
___ftmul@exp                      cstackBANK0  0002A
___ftmul@f1                       cstackBANK0  00020
___ftmul@f2                       cstackBANK0  00023
___ftmul@f3_as_product            cstackBANK0  0002B
___ftmul@sign                     cstackBANK0  0002F
___ftpack                         text21       0023A
___ftpack@arg                     cstackCOMMON 00070
___ftpack@exp                     cstackCOMMON 00073
___ftpack@sign                    cstackCOMMON 00074
___fttol                          text18       000D6
___fttol@exp1                     cstackBANK0  0003D
___fttol@f1                       cstackBANK0  00030
___fttol@lval                     cstackBANK0  00039
___fttol@sign1                    cstackBANK0  00038
___int_sp                         stack        00000
___latbits                        (abs)        00001
___lmul                           text14       003EC
___lmul@multiplicand              cstackCOMMON 00074
___lmul@multiplier                cstackCOMMON 00070
___lmul@product                   cstackCOMMON 00078
___sp                             stack        00000
__end_of_I2C_ack_check            text26       00494
__end_of_I2C_idle_check           text25       00522
__end_of_I2C_send_data            text24       0037F
__end_of_I_calc                   text17       0023A
__end_of_P_calc                   text16       003EC
__end_of___awtoft                 text20       004B4
__end_of___ftmul                  text19       000D6
__end_of___ftpack                 text21       0029A
__end_of___fttol                  text18       0015D
__end_of___lmul                   text14       0041B
__end_of__initialization          cinit        0001E
__end_of_adconv                   text12       00473
__end_of_calc                     text15       001D7
__end_of_current_conversion       text13       002F3
__end_of_get_current_limit        text23       00532
__end_of_init                     text2        00448
__end_of_init_I2C_master          text5        004FF
__end_of_init_PWM                 text4        004DE
__end_of_init_Timer4              text6        00518
__end_of_init_adcon               text3        0050D
__end_of_inter                    intentry     00013
__end_of_interrupt_I2C            text22       003BB
__end_of_interrupt_controller     text8        00340
__end_of_loop                     text1        0053A
__end_of_main                     maintext     00539
__end_of_measure                  text11       004EF
__end_of_output                   text10       004CB
__end_of_set_current_limit        text9        0052A
__initialization                  cinit        00015
__pbssBANK0                       bssBANK0     0005E
__pcstackBANK0                    cstackBANK0  00020
__pcstackBANK1                    cstackBANK1  000A0
__pcstackCOMMON                   cstackCOMMON 00070
__pintentry                       intentry     00004
__pmaintext                       maintext     00532
__ptext0                          text0        00000
__ptext1                          text1        00539
__ptext10                         text10       004B4
__ptext11                         text11       004DE
__ptext12                         text12       00448
__ptext13                         text13       0029A
__ptext14                         text14       003EC
__ptext15                         text15       0015D
__ptext16                         text16       003BB
__ptext17                         text17       001D7
__ptext18                         text18       000D6
__ptext19                         text19       00022
__ptext2                          text2        0041B
__ptext20                         text20       00494
__ptext21                         text21       0023A
__ptext22                         text22       0037F
__ptext23                         text23       0052A
__ptext24                         text24       00340
__ptext25                         text25       00518
__ptext26                         text26       00473
__ptext3                          text3        004FF
__ptext4                          text4        004CB
__ptext5                          text5        004EF
__ptext6                          text6        0050D
__ptext8                          text8        002F3
__ptext9                          text9        00522
__size_of_I2C_ack_check           (abs)        00000
__size_of_I2C_idle_check          (abs)        00000
__size_of_I2C_send_data           (abs)        00000
__size_of_I_calc                  (abs)        00000
__size_of_P_calc                  (abs)        00000
__size_of___awtoft                (abs)        00000
__size_of___ftmul                 (abs)        00000
__size_of___ftpack                (abs)        00000
__size_of___fttol                 (abs)        00000
__size_of___lmul                  (abs)        00000
__size_of_adconv                  (abs)        00000
__size_of_calc                    (abs)        00000
__size_of_current_conversion      (abs)        00000
__size_of_get_current_limit       (abs)        00000
__size_of_init                    (abs)        00000
__size_of_init_I2C_master         (abs)        00000
__size_of_init_PWM                (abs)        00000
__size_of_init_Timer4             (abs)        00000
__size_of_init_adcon              (abs)        00000
__size_of_inter                   (abs)        00000
__size_of_interrupt_I2C           (abs)        00000
__size_of_interrupt_controller    (abs)        00000
__size_of_loop                    (abs)        00000
__size_of_main                    (abs)        00000
__size_of_measure                 (abs)        00000
__size_of_output                  (abs)        00000
__size_of_set_current_limit       (abs)        00000
_adconv                           text12       00448
_calc                             text15       0015D
_calc$133                         cstackBANK0  0004E
_calc$134                         cstackBANK0  00050
_calc$135                         cstackBANK0  00052
_controller_current_limit         bssBANK0     00062
_current_conversion               text13       0029A
_get_current_limit                text23       0052A
_init                             text2        0041B
_init_I2C_master                  text5        004EF
_init_PWM                         text4        004CB
_init_Timer4                      text6        0050D
_init_adcon                       text3        004FF
_inter                            intentry     00004
_interrupt_I2C                    text22       0037F
_interrupt_controller             text8        002F3
_loop                             text1        00539
_main                             maintext     00532
_measure                          text11       004DE
_output                           text10       004B4
_set_current_limit                text9        00522
adconv@pin_select                 cstackCOMMON 00070
adconv@temp                       cstackCOMMON 00079
btemp                             (abs)        0007E
calc@mes                          cstackBANK0  00049
calc@output                       cstackBANK0  0004B
calc@ref                          cstackBANK0  00047
calc@res                          cstackBANK0  00054
current_conversion@current        cstackBANK0  00025
current_conversion@measured_value cstackCOMMON 0007C
end_of_initialization             cinit        0001E
init@i                            cstackBANK1  000A5
init_adcon@anselA                 cstackBANK1  000A0
init_adcon@anselB                 cstackBANK1  000A2
interrupt_I2C@counter             bssBANK0     00064
interrupt_I2C@data                cstackBANK0  00020
interrupt_I2C@send_data           cstackBANK0  00022
interrupt_controller@current      cstackBANK0  00059
interrupt_controller@out          cstackBANK0  0005B
interrupt_controller@volume       cstackBANK0  00057
intlevel0                         functab      00000
intlevel1                         functab      00000
intlevel2                         functab      00000
intlevel3                         functab      00000
intlevel4                         functab      00000
intlevel5                         functab      00000
ltemp                             (abs)        0007E
ltemp0                            (abs)        0007E
ltemp1                            (abs)        00082
ltemp2                            (abs)        00086
ltemp3                            (abs)        00080
measure@pin_select                cstackCOMMON 0007B
measure@value                     cstackCOMMON 0007D
output@out                        cstackCOMMON 00070
pic14e$flags                      (abs)        0007E
reset_vec                         reset_vec    00000
set_current_limit@current_limit   cstackCOMMON 00070
stackhi                           (abs)        0216F
stacklo                           (abs)        0205A
start                             init         00013
start_initialization              cinit        00015
ttemp                             (abs)        0007E
ttemp0                            (abs)        0007E
ttemp1                            (abs)        00081
ttemp2                            (abs)        00084
ttemp3                            (abs)        00087
ttemp4                            (abs)        0007F
wtemp                             (abs)        0007E
wtemp0                            (abs)        0007E
wtemp1                            (abs)        00080
wtemp2                            (abs)        00082
wtemp3                            (abs)        00084
wtemp4                            (abs)        00086
wtemp5                            (abs)        00088
wtemp6                            (abs)        0007F


FUNCTION INFORMATION:

 *************** function _main *****************
 Defined at:
		line 23 in file "main.c"
 Parameters:    Size  Location     Type
  argc            2    6[BANK1 ] int 
  argv            2    8[BANK1 ] PTR PTR unsigned char 
 Auto vars:     Size  Location     Type
		None
 Return value:  Size  Location     Type
                  2    6[BANK1 ] int 
 Registers used:
		wreg, status,2, status,0, pclath, cstack
 Tracked objects:
		On entry : 
		On exit  : 
		Unchanged: 
 Data sizes:     COMMON   BANK0   BANK1   BANK2   BANK3   BANK4
      Params:         0       0       4       0       0       0
      Locals:         0       0       0       0       0       0
      Temps:          0       0       0       0       0       0
      Totals:         0       0       4       0       0       0
Total ram usage:        4 bytes
 Hardware stack levels required when called:    9
 This function calls:
		_init
		_loop
 This function is called by:
		Startup code after reset
 This function uses a non-reentrant model


 *************** function _loop *****************
 Defined at:
		line 48 in file "main.c"
 Parameters:    Size  Location     Type
		None
 Auto vars:     Size  Location     Type
		None
 Return value:  Size  Location     Type
		None               void
 Registers used:
		None
 Tracked objects:
		On entry : 
		On exit  : 
		Unchanged: 
 Data sizes:     COMMON   BANK0   BANK1   BANK2   BANK3   BANK4
      Params:         0       0       0       0       0       0
      Locals:         0       0       0       0       0       0
      Temps:          0       0       0       0       0       0
      Totals:         0       0       0       0       0       0
Total ram usage:        0 bytes
 Hardware stack levels used:    1
 Hardware stack levels required when called:    6
 This function calls:
		Nothing
 This function is called by:
		_main
 This function uses a non-reentrant model


 *************** function _init *****************
 Defined at:
		line 33 in file "main.c"
 Parameters:    Size  Location     Type
		None
 Auto vars:     Size  Location     Type
  i               1    5[BANK1 ] unsigned char 
 Return value:  Size  Location     Type
		None               void
 Registers used:
		wreg, status,2, status,0, pclath, cstack
 Tracked objects:
		On entry : 
		On exit  : 
		Unchanged: 
 Data sizes:     COMMON   BANK0   BANK1   BANK2   BANK3   BANK4
      Params:         0       0       0       0       0       0
      Locals:         0       0       1       0       0       0
      Temps:          0       0       1       0       0       0
      Totals:         0       0       2       0       0       0
Total ram usage:        2 bytes
 Hardware stack levels used:    1
 Hardware stack levels required when called:    8
 This function calls:
		_init_I2C_master
		_init_PWM
		_init_adcon
 This function is called by:
		_main
 This function uses a non-reentrant model


 *************** function _init_adcon *****************
 Defined at:
		line 25 in file "adcon.c"
 Parameters:    Size  Location     Type
  anselA          2    0[BANK1 ] int 
  anselB          2    2[BANK1 ] int 
 Auto vars:     Size  Location     Type
		None
 Return value:  Size  Location     Type
		None               void
 Registers used:
		wreg
 Tracked objects:
		On entry : 
		On exit  : 
		Unchanged: 
 Data sizes:     COMMON   BANK0   BANK1   BANK2   BANK3   BANK4
      Params:         0       0       4       0       0       0
      Locals:         0       0       0       0       0       0
      Temps:          0       0       0       0       0       0
      Totals:         0       0       4       0       0       0
Total ram usage:        4 bytes
 Hardware stack levels used:    1
 Hardware stack levels required when called:    6
 This function calls:
		Nothing
 This function is called by:
		_init
 This function uses a non-reentrant model


 *************** function _init_PWM *****************
 Defined at:
		line 82 in file "controller.c"
 Parameters:    Size  Location     Type
		None
 Auto vars:     Size  Location     Type
		None
 Return value:  Size  Location     Type
		None               void
 Registers used:
		wreg, status,2
 Tracked objects:
		On entry : 
		On exit  : 
		Unchanged: 
 Data sizes:     COMMON   BANK0   BANK1   BANK2   BANK3   BANK4
      Params:         0       0       0       0       0       0
      Locals:         0       0       0       0       0       0
      Temps:          0       0       0       0       0       0
      Totals:         0       0       0       0       0       0
Total ram usage:        0 bytes
 Hardware stack levels used:    1
 Hardware stack levels required when called:    6
 This function calls:
		Nothing
 This function is called by:
		_init
 This function uses a non-reentrant model


 *************** function _init_I2C_master *****************
 Defined at:
		line 24 in file "I2C.c"
 Parameters:    Size  Location     Type
		None
 Auto vars:     Size  Location     Type
		None
 Return value:  Size  Location     Type
		None               void
 Registers used:
		wreg, status,2, status,0, pclath, cstack
 Tracked objects:
		On entry : 
		On exit  : 
		Unchanged: 
 Data sizes:     COMMON   BANK0   BANK1   BANK2   BANK3   BANK4
      Params:         0       0       0       0       0       0
      Locals:         0       0       0       0       0       0
      Temps:          0       0       0       0       0       0
      Totals:         0       0       0       0       0       0
Total ram usage:        0 bytes
 Hardware stack levels used:    1
 Hardware stack levels required when called:    7
 This function calls:
		_init_Timer4
 This function is called by:
		_init
 This function uses a non-reentrant model


 *************** function _init_Timer4 *****************
 Defined at:
		line 156 in file "I2C.c"
 Parameters:    Size  Location     Type
		None
 Auto vars:     Size  Location     Type
		None
 Return value:  Size  Location     Type
		None               void
 Registers used:
		wreg, status,2
 Tracked objects:
		On entry : 
		On exit  : 
		Unchanged: 
 Data sizes:     COMMON   BANK0   BANK1   BANK2   BANK3   BANK4
      Params:         0       0       0       0       0       0
      Locals:         0       0       0       0       0       0
      Temps:          0       0       0       0       0       0
      Totals:         0       0       0       0       0       0
Total ram usage:        0 bytes
 Hardware stack levels used:    1
 Hardware stack levels required when called:    6
 This function calls:
		Nothing
 This function is called by:
		_init_I2C_master
 This function uses a non-reentrant model


 *************** function _inter *****************
 Defined at:
		line 53 in file "main.c"
 Parameters:    Size  Location     Type
		None
 Auto vars:     Size  Location     Type
		None
 Return value:  Size  Location     Type
		None               void
 Registers used:
		wreg, fsr1l, fsr1h, status,2, status,0, pclath, cstack
 Tracked objects:
		On entry : 
		On exit  : 
		Unchanged: 
 Data sizes:     COMMON   BANK0   BANK1   BANK2   BANK3   BANK4
      Params:         0       0       0       0       0       0
      Locals:         0       0       0       0       0       0
      Temps:          0       1       0       0       0       0
      Totals:         0       1       0       0       0       0
Total ram usage:        1 bytes
 Hardware stack levels used:    1
 Hardware stack levels required when called:    5
 This function calls:
		_interrupt_I2C
		_interrupt_controller
 This function is called by:
		Interrupt level 1
 This function uses a non-reentrant model


 *************** function _interrupt_controller *****************
 Defined at:
		line 67 in file "controller.c"
 Parameters:    Size  Location     Type
		None
 Auto vars:     Size  Location     Type
  out             2   59[BANK0 ] int 
  current         2   57[BANK0 ] int 
  volume          2   55[BANK0 ] int 
 Return value:  Size  Location     Type
		None               void
 Registers used:
		wreg, fsr1l, fsr1h, status,2, status,0, pclath, cstack
 Tracked objects:
		On entry : 
		On exit  : 
		Unchanged: 
 Data sizes:     COMMON   BANK0   BANK1   BANK2   BANK3   BANK4
      Params:         0       0       0       0       0       0
      Locals:         0       6       0       0       0       0
      Temps:          0       1       0       0       0       0
      Totals:         0       7       0       0       0       0
Total ram usage:        7 bytes
 Hardware stack levels used:    1
 Hardware stack levels required when called:    4
 This function calls:
		_calc
		_current_conversion
		_measure
		_output
		_set_current_limit
 This function is called by:
		_inter
 This function uses a non-reentrant model


 *************** function _set_current_limit *****************
 Defined at:
		line 109 in file "controller.c"
 Parameters:    Size  Location     Type
  current_limi    2    0[COMMON] int 
 Auto vars:     Size  Location     Type
		None
 Return value:  Size  Location     Type
		None               void
 Registers used:
		wreg, status,2, status,0
 Tracked objects:
		On entry : 
		On exit  : 
		Unchanged: 
 Data sizes:     COMMON   BANK0   BANK1   BANK2   BANK3   BANK4
      Params:         2       0       0       0       0       0
      Locals:         0       0       0       0       0       0
      Temps:          0       0       0       0       0       0
      Totals:         2       0       0       0       0       0
Total ram usage:        2 bytes
 Hardware stack levels used:    1
 This function calls:
		Nothing
 This function is called by:
		_interrupt_controller
 This function uses a non-reentrant model


 *************** function _output *****************
 Defined at:
		line 61 in file "controller.c"
 Parameters:    Size  Location     Type
  out             2    0[COMMON] int 
 Auto vars:     Size  Location     Type
		None
 Return value:  Size  Location     Type
		None               void
 Registers used:
		wreg, status,2, status,0
 Tracked objects:
		On entry : 
		On exit  : 
		Unchanged: 
 Data sizes:     COMMON   BANK0   BANK1   BANK2   BANK3   BANK4
      Params:         2       0       0       0       0       0
      Locals:         0       0       0       0       0       0
      Temps:          2       0       0       0       0       0
      Totals:         4       0       0       0       0       0
Total ram usage:        4 bytes
 Hardware stack levels used:    1
 This function calls:
		Nothing
 This function is called by:
		_interrupt_controller
 This function uses a non-reentrant model


 *************** function _measure *****************
 Defined at:
		line 17 in file "controller.c"
 Parameters:    Size  Location     Type
  value           1    wreg     PTR int 
		 -> interrupt_controller@volume(2), interrupt_controller@current(2), 
  pin_select      2   11[COMMON] int 
 Auto vars:     Size  Location     Type
  value           1   13[COMMON] PTR int 
		 -> interrupt_controller@volume(2), interrupt_controller@current(2), 
 Return value:  Size  Location     Type
		None               void
 Registers used:
		wreg, fsr1l, fsr1h, status,2, status,0, pclath, cstack
 Tracked objects:
		On entry : 
		On exit  : 
		Unchanged: 
 Data sizes:     COMMON   BANK0   BANK1   BANK2   BANK3   BANK4
      Params:         2       0       0       0       0       0
      Locals:         1       0       0       0       0       0
      Temps:          0       0       0       0       0       0
      Totals:         3       0       0       0       0       0
Total ram usage:        3 bytes
 Hardware stack levels used:    1
 Hardware stack levels required when called:    1
 This function calls:
		_adconv
 This function is called by:
		_interrupt_controller
 This function uses a non-reentrant model


 *************** function _adconv *****************
 Defined at:
		line 13 in file "adcon.c"
 Parameters:    Size  Location     Type
  pin_select      2    0[COMMON] int 
 Auto vars:     Size  Location     Type
  temp            2    9[COMMON] int 
 Return value:  Size  Location     Type
                  2    0[COMMON] int 
 Registers used:
		wreg, status,2, status,0
 Tracked objects:
		On entry : 
		On exit  : 
		Unchanged: 
 Data sizes:     COMMON   BANK0   BANK1   BANK2   BANK3   BANK4
      Params:         2       0       0       0       0       0
      Locals:         2       0       0       0       0       0
      Temps:          7       0       0       0       0       0
      Totals:        11       0       0       0       0       0
Total ram usage:       11 bytes
 Hardware stack levels used:    1
 This function calls:
		Nothing
 This function is called by:
		_measure
 This function uses a non-reentrant model


 *************** function _current_conversion *****************
 Defined at:
		line 99 in file "controller.c"
 Parameters:    Size  Location     Type
  measured_val    2   12[COMMON] int 
 Auto vars:     Size  Location     Type
  current         2    5[BANK0 ] int 
 Return value:  Size  Location     Type
                  2   12[COMMON] int 
 Registers used:
		wreg, status,2, status,0, pclath, cstack
 Tracked objects:
		On entry : 
		On exit  : 
		Unchanged: 
 Data sizes:     COMMON   BANK0   BANK1   BANK2   BANK3   BANK4
      Params:         2       0       0       0       0       0
      Locals:         0       2       0       0       0       0
      Temps:          0       5       0       0       0       0
      Totals:         2       7       0       0       0       0
Total ram usage:        9 bytes
 Hardware stack levels used:    1
 Hardware stack levels required when called:    1
 This function calls:
		___lmul
 This function is called by:
		_interrupt_controller
 This function uses a non-reentrant model


 *************** function ___lmul *****************
 Defined at:
		line 15 in file "C:\isaka\application\compiler\xc\xc8\sources\common\Umul32.c"
 Parameters:    Size  Location     Type
  multiplier      4    0[COMMON] unsigned long 
  multiplicand    4    4[COMMON] unsigned long 
 Auto vars:     Size  Location     Type
  product         4    8[COMMON] unsigned long 
 Return value:  Size  Location     Type
                  4    0[COMMON] unsigned long 
 Registers used:
		wreg, status,2, status,0
 Tracked objects:
		On entry : 
		On exit  : 
		Unchanged: 
 Data sizes:     COMMON   BANK0   BANK1   BANK2   BANK3   BANK4
      Params:         8       0       0       0       0       0
      Locals:         4       0       0       0       0       0
      Temps:          0       0       0       0       0       0
      Totals:        12       0       0       0       0       0
Total ram usage:       12 bytes
 Hardware stack levels used:    1
 This function calls:
		Nothing
 This function is called by:
		_current_conversion
 This function uses a non-reentrant model


 *************** function _calc *****************
 Defined at:
		line 22 in file "controller.c"
 Parameters:    Size  Location     Type
  ref             2   39[BANK0 ] int 
  mes             2   41[BANK0 ] int 
  output          1   43[BANK0 ] PTR int 
		 -> interrupt_controller@out(2), 
 Auto vars:     Size  Location     Type
  res             2   52[BANK0 ] int 
 Return value:  Size  Location     Type
		None               void
 Registers used:
		wreg, fsr1l, fsr1h, status,2, status,0, pclath, cstack
 Tracked objects:
		On entry : 
		On exit  : 
		Unchanged: 
 Data sizes:     COMMON   BANK0   BANK1   BANK2   BANK3   BANK4
      Params:         0       5       0       0       0       0
      Locals:         0       8       0       0       0       0
      Temps:          0       2       0       0       0       0
      Totals:         0      15       0       0       0       0
Total ram usage:       15 bytes
 Hardware stack levels used:    1
 Hardware stack levels required when called:    3
 This function calls:
		_I_calc
		_P_calc
 This function is called by:
		_interrupt_controller
 This function uses a non-reentrant model


 *************** function _P_calc *****************
 Defined at:
		line 34 in file "controller.c"
 Parameters:    Size  Location     Type
  res             2   30[BANK0 ] int 
 Auto vars:     Size  Location     Type
  temp            2   32[BANK0 ] int 
 Return value:  Size  Location     Type
                  2   30[BANK0 ] int 
 Registers used:
		wreg, status,2, status,0, pclath, cstack
 Tracked objects:
		On entry : 
		On exit  : 
		Unchanged: 
 Data sizes:     COMMON   BANK0   BANK1   BANK2   BANK3   BANK4
      Params:         0       2       0       0       0       0
      Locals:         0       2       0       0       0       0
      Temps:          0       0       0       0       0       0
      Totals:         0       4       0       0       0       0
Total ram usage:        4 bytes
 Hardware stack levels used:    1
 Hardware stack levels required when called:    2
 This function calls:
		___awtoft
		___ftmul
		___fttol
 This function is called by:
		_calc
 This function uses a non-reentrant model


 *************** function _I_calc *****************
 Defined at:
		line 41 in file "controller.c"
 Parameters:    Size  Location     Type
  res             2   30[BANK0 ] int 
 Auto vars:     Size  Location     Type
  temp            2   33[BANK0 ] int 
 Return value:  Size  Location     Type
                  2   30[BANK0 ] int 
 Registers used:
		wreg, status,2, status,0, pclath, cstack
 Tracked objects:
		On entry : 
		On exit  : 
		Unchanged: 
 Data sizes:     COMMON   BANK0   BANK1   BANK2   BANK3   BANK4
      Params:         0       2       0       0       0       0
      Locals:         0       6       0       0       0       0
      Temps:          0       1       0       0       0       0
      Totals:         0       9       0       0       0       0
Total ram usage:        9 bytes
 Hardware stack levels used:    1
 Hardware stack levels required when called:    2
 This function calls:
		___awtoft
		___ftmul
		___fttol
 This function is called by:
		_calc
 This function uses a non-reentrant model


 *************** function ___fttol *****************
 Defined at:
		line 44 in file "C:\isaka\application\compiler\xc\xc8\sources\common\fttol.c"
 Parameters:    Size  Location     Type
  f1              3   16[BANK0 ] float 
 Auto vars:     Size  Location     Type
  lval            4   25[BANK0 ] unsigned long 
  exp1            1   29[BANK0 ] unsigned char 
  sign1           1   24[BANK0 ] unsigned char 
 Return value:  Size  Location     Type
                  4   16[BANK0 ] long 
 Registers used:
		wreg, status,2, status,0
 Tracked objects:
		On entry : 
		On exit  : 
		Unchanged: 
 Data sizes:     COMMON   BANK0   BANK1   BANK2   BANK3   BANK4
      Params:         0       4       0       0       0       0
      Locals:         0       6       0       0       0       0
      Temps:          0       4       0       0       0       0
      Totals:         0      14       0       0       0       0
Total ram usage:       14 bytes
 Hardware stack levels used:    1
 This function calls:
		Nothing
 This function is called by:
		_P_calc
		_I_calc
		_D_calc
 This function uses a non-reentrant model


 *************** function ___ftmul *****************
 Defined at:
		line 62 in file "C:\isaka\application\compiler\xc\xc8\sources\common\ftmul.c"
 Parameters:    Size  Location     Type
  f1              3    0[BANK0 ] float 
  f2              3    3[BANK0 ] float 
 Auto vars:     Size  Location     Type
  f3_as_produc    3   11[BANK0 ] unsigned um
  sign            1   15[BANK0 ] unsigned char 
  cntr            1   14[BANK0 ] unsigned char 
  exp             1   10[BANK0 ] unsigned char 
 Return value:  Size  Location     Type
                  3    0[BANK0 ] float 
 Registers used:
		wreg, status,2, status,0, pclath, cstack
 Tracked objects:
		On entry : 
		On exit  : 
		Unchanged: 
 Data sizes:     COMMON   BANK0   BANK1   BANK2   BANK3   BANK4
      Params:         0       6       0       0       0       0
      Locals:         0       6       0       0       0       0
      Temps:          0       4       0       0       0       0
      Totals:         0      16       0       0       0       0
Total ram usage:       16 bytes
 Hardware stack levels used:    1
 Hardware stack levels required when called:    1
 This function calls:
		___ftpack
 This function is called by:
		_P_calc
		_I_calc
		_D_calc
 This function uses a non-reentrant model


 *************** function ___awtoft *****************
 Defined at:
		line 32 in file "C:\isaka\application\compiler\xc\xc8\sources\common\awtoft.c"
 Parameters:    Size  Location     Type
  c               2    8[COMMON] int 
 Auto vars:     Size  Location     Type
  sign            1   13[COMMON] unsigned char 
 Return value:  Size  Location     Type
                  3    8[COMMON] float 
 Registers used:
		wreg, status,2, status,0, pclath, cstack
 Tracked objects:
		On entry : 
		On exit  : 
		Unchanged: 
 Data sizes:     COMMON   BANK0   BANK1   BANK2   BANK3   BANK4
      Params:         3       0       0       0       0       0
      Locals:         1       0       0       0       0       0
      Temps:          2       0       0       0       0       0
      Totals:         6       0       0       0       0       0
Total ram usage:        6 bytes
 Hardware stack levels used:    1
 Hardware stack levels required when called:    1
 This function calls:
		___ftpack
 This function is called by:
		_P_calc
		_I_calc
		_D_calc
 This function uses a non-reentrant model


 *************** function ___ftpack *****************
 Defined at:
		line 62 in file "C:\isaka\application\compiler\xc\xc8\sources\common\float.c"
 Parameters:    Size  Location     Type
  arg             3    0[COMMON] unsigned um
  exp             1    3[COMMON] unsigned char 
  sign            1    4[COMMON] unsigned char 
 Auto vars:     Size  Location     Type
		None
 Return value:  Size  Location     Type
                  3    0[COMMON] float 
 Registers used:
		wreg, status,2, status,0
 Tracked objects:
		On entry : 
		On exit  : 
		Unchanged: 
 Data sizes:     COMMON   BANK0   BANK1   BANK2   BANK3   BANK4
      Params:         5       0       0       0       0       0
      Locals:         0       0       0       0       0       0
      Temps:          3       0       0       0       0       0
      Totals:         8       0       0       0       0       0
Total ram usage:        8 bytes
 Hardware stack levels used:    1
 This function calls:
		Nothing
 This function is called by:
		___awtoft
		___ftmul
 This function uses a non-reentrant model


 *************** function _interrupt_I2C *****************
 Defined at:
		line 89 in file "I2C.c"
 Parameters:    Size  Location     Type
		None
 Auto vars:     Size  Location     Type
  data            2    0[BANK0 ] int 
  send_data       1    2[BANK0 ] unsigned char 
 Return value:  Size  Location     Type
		None               void
 Registers used:
		wreg, fsr1l, fsr1h, status,2, status,0, pclath, cstack
 Tracked objects:
		On entry : 
		On exit  : 
		Unchanged: 
 Data sizes:     COMMON   BANK0   BANK1   BANK2   BANK3   BANK4
      Params:         0       0       0       0       0       0
      Locals:         0       3       0       0       0       0
      Temps:          3       0       0       0       0       0
      Totals:         3       3       0       0       0       0
Total ram usage:        6 bytes
 Hardware stack levels used:    1
 Hardware stack levels required when called:    2
 This function calls:
		_I2C_send_data
		_get_current_limit
 This function is called by:
		_inter
 This function uses a non-reentrant model


 *************** function _get_current_limit *****************
 Defined at:
		line 113 in file "controller.c"
 Parameters:    Size  Location     Type
		None
 Auto vars:     Size  Location     Type
		None
 Return value:  Size  Location     Type
                  2    0[COMMON] int 
 Registers used:
		wreg, status,2, status,0
 Tracked objects:
		On entry : 
		On exit  : 
		Unchanged: 
 Data sizes:     COMMON   BANK0   BANK1   BANK2   BANK3   BANK4
      Params:         2       0       0       0       0       0
      Locals:         0       0       0       0       0       0
      Temps:          0       0       0       0       0       0
      Totals:         2       0       0       0       0       0
Total ram usage:        2 bytes
 Hardware stack levels used:    1
 This function calls:
		Nothing
 This function is called by:
		_interrupt_I2C
 This function uses a non-reentrant model


 *************** function _I2C_send_data *****************
 Defined at:
		line 65 in file "I2C.c"
 Parameters:    Size  Location     Type
  addr            1    wreg     unsigned char 
  data            1    4[COMMON] PTR unsigned char 
		 -> interrupt_I2C@send_data(1), 
  length          2    5[COMMON] int 
 Auto vars:     Size  Location     Type
  addr            1    8[COMMON] unsigned char 
  i               2    9[COMMON] int 
 Return value:  Size  Location     Type
		None               void
 Registers used:
		wreg, fsr1l, fsr1h, status,2, status,0, pclath, cstack
 Tracked objects:
		On entry : 
		On exit  : 
		Unchanged: 
 Data sizes:     COMMON   BANK0   BANK1   BANK2   BANK3   BANK4
      Params:         3       0       0       0       0       0
      Locals:         3       0       0       0       0       0
      Temps:          1       0       0       0       0       0
      Totals:         7       0       0       0       0       0
Total ram usage:        7 bytes
 Hardware stack levels used:    1
 Hardware stack levels required when called:    1
 This function calls:
		_I2C_ack_check
		_I2C_idle_check
 This function is called by:
		_interrupt_I2C
 This function uses a non-reentrant model


 *************** function _I2C_idle_check *****************
 Defined at:
		line 39 in file "I2C.c"
 Parameters:    Size  Location     Type
		None
 Auto vars:     Size  Location     Type
		None
 Return value:  Size  Location     Type
		None               void
 Registers used:
		wreg, status,2, status,0
 Tracked objects:
		On entry : 
		On exit  : 
		Unchanged: 
 Data sizes:     COMMON   BANK0   BANK1   BANK2   BANK3   BANK4
      Params:         0       0       0       0       0       0
      Locals:         0       0       0       0       0       0
      Temps:          1       0       0       0       0       0
      Totals:         1       0       0       0       0       0
Total ram usage:        1 bytes
 Hardware stack levels used:    1
 This function calls:
		Nothing
 This function is called by:
		_I2C_send_data
 This function uses a non-reentrant model


 *************** function _I2C_ack_check *****************
 Defined at:
		line 49 in file "I2C.c"
 Parameters:    Size  Location     Type
		None
 Auto vars:     Size  Location     Type
  i               2    2[COMMON] unsigned int 
 Return value:  Size  Location     Type
                  2    0[COMMON] int 
 Registers used:
		wreg, status,2
 Tracked objects:
		On entry : 
		On exit  : 
		Unchanged: 
 Data sizes:     COMMON   BANK0   BANK1   BANK2   BANK3   BANK4
      Params:         2       0       0       0       0       0
      Locals:         2       0       0       0       0       0
      Temps:          0       0       0       0       0       0
      Totals:         4       0       0       0       0       0
Total ram usage:        4 bytes
 Hardware stack levels used:    1
 This function calls:
		Nothing
 This function is called by:
		_I2C_send_data
 This function uses a non-reentrant model



MODULE INFORMATION

Module		Function		Class		Link	Load	Size
adcon.c
		_init_adcon    		CODE           	04FF	0000	14
		_adconv        		CODE           	0448	0000	43

adcon.c estimated size: 57

C:\isaka\application\compiler\xc\xc8\sources\common\float.c
		___ftpack      		CODE           	023A	0000	96

C:\isaka\application\compiler\xc\xc8\sources\common\float.c estimated size: 96

I2C.c
		_I2C_idle_check		CODE           	0518	0000	10
		_I2C_send_data 		CODE           	0340	0000	63
		_I2C_ack_check 		CODE           	0473	0000	33
		_init_I2C_maste		CODE           	04EF	0000	16
		_init_Timer4   		CODE           	050D	0000	11
		_interrupt_I2C 		CODE           	037F	0000	60

I2C.c estimated size: 193

C:\isaka\application\compiler\xc\xc8\sources\common\Umul32.c
		___lmul        		CODE           	03EC	0000	47

C:\isaka\application\compiler\xc\xc8\sources\common\Umul32.c estimated size: 47

C:\isaka\application\compiler\xc\xc8\sources\common\ftmul.c
		___ftmul       		CODE           	0022	0000	180

C:\isaka\application\compiler\xc\xc8\sources\common\ftmul.c estimated size: 180

C:\isaka\application\compiler\xc\xc8\sources\common\awtoft.c
		___awtoft      		CODE           	0494	0000	32

C:\isaka\application\compiler\xc\xc8\sources\common\awtoft.c estimated size: 32

shared
		__initializatio		CODE           	0015	0000	9

shared estimated size: 9

controller.c
		_current_conver		CODE           	029A	0000	89
		_I_calc        		CODE           	01D7	0000	99
		_P_calc        		CODE           	03BB	0000	49
		_measure       		CODE           	04DE	0000	17
		_calc          		CODE           	015D	0000	122
		_interrupt_cont		CODE           	02F3	0000	77
		_output        		CODE           	04B4	0000	23
		_get_current_li		CODE           	052A	0000	8
		_set_current_li		CODE           	0522	0000	8
		_init_PWM      		CODE           	04CB	0000	19

controller.c estimated size: 511

C:\isaka\application\compiler\xc\xc8\sources\common\fttol.c
		___fttol       		CODE           	00D6	0000	135

C:\isaka\application\compiler\xc\xc8\sources\common\fttol.c estimated size: 135

main.c
		_loop          		CODE           	0539	0000	1
		_init          		CODE           	041B	0000	45
		_main          		CODE           	0532	0000	7
		_inter         		CODE           	0004	0000	15

main.c estimated size: 68

